Archive member included because of file (symbol)

c:/infineon/tools/dave ide/4.5.0.202105191637/eclipse/arm-gcc-49/bin/../lib/gcc/arm-none-eabi/4.9.3/../../../../arm-none-eabi/lib/armv7e-m/softfp\libm.a(lib_a-w_log.o)
                              ./InputCapture/temp_sensors.o (log)
c:/infineon/tools/dave ide/4.5.0.202105191637/eclipse/arm-gcc-49/bin/../lib/gcc/arm-none-eabi/4.9.3/../../../../arm-none-eabi/lib/armv7e-m/softfp\libm.a(lib_a-e_log.o)
                              c:/infineon/tools/dave ide/4.5.0.202105191637/eclipse/arm-gcc-49/bin/../lib/gcc/arm-none-eabi/4.9.3/../../../../arm-none-eabi/lib/armv7e-m/softfp\libm.a(lib_a-w_log.o) (__ieee754_log)
c:/infineon/tools/dave ide/4.5.0.202105191637/eclipse/arm-gcc-49/bin/../lib/gcc/arm-none-eabi/4.9.3/../../../../arm-none-eabi/lib/armv7e-m/softfp\libm.a(lib_a-s_fpclassify.o)
                              c:/infineon/tools/dave ide/4.5.0.202105191637/eclipse/arm-gcc-49/bin/../lib/gcc/arm-none-eabi/4.9.3/../../../../arm-none-eabi/lib/armv7e-m/softfp\libm.a(lib_a-w_log.o) (__fpclassifyd)
c:/infineon/tools/dave ide/4.5.0.202105191637/eclipse/arm-gcc-49/bin/../lib/gcc/arm-none-eabi/4.9.3/../../../../arm-none-eabi/lib/armv7e-m/softfp\libm.a(lib_a-s_lib_ver.o)
                              c:/infineon/tools/dave ide/4.5.0.202105191637/eclipse/arm-gcc-49/bin/../lib/gcc/arm-none-eabi/4.9.3/../../../../arm-none-eabi/lib/armv7e-m/softfp\libm.a(lib_a-w_log.o) (__fdlib_version)
c:/infineon/tools/dave ide/4.5.0.202105191637/eclipse/arm-gcc-49/bin/../lib/gcc/arm-none-eabi/4.9.3/../../../../arm-none-eabi/lib/armv7e-m/softfp\libm.a(lib_a-s_matherr.o)
                              c:/infineon/tools/dave ide/4.5.0.202105191637/eclipse/arm-gcc-49/bin/../lib/gcc/arm-none-eabi/4.9.3/../../../../arm-none-eabi/lib/armv7e-m/softfp\libm.a(lib_a-w_log.o) (matherr)
c:/infineon/tools/dave ide/4.5.0.202105191637/eclipse/arm-gcc-49/bin/../lib/gcc/arm-none-eabi/4.9.3/../../../../arm-none-eabi/lib/armv7e-m/softfp\libm.a(lib_a-s_nan.o)
                              c:/infineon/tools/dave ide/4.5.0.202105191637/eclipse/arm-gcc-49/bin/../lib/gcc/arm-none-eabi/4.9.3/../../../../arm-none-eabi/lib/armv7e-m/softfp\libm.a(lib_a-w_log.o) (nan)
c:/infineon/tools/dave ide/4.5.0.202105191637/eclipse/arm-gcc-49/bin/../lib/gcc/arm-none-eabi/4.9.3/armv7e-m/softfp\libgcc.a(_arm_addsubdf3.o)
                              ./Can_Devices/can_matrix_hvac.o (__aeabi_dsub)
c:/infineon/tools/dave ide/4.5.0.202105191637/eclipse/arm-gcc-49/bin/../lib/gcc/arm-none-eabi/4.9.3/armv7e-m/softfp\libgcc.a(_arm_muldivdf3.o)
                              ./VCU_OUT/ADS7961_LIB_2.o (__aeabi_dmul)
c:/infineon/tools/dave ide/4.5.0.202105191637/eclipse/arm-gcc-49/bin/../lib/gcc/arm-none-eabi/4.9.3/armv7e-m/softfp\libgcc.a(_arm_cmpdf2.o)
                              c:/infineon/tools/dave ide/4.5.0.202105191637/eclipse/arm-gcc-49/bin/../lib/gcc/arm-none-eabi/4.9.3/../../../../arm-none-eabi/lib/armv7e-m/softfp\libm.a(lib_a-w_log.o) (__aeabi_dcmpeq)
c:/infineon/tools/dave ide/4.5.0.202105191637/eclipse/arm-gcc-49/bin/../lib/gcc/arm-none-eabi/4.9.3/armv7e-m/softfp\libgcc.a(_arm_fixdfsi.o)
                              ./Can_Devices/can_matrix_mc_curtis.o (__aeabi_d2iz)
c:/infineon/tools/dave ide/4.5.0.202105191637/eclipse/arm-gcc-49/bin/../lib/gcc/arm-none-eabi/4.9.3/armv7e-m/softfp\libgcc.a(_arm_fixunsdfsi.o)
                              ./Can_Devices/can_matrix_mc_curtis.o (__aeabi_d2uiz)
c:/infineon/tools/dave ide/4.5.0.202105191637/eclipse/arm-gcc-49/bin/../lib/gcc/arm-none-eabi/4.9.3/armv7e-m/softfp\libgcc.a(_arm_truncdfsf2.o)
                              ./VCU_OUT/ADS7961_LIB_2.o (__aeabi_d2f)
c:/infineon/tools/dave ide/4.5.0.202105191637/eclipse/arm-gcc-49/bin/../lib/gcc/arm-none-eabi/4.9.3/armv7e-m/softfp\libgcc.a(_aeabi_uldivmod.o)
                              ./Dave/Generated/TIMER/timer.o (__aeabi_uldivmod)
c:/infineon/tools/dave ide/4.5.0.202105191637/eclipse/arm-gcc-49/bin/../lib/gcc/arm-none-eabi/4.9.3/armv7e-m/softfp\libgcc.a(bpabi.o)
                              c:/infineon/tools/dave ide/4.5.0.202105191637/eclipse/arm-gcc-49/bin/../lib/gcc/arm-none-eabi/4.9.3/armv7e-m/softfp\libgcc.a(_aeabi_uldivmod.o) (__gnu_uldivmod_helper)
c:/infineon/tools/dave ide/4.5.0.202105191637/eclipse/arm-gcc-49/bin/../lib/gcc/arm-none-eabi/4.9.3/armv7e-m/softfp\libgcc.a(_dvmd_tls.o)
                              c:/infineon/tools/dave ide/4.5.0.202105191637/eclipse/arm-gcc-49/bin/../lib/gcc/arm-none-eabi/4.9.3/armv7e-m/softfp\libgcc.a(_aeabi_uldivmod.o) (__aeabi_ldiv0)
c:/infineon/tools/dave ide/4.5.0.202105191637/eclipse/arm-gcc-49/bin/../lib/gcc/arm-none-eabi/4.9.3/armv7e-m/softfp\libgcc.a(_divdi3.o)
                              c:/infineon/tools/dave ide/4.5.0.202105191637/eclipse/arm-gcc-49/bin/../lib/gcc/arm-none-eabi/4.9.3/armv7e-m/softfp\libgcc.a(bpabi.o) (__divdi3)
c:/infineon/tools/dave ide/4.5.0.202105191637/eclipse/arm-gcc-49/bin/../lib/gcc/arm-none-eabi/4.9.3/armv7e-m/softfp\libgcc.a(_udivdi3.o)
[...]
Memory Configuration

Name             Origin             Length             Attributes
FLASH_1_cached   0x08000000         0x00200000         xr
FLASH_1_uncached 0x0c000000         0x00200000         xr
PSRAM_1          0x1ffe8000         0x00018000         !xr
DSRAM_1_system   0x20000000         0x00020000         !xr
DSRAM_2_comm     0x20020000         0x00020000         !xr
SRAM_combined    0x1ffe8000         0x00058000         !xr
*default*        0x00000000         0xffffffff

Linker script and memory map

LOAD ./timer_manager/timer_manager.o
LOAD ./state_detect_action/state_IG1.o
LOAD ./VCU_PROCESS/Faults_Process.o
LOAD ./VCU_PROCESS/RTC.o
LOAD ./VCU_PROCESS/State1_Process.o
LOAD ./VCU_PROCESS/State2_Process.o
LOAD ./VCU_PROCESS/Vcu_Process.o
LOAD ./VCU_PROCESS/init_hw.o
LOAD ./VCU_OUT/ADS7961_LIB_2.o
LOAD ./VCU_OUT/State_1.o
LOAD ./VCU_OUT/State_2.o
LOAD ./VCU_OUT/Vcu_Out.o
LOAD ./Startup/startup_XMC4700.o
LOAD ./Startup/system_XMC4700.o
LOAD ./Libraries/XMCLib/src/xmc4_eru.o
LOAD ./Libraries/XMCLib/src/xmc4_flash.o
LOAD ./Libraries/XMCLib/src/xmc4_gpio.o
LOAD ./Libraries/XMCLib/src/xmc4_rtc.o
LOAD ./Libraries/XMCLib/src/xmc4_scu.o
LOAD ./Libraries/XMCLib/src/xmc_can.o
LOAD ./Libraries/XMCLib/src/xmc_ccu4.o
LOAD ./Libraries/XMCLib/src/xmc_ccu8.o
LOAD ./Libraries/XMCLib/src/xmc_common.o
LOAD ./Libraries/XMCLib/src/xmc_dac.o
LOAD ./Libraries/XMCLib/src/xmc_dma.o
LOAD ./Libraries/XMCLib/src/xmc_dsd.o
LOAD ./Libraries/XMCLib/src/xmc_ebu.o
LOAD ./Libraries/XMCLib/src/xmc_ecat.o
LOAD ./Libraries/XMCLib/src/xmc_eru.o
LOAD ./Libraries/XMCLib/src/xmc_eth_mac.o
LOAD ./Libraries/XMCLib/src/xmc_eth_phy_dp83848.o
LOAD ./Libraries/XMCLib/src/xmc_eth_phy_ksz8031rnl.o
LOAD ./Libraries/XMCLib/src/xmc_eth_phy_ksz8081rnb.o
LOAD ./Libraries/XMCLib/src/xmc_fce.o
LOAD ./Libraries/XMCLib/src/xmc_gpio.o
LOAD ./Libraries/XMCLib/src/xmc_hrpwm.o
LOAD ./Libraries/XMCLib/src/xmc_i2c.o
LOAD ./Libraries/XMCLib/src/xmc_i2s.o
LOAD ./Libraries/XMCLib/src/xmc_ledts.o
LOAD ./Libraries/XMCLib/src/xmc_posif.o
LOAD ./Libraries/XMCLib/src/xmc_rtc.o
LOAD ./Libraries/XMCLib/src/xmc_sdmmc.o
LOAD ./Libraries/XMCLib/src/xmc_spi.o
LOAD ./Libraries/XMCLib/src/xmc_uart.o
LOAD ./Libraries/XMCLib/src/xmc_usbd.o
LOAD ./Libraries/XMCLib/src/xmc_usbh.o
LOAD ./Libraries/XMCLib/src/xmc_usic.o
LOAD ./Libraries/XMCLib/src/xmc_vadc.o
LOAD ./Libraries/XMCLib/src/xmc_wdt.o
LOAD ./Libraries/Newlib/syscalls.o
LOAD ./InputCapture/IOExp_lib.o
LOAD ./InputCapture/InputCapture.o
LOAD ./InputCapture/State_1_InputCapture.o
LOAD ./InputCapture/State_2_InputCapture.o
LOAD ./InputCapture/temp_sensors.o
LOAD ./Dave/Generated/WATCHDOG/watchdog.o
LOAD ./Dave/Generated/WATCHDOG/watchdog_conf.o
LOAD ./Dave/Generated/UART/uart.o
LOAD ./Dave/Generated/UART/uart_conf.o
LOAD ./Dave/Generated/TIMER/timer.o
LOAD ./Dave/Generated/TIMER/timer_conf.o
LOAD ./Dave/Generated/SYSTIMER/systimer.o
LOAD ./Dave/Generated/SYSTIMER/systimer_conf.o
LOAD ./Dave/Generated/SPI_MASTER/spi_master.o
LOAD ./Dave/Generated/SPI_MASTER/spi_master_conf.o
LOAD ./Dave/Generated/SDMMC_BLOCK/sdmmc_block.o
LOAD ./Dave/Generated/SDMMC_BLOCK/sdmmc_block_conf.o
LOAD ./Dave/Generated/SDMMC_BLOCK/sdmmc_block_private_spi.o
LOAD ./Dave/Generated/RTC/rtc.o
LOAD ./Dave/Generated/RTC/rtc_conf.o
LOAD ./Dave/Generated/INTERRUPT/interrupt.o
LOAD ./Dave/Generated/INTERRUPT/interrupt_conf.o
LOAD ./Dave/Generated/I2C_MASTER/i2c_master.o
LOAD ./Dave/Generated/I2C_MASTER/i2c_master_conf.o
LOAD ./Dave/Generated/GLOBAL_DMA/global_dma.o
LOAD ./Dave/Generated/GLOBAL_DMA/global_dma_conf.o
LOAD ./Dave/Generated/GLOBAL_CCU8/global_ccu8.o
LOAD ./Dave/Generated/GLOBAL_CCU8/global_ccu8_conf.o
LOAD ./Dave/Generated/GLOBAL_CCU4/global_ccu4.o
LOAD ./Dave/Generated/GLOBAL_CCU4/global_ccu4_conf.o
LOAD ./Dave/Generated/GLOBAL_CAN/global_can.o
LOAD ./Dave/Generated/GLOBAL_CAN/global_can_conf.o
LOAD ./Dave/Generated/FATFS/ff_Src/ff.o
LOAD ./Dave/Generated/FATFS/ff_Src/ffsystem.o
LOAD ./Dave/Generated/FATFS/ff_Src/ffunicode.o
LOAD ./Dave/Generated/FATFS/fatfs.o
LOAD ./Dave/Generated/FATFS/fatfs_conf.o
LOAD ./Dave/Generated/FATFS/sltha.o
LOAD ./Dave/Generated/DIGITAL_IO/digital_io.o
LOAD ./Dave/Generated/DIGITAL_IO/digital_io_conf.o
LOAD ./Dave/Generated/CPU_CTRL_XMC4/cpu_ctrl_xmc4.o
LOAD ./Dave/Generated/CPU_CTRL_XMC4/cpu_ctrl_xmc4_conf.o
LOAD ./Dave/Generated/CLOCK_XMC4/clock_xmc4.o
LOAD ./Dave/Generated/CLOCK_XMC4/clock_xmc4_conf.o
LOAD ./Dave/Generated/CAN_NODE/can_node.o
LOAD ./Dave/Generated/CAN_NODE/can_node_conf.o
LOAD ./Dave/Generated/DAVE.o
LOAD ./Can_Devices/OBD_II.o
LOAD ./Can_Devices/can_matrix_bms.o
LOAD ./Can_Devices/can_matrix_bms_29bit.o
LOAD ./Can_Devices/can_matrix_cluster.o
LOAD ./Can_Devices/can_matrix_eps.o
LOAD ./Can_Devices/can_matrix_hvac.o
LOAD ./Can_Devices/can_matrix_mc_curtis.o
LOAD ./Can_Devices/can_matrix_mc_gtake.o
LOAD ./Can_Devices/can_matrix_mc_gtake_29bit.o
LOAD ./Can_Devices/can_matrix_mc_irp.o
LOAD ./Can_Devices/can_matrix_obc_madhura.o
LOAD ./Can_Devices/can_matrix_obc_triphase.o
LOAD ./4g_module/4g_data_process.o
LOAD ./4g_module/GPS.o
LOAD ./4g_module/V26_10sec_fleet.pb.o
LOAD ./4g_module/at_handler.o
LOAD ./4g_module/comman.o
LOAD ./4g_module/mdm_handler.o
LOAD ./4g_module/pb_common.o
LOAD ./4g_module/pb_encode.o
LOAD ./4g_module/sd_card.o
LOAD ./Vcu_Init.o
LOAD ./main.o
LOAD c:/infineon/tools/dave ide/4.5.0.202105191637/eclipse/arm-gcc-49/bin/../lib/gcc/arm-none-eabi/4.9.3/../../../../arm-none-eabi/lib/armv7e-m/softfp\libm.a
START GROUP
LOAD c:/infineon/tools/dave ide/4.5.0.202105191637/eclipse/arm-gcc-49/bin/../lib/gcc/arm-none-eabi/4.9.3/armv7e-m/softfp\libgcc.a
LOAD c:/infineon/tools/dave ide/4.5.0.202105191637/eclipse/arm-gcc-49/bin/../lib/gcc/arm-none-eabi/4.9.3/../../../../arm-none-eabi/lib/armv7e-m/softfp\libg_nano.a
LOAD c:/infineon/tools/dave ide/4.5.0.202105191637/eclipse/arm-gcc-49/bin/../lib/gcc/arm-none-eabi/4.9.3/../../../../arm-none-eabi/lib/armv7e-m/softfp\libc_nano.a
END GROUP
START GROUP
LOAD c:/infineon/tools/dave ide/4.5.0.202105191637/eclipse/arm-gcc-49/bin/../lib/gcc/arm-none-eabi/4.9.3/armv7e-m/softfp\libgcc.a
LOAD c:/infineon/tools/dave ide/4.5.0.202105191637/eclipse/arm-gcc-49/bin/../lib/gcc/arm-none-eabi/4.9.3/../../../../arm-none-eabi/lib/armv7e-m/softfp\libc_nano.a
LOAD c:/infineon/tools/dave ide/4.5.0.202105191637/eclipse/arm-gcc-49/bin/../lib/gcc/arm-none-eabi/4.9.3/../../../../arm-none-eabi/lib/armv7e-m/softfp\libnosys.a
END GROUP
START GROUP
LOAD c:/infineon/tools/dave ide/4.5.0.202105191637/eclipse/arm-gcc-49/bin/../lib/gcc/arm-none-eabi/4.9.3/armv7e-m/softfp\libgcc.a
LOAD c:/infineon/tools/dave ide/4.5.0.202105191637/eclipse/arm-gcc-49/bin/../lib/gcc/arm-none-eabi/4.9.3/../../../../arm-none-eabi/lib/armv7e-m/softfp\libc_nano.a
LOAD c:/infineon/tools/dave ide/4.5.0.202105191637/eclipse/arm-gcc-49/bin/../lib/gcc/arm-none-eabi/4.9.3/../../../../arm-none-eabi/lib/armv7e-m/softfp\libnosys.a
END GROUP
                0x00000800                stack_size = DEFINED (stack_size)?stack_size:0x800
                0x00000040                no_init_size = 0x40

.text           0x08000000    0x145c4 load address 0x0c000000
                0x08000000                sText = .
 *(.reset)
 .reset         0x08000000      0x29c ./Startup/startup_XMC4700.o
                0x08000000                __Vectors
                0x08000200                Reset_Handler
                0x08000298                DSD0_7_IRQHandler
                0x08000298                DebugMon_Handler
                0x08000298                VADC0_C0_0_IRQHandler
                0x08000298                CAN0_4_IRQHandler
                0x08000298                VADC0_G2_0_IRQHandler
                0x08000298                USIC0_5_IRQHandler
                0x08000298                POSIF0_0_IRQHandler
                0x08000298                POSIF1_0_IRQHandler
                0x08000298                HardFault_Handler
                0x08000298                VADC0_G1_1_IRQHandler
                0x08000298                PendSV_Handler
                0x08000298                USIC1_3_IRQHandler
                0x08000298                CCU40_2_IRQHandler
                0x08000298                SCU_0_IRQHandler
                0x08000298                ERU0_0_IRQHandler
                0x08000298                CCU41_0_IRQHandler
                0x08000298                USIC1_5_IRQHandler
                0x08000298                DSD0_4_IRQHandler
                0x08000298                CCU80_1_IRQHandler
                0x08000298                UsageFault_Handler
                0x08000298                USIC0_0_IRQHandler
                0x08000298                POSIF1_1_IRQHandler
                0x08000298                ERU0_2_IRQHandler
                0x08000298                CCU81_1_IRQHandler
                0x08000298                ERU1_1_IRQHandler
                0x08000298                VADC0_G2_3_IRQHandler
                0x08000298                VADC0_G2_2_IRQHandler
                0x08000298                CCU42_3_IRQHandler
                0x08000298                ERU0_3_IRQHandler
                0x08000298                DSD0_5_IRQHandler
                0x08000298                VADC0_C0_3_IRQHandler
                0x08000298                CAN0_6_IRQHandler
                0x08000298                CCU43_0_IRQHandler
                0x08000298                VADC0_G0_1_IRQHandler
                0x08000298                CCU81_2_IRQHandler
                0x08000298                USIC2_4_IRQHandler
                0x08000298                CCU81_3_IRQHandler
                0x08000298                CCU42_1_IRQHandler
                0x08000298                USIC1_1_IRQHandler
                0x08000298                USIC2_5_IRQHandler
                0x08000298                CCU40_0_IRQHandler
                0x08000298                CAN0_0_IRQHandler
                0x08000298                ERU1_0_IRQHandler
                0x08000298                CCU42_2_IRQHandler
                0x08000298                Default_Handler
                0x08000298                USIC1_4_IRQHandler
                0x08000298                ERU1_3_IRQHandler
                0x08000298                USIC1_0_IRQHandler
                0x08000298                POSIF0_1_IRQHandler
                0x08000298                VADC0_G0_0_IRQHandler
                0x08000298                DSD0_2_IRQHandler
                0x08000298                CCU80_3_IRQHandler
                0x08000298                CCU41_3_IRQHandler
                0x08000298                CCU80_2_IRQHandler
                0x08000298                VADC0_G1_3_IRQHandler
                0x08000298                VADC0_G0_3_IRQHandler
                0x08000298                PMU0_0_IRQHandler
                0x08000298                CAN0_7_IRQHandler
                0x08000298                DSD0_1_IRQHandler
                0x08000298                CCU41_2_IRQHandler
                0x08000298                VADC0_C0_1_IRQHandler
                0x08000298                CCU43_2_IRQHandler
                0x08000298                USIC2_2_IRQHandler
                0x08000298                MemManage_Handler
                0x08000298                VADC0_G3_1_IRQHandler
                0x08000298                DAC0_0_IRQHandler
                0x08000298                SVC_Handler
                0x08000298                VADC0_G3_3_IRQHandler
                0x08000298                ERU1_2_IRQHandler
                0x08000298                CCU41_1_IRQHandler
                0x08000298                DSD0_6_IRQHandler
                0x08000298                CCU43_1_IRQHandler
                0x08000298                VADC0_G1_2_IRQHandler
                0x08000298                USIC2_3_IRQHandler
                0x08000298                CAN0_2_IRQHandler
                0x08000298                USIC2_0_IRQHandler
                0x08000298                VADC0_G0_2_IRQHandler
                0x08000298                VADC0_G2_1_IRQHandler
                0x08000298                CAN0_3_IRQHandler
                0x08000298                ETH0_0_IRQHandler
                0x08000298                USIC0_3_IRQHandler
                0x08000298                DSD0_0_IRQHandler
                0x08000298                VADC0_C0_2_IRQHandler
                0x08000298                CCU42_0_IRQHandler
                0x08000298                FCE0_0_IRQHandler
                0x08000298                VADC0_G1_0_IRQHandler
                0x08000298                USB0_0_IRQHandler
                0x08000298                CAN0_5_IRQHandler
                0x08000298                CCU80_0_IRQHandler
                0x08000298                CCU40_1_IRQHandler
                0x08000298                USIC2_1_IRQHandler
                0x08000298                USIC0_1_IRQHandler
                0x08000298                VADC0_G3_2_IRQHandler
                0x08000298                CCU40_3_IRQHandler
                0x08000298                BusFault_Handler
                0x08000298                LEDTS0_0_IRQHandler
                0x08000298                USIC0_4_IRQHandler
                0x08000298                CCU43_3_IRQHandler
                0x08000298                ERU0_1_IRQHandler
                0x08000298                VADC0_G3_0_IRQHandler
                0x08000298                USIC1_2_IRQHandler
                0x08000298                DSD0_3_IRQHandler
                0x08000298                SDMMC0_0_IRQHandler
                0x08000298                CAN0_1_IRQHandler
                0x08000298                USIC0_2_IRQHandler
                0x08000298                DAC0_1_IRQHandler
 *(.text .text.* .gnu.linkonce.t.*)
 .text.tm_sysTickCallback
                0x0800029c       0x88 ./timer_manager/timer_manager.o
                0x0800029c                tm_sysTickCallback
 .text.tm_setTimerCount
                0x08000324       0x40 ./timer_manager/timer_manager.o
                0x08000324                tm_setTimerCount
 .text.tm_startTimer
                0x08000364       0x40 ./timer_manager/timer_manager.o
                0x08000364                tm_startTimer
 .text.tm_setResetTimer
                0x080003a4       0x1c ./timer_manager/timer_manager.o
                0x080003a4                tm_setResetTimer
 .text.tm_getResetTimerValue
                0x080003c0       0x18 ./timer_manager/timer_manager.o
                0x080003c0                tm_getResetTimerValue
 .text.tm_set4gRunTimer
                0x080003d8       0x1c ./timer_manager/timer_manager.o
                0x080003d8                tm_set4gRunTimer
 .text.tm_get4gRunTimerValue
                0x080003f4       0x18 ./timer_manager/timer_manager.o
                0x080003f4                tm_get4gRunTimerValue
 .text.tm_setResponseTime
                0x0800040c       0x1c ./timer_manager/timer_manager.o
                0x0800040c                tm_setResponseTime
 .text.tm_getResponseTimeValue
                0x08000428       0x18 ./timer_manager/timer_manager.o
                0x08000428                tm_getResponseTimeValue
 .text.tm_clearResponseTime
                0x08000440       0x18 ./timer_manager/timer_manager.o
                0x08000440                tm_clearResponseTime
 .text.allFaults_Process
                0x08000458        0xc ./VCU_PROCESS/Faults_Process.o
                0x08000458                allFaults_Process
 .text.RTC_Start
                0x08000464        0xc ./VCU_PROCESS/RTC.o
 .text.RTC_Stop
                0x08000470        0xc ./VCU_PROCESS/RTC.o
 .text.RTC_init
                0x0800047c       0x2c ./VCU_PROCESS/RTC.o
                0x0800047c                RTC_init
 .text.Process_State1_Inputs
                0x080004a8       0x58 ./VCU_PROCESS/State1_Process.o
                0x080004a8                Process_State1_Inputs
 .text.hazzard  0x08000500       0x88 ./VCU_PROCESS/State1_Process.o
                0x08000500                hazzard
 .text.Process_Io_exp_U24
                0x08000588       0x2c ./VCU_PROCESS/State1_Process.o
                0x08000588                Process_Io_exp_U24
 .text.Process_cluster_indicators
                0x080005b4      0x118 ./VCU_PROCESS/State1_Process.o
                0x080005b4                Process_cluster_indicators
 .text.cluster_indicators_off
                0x080006cc       0x58 ./VCU_PROCESS/State1_Process.o
                0x080006cc                cluster_indicators_off
 .text.all_Ig1_Inputs_off
                0x08000724        0xc ./VCU_PROCESS/State1_Process.o
                0x08000724                all_Ig1_Inputs_off
 .text.Process_drive_mode
                0x08000730       0xb8 ./VCU_PROCESS/State1_Process.o
                0x08000730                Process_drive_mode
 .text.Process_cluster_drivemode
                0x080007e8       0x34 ./VCU_PROCESS/State1_Process.o
                0x080007e8                Process_cluster_drivemode
 .text.Process_motordrive_mode
                0x0800081c       0x18 ./VCU_PROCESS/State1_Process.o
                0x0800081c                Process_motordrive_mode
 .text.motordrive_mode_irp
                0x08000834       0x40 ./VCU_PROCESS/State1_Process.o
                0x08000834                motordrive_mode_irp
 .text.Process_Regen_Control
                0x08000874       0x8c ./VCU_PROCESS/State1_Process.o
                0x08000874                Process_Regen_Control
 .text.Process_faciaaswitches
                0x08000900        0xc ./VCU_PROCESS/State1_Process.o
                0x08000900                Process_faciaaswitches
 .text.CCU81_0_IRQHandler
                0x0800090c        0xc ./VCU_PROCESS/State1_Process.o
                0x0800090c                CCU81_0_IRQHandler
 .text.Process_State2_Inputs
                0x08000918       0x34 ./VCU_PROCESS/State2_Process.o
                0x08000918                Process_State2_Inputs
 .text.Process_vehicleDrive_Inputs
                0x0800094c       0x34 ./VCU_PROCESS/State2_Process.o
                0x0800094c                Process_vehicleDrive_Inputs
 .text.Process_vehicleDrive_Inputs_off
                0x08000980       0x30 ./VCU_PROCESS/State2_Process.o
                0x08000980                Process_vehicleDrive_Inputs_off
 .text.Process_ig2_lights
                0x080009b0       0x1c ./VCU_PROCESS/State2_Process.o
                0x080009b0                Process_ig2_lights
 .text.Process_ig2_lights_off
                0x080009cc       0x18 ./VCU_PROCESS/State2_Process.o
                0x080009cc                Process_ig2_lights_off
 .text.Process_VcuOutputs_Update
                0x080009e4       0xd8 ./VCU_PROCESS/Vcu_Process.o
                0x080009e4                Process_VcuOutputs_Update
 .text.all_doors
                0x08000abc       0xec ./VCU_PROCESS/Vcu_Process.o
                0x08000abc                all_doors
 .text.charger_on
                0x08000ba8       0x18 ./VCU_PROCESS/Vcu_Process.o
                0x08000ba8                charger_on
 .text.init_hw  0x08000bc0       0x38 ./VCU_PROCESS/init_hw.o
                0x08000bc0                init_hw
 .text.XMC_GPIO_SetOutputHigh
                0x08000bf8       0x20 ./VCU_OUT/ADS7961_LIB_2.o
 .text.XMC_GPIO_SetOutputLow
                0x08000c18       0x24 ./VCU_OUT/ADS7961_LIB_2.o
 *fill*         0x08000c3c        0x4 
 .text.DROPPED_IN_12_volt
                0x08000c40       0xa8 ./VCU_OUT/ADS7961_LIB_2.o
                0x08000c40                DROPPED_IN_12_volt
 .text.convert_raw_data_into_current
                0x08000ce8      0x1b8 ./VCU_OUT/ADS7961_LIB_2.o
                0x08000ce8                convert_raw_data_into_current
 .text.SPI_ADC_ProcessModeChange
                0x08000ea0       0x38 ./VCU_OUT/ADS7961_LIB_2.o
                0x08000ea0                SPI_ADC_ProcessModeChange
 .text.SPI_ADC_MANUAL_MODE
                0x08000ed8       0x10 ./VCU_OUT/ADS7961_LIB_2.o
                0x08000ed8                SPI_ADC_MANUAL_MODE
 .text.ADS7861_MANUAL_MODE_PKT
                0x08000ee8       0x5c ./VCU_OUT/ADS7961_LIB_2.o
                0x08000ee8                ADS7861_MANUAL_MODE_PKT
 .text.SPI_ADS7961_AUTO2_Init
                0x08000f44      0x14c ./VCU_OUT/ADS7961_LIB_2.o
                0x08000f44                SPI_ADS7961_AUTO2_Init
 .text.SPI_ADS7961_AUTO_MODE2
                0x08001090      0x18c ./VCU_OUT/ADS7961_LIB_2.o
                0x08001090                SPI_ADS7961_AUTO_MODE2
 .text.ADC_Read_by_Channel
                0x0800121c      0x170 ./VCU_OUT/ADS7961_LIB_2.o
                0x0800121c                ADC_Read_by_Channel
 .text.XMC_GPIO_SetOutputHigh
                0x0800138c       0x20 ./VCU_OUT/State_1.o
 .text.XMC_GPIO_SetOutputLow
                0x080013ac       0x24 ./VCU_OUT/State_1.o
 .text.DIGITAL_IO_SetOutputHigh
                0x080013d0       0x20 ./VCU_OUT/State_1.o
 .text.DIGITAL_IO_SetOutputLow
                0x080013f0       0x20 ./VCU_OUT/State_1.o
 .text.State_1  0x08001410       0x48 ./VCU_OUT/State_1.o
                0x08001410                State_1
 .text.ignition1_d_on
                0x08001458       0x6c ./VCU_OUT/State_1.o
                0x08001458                ignition1_d_on
 .text.ignition1_d_off
                0x080014c4       0x70 ./VCU_OUT/State_1.o
                0x080014c4                ignition1_d_off
 .text.all_direct_controlled_relay_off
                0x08001534       0x10 ./VCU_OUT/State_1.o
                0x08001534                all_direct_controlled_relay_off
 .text.Can_Outputs_State1
                0x08001544       0x10 ./VCU_OUT/State_1.o
                0x08001544                Can_Outputs_State1
 .text.cluster_indicators_Out
                0x08001554       0xe8 ./VCU_OUT/State_1.o
                0x08001554                cluster_indicators_Out
 .text.VcuOut_IoExp_U24
                0x0800163c       0xa0 ./VCU_OUT/State_1.o
                0x0800163c                VcuOut_IoExp_U24
 .text.VcuOut_IoExp_U25
                0x080016dc        0xc ./VCU_OUT/State_1.o
                0x080016dc                VcuOut_IoExp_U25
 .text.faciaaswitches
                0x080016e8       0x24 ./VCU_OUT/State_1.o
                0x080016e8                faciaaswitches
 .text.dc_dc_state_update
                0x0800170c       0x84 ./VCU_OUT/State_1.o
                0x0800170c                dc_dc_state_update
 .text.XMC_GPIO_SetOutputHigh
                0x08001790       0x20 ./VCU_OUT/State_2.o
 .text.XMC_GPIO_SetOutputLow
                0x080017b0       0x24 ./VCU_OUT/State_2.o
 .text.DIGITAL_IO_SetOutputHigh
                0x080017d4       0x20 ./VCU_OUT/State_2.o
 .text.DIGITAL_IO_SetOutputLow
                0x080017f4       0x20 ./VCU_OUT/State_2.o
 .text.State_2  0x08001814       0x3c ./VCU_OUT/State_2.o
                0x08001814                State_2
 .text.ignition2_d_on
                0x08001850       0x70 ./VCU_OUT/State_2.o
                0x08001850                ignition2_d_on
 .text.ignition2_d_off
                0x080018c0       0x7c ./VCU_OUT/State_2.o
                0x080018c0                ignition2_d_off
 .text.Can_Outputs_State2
                0x0800193c       0x10 ./VCU_OUT/State_2.o
                0x0800193c                Can_Outputs_State2
 .text.VcuOut_MotorController
                0x0800194c        0xc ./VCU_OUT/State_2.o
                0x0800194c                VcuOut_MotorController
 .text.VcuOut_MotorController_IRP
                0x08001958       0xdc ./VCU_OUT/State_2.o
                0x08001958                VcuOut_MotorController_IRP
 .text.VcuOut_MotorController_off
                0x08001a34        0xc ./VCU_OUT/State_2.o
                0x08001a34                VcuOut_MotorController_off
 .text.VcuOut_MotorController_off_IRP
                0x08001a40       0x60 ./VCU_OUT/State_2.o
                0x08001a40                VcuOut_MotorController_off_IRP
 .text.VcuOut_MotorController_IRP_BMS_Status
                0x08001aa0      0x13c ./VCU_OUT/State_2.o
                0x08001aa0                VcuOut_MotorController_IRP_BMS_Status
 .text.State2_Lights
                0x08001bdc       0x2c ./VCU_OUT/State_2.o
                0x08001bdc                State2_Lights
 .text.XMC_GPIO_SetOutputHigh
                0x08001c08       0x20 ./VCU_OUT/Vcu_Out.o
 .text.XMC_GPIO_SetOutputLow
                0x08001c28       0x24 ./VCU_OUT/Vcu_Out.o
 .text.DIGITAL_IO_SetOutputHigh
                0x08001c4c       0x20 ./VCU_OUT/Vcu_Out.o
 .text.DIGITAL_IO_SetOutputLow
                0x08001c6c       0x20 ./VCU_OUT/Vcu_Out.o
 .text.OutPutAction_Update
                0x08001c8c       0x28 ./VCU_OUT/Vcu_Out.o
                0x08001c8c                OutPutAction_Update
 .text.Lights_on_off
                0x08001cb4       0x40 ./VCU_OUT/Vcu_Out.o
                0x08001cb4                Lights_on_off
 .text.VcuOut_MotorController_IRPbrakes
                0x08001cf4       0x48 ./VCU_OUT/Vcu_Out.o
                0x08001cf4                VcuOut_MotorController_IRPbrakes
 .text.door_en_cabin_light
                0x08001d3c       0x48 ./VCU_OUT/Vcu_Out.o
                0x08001d3c                door_en_cabin_light
 .text.ALL_CONDITION_ON
                0x08001d84       0x44 ./VCU_OUT/Vcu_Out.o
                0x08001d84                ALL_CONDITION_ON
 .text.charger_connected_inVoff
                0x08001dc8       0x14 ./VCU_OUT/Vcu_Out.o
                0x08001dc8                charger_connected_inVoff
 .text.can_outputs_allState
                0x08001ddc       0x10 ./VCU_OUT/Vcu_Out.o
                0x08001ddc                can_outputs_allState
 .text.limphome_Mode_IRP
                0x08001dec       0x34 ./VCU_OUT/Vcu_Out.o
                0x08001dec                limphome_Mode_IRP
 .text.SystemInit
                0x08001e20       0x20 ./Startup/system_XMC4700.o
                0x08001e20                SystemInit
 .text.SystemCoreClockUpdate
                0x08001e40       0xd4 ./Startup/system_XMC4700.o
                0x08001e40                SystemCoreClockUpdate
 .text.XMC_GPIO_Init
                0x08001f14      0x14c ./Libraries/XMCLib/src/xmc4_gpio.o
                0x08001f14                XMC_GPIO_Init
 .text.XMC_RTC_IsRunning
                0x08002060       0x24 ./Libraries/XMCLib/src/xmc4_rtc.o
 .text.XMC_SCU_GetMirrorStatus
                0x08002084       0x18 ./Libraries/XMCLib/src/xmc4_rtc.o
 .text.XMC_RTC_Init
                0x0800209c       0xa4 ./Libraries/XMCLib/src/xmc4_rtc.o
                0x0800209c                XMC_RTC_Init
 .text.XMC_RTC_EnableEvent
                0x08002140       0x30 ./Libraries/XMCLib/src/xmc4_rtc.o
                0x08002140                XMC_RTC_EnableEvent
 .text.XMC_SCU_CLOCK_GetCpuClockFrequency
                0x08002170       0x18 ./Libraries/XMCLib/src/xmc4_scu.o
 .text.XMC_SCU_GetMirrorStatus
                0x08002188       0x18 ./Libraries/XMCLib/src/xmc4_scu.o
 .text.XMC_SCU_lDelay
                0x080021a0       0x44 ./Libraries/XMCLib/src/xmc4_scu.o
 .text.XMC_SCU_INTERRUPT_EnableEvent
                0x080021e4       0x24 ./Libraries/XMCLib/src/xmc4_scu.o
                0x080021e4                XMC_SCU_INTERRUPT_EnableEvent
 .text.XMC_SCU_INTERUPT_GetEventStatus
                0x08002208       0x18 ./Libraries/XMCLib/src/xmc4_scu.o
                0x08002208                XMC_SCU_INTERUPT_GetEventStatus
 .text.XMC_SCU_INTERRUPT_ClearEventStatus
                0x08002220       0x1c ./Libraries/XMCLib/src/xmc4_scu.o
                0x08002220                XMC_SCU_INTERRUPT_ClearEventStatus
 .text.XMC_SCU_CLOCK_Init
                0x0800223c       0xf8 ./Libraries/XMCLib/src/xmc4_scu.o
                0x0800223c                XMC_SCU_CLOCK_Init
 .text.XMC_SCU_INTERRUPT_EnableNmiRequest
                0x08002334       0x24 ./Libraries/XMCLib/src/xmc4_scu.o
                0x08002334                XMC_SCU_INTERRUPT_EnableNmiRequest
 .text.XMC_SCU_RESET_DeassertPeripheralReset
                0x08002358       0x38 ./Libraries/XMCLib/src/xmc4_scu.o
                0x08002358                XMC_SCU_RESET_DeassertPeripheralReset
 .text.XMC_SCU_RESET_IsPeripheralResetAsserted
                0x08002390       0x48 ./Libraries/XMCLib/src/xmc4_scu.o
                0x08002390                XMC_SCU_RESET_IsPeripheralResetAsserted
 .text.XMC_SCU_CLOCK_GetPeripheralClockFrequency
                0x080023d8       0x20 ./Libraries/XMCLib/src/xmc4_scu.o
                0x080023d8                XMC_SCU_CLOCK_GetPeripheralClockFrequency
 .text.XMC_SCU_CLOCK_SetSystemClockSource
                0x080023f8       0x28 ./Libraries/XMCLib/src/xmc4_scu.o
                0x080023f8                XMC_SCU_CLOCK_SetSystemClockSource
 .text.XMC_SCU_CLOCK_SetUsbClockSource
                0x08002420       0x28 ./Libraries/XMCLib/src/xmc4_scu.o
                0x08002420                XMC_SCU_CLOCK_SetUsbClockSource
 .text.XMC_SCU_CLOCK_SetWdtClockSource
                0x08002448       0x28 ./Libraries/XMCLib/src/xmc4_scu.o
                0x08002448                XMC_SCU_CLOCK_SetWdtClockSource
 .text.XMC_SCU_CLOCK_SetSystemPllClockSource
                0x08002470       0x40 ./Libraries/XMCLib/src/xmc4_scu.o
                0x08002470                XMC_SCU_CLOCK_SetSystemPllClockSource
 .text.XMC_SCU_HIB_SetRtcClockSource
                0x080024b0       0x3c ./Libraries/XMCLib/src/xmc4_scu.o
                0x080024b0                XMC_SCU_HIB_SetRtcClockSource
 .text.XMC_SCU_HIB_SetStandbyClockSource
                0x080024ec       0x3c ./Libraries/XMCLib/src/xmc4_scu.o
                0x080024ec                XMC_SCU_HIB_SetStandbyClockSource
 .text.XMC_SCU_CLOCK_SetSystemClockDivider
                0x08002528       0x28 ./Libraries/XMCLib/src/xmc4_scu.o
                0x08002528                XMC_SCU_CLOCK_SetSystemClockDivider
 .text.XMC_SCU_CLOCK_SetCcuClockDivider
                0x08002550       0x28 ./Libraries/XMCLib/src/xmc4_scu.o
                0x08002550                XMC_SCU_CLOCK_SetCcuClockDivider
 .text.XMC_SCU_CLOCK_SetCpuClockDivider
                0x08002578       0x28 ./Libraries/XMCLib/src/xmc4_scu.o
                0x08002578                XMC_SCU_CLOCK_SetCpuClockDivider
 .text.XMC_SCU_CLOCK_SetPeripheralClockDivider
                0x080025a0       0x28 ./Libraries/XMCLib/src/xmc4_scu.o
                0x080025a0                XMC_SCU_CLOCK_SetPeripheralClockDivider
 .text.XMC_SCU_CLOCK_SetUsbClockDivider
                0x080025c8       0x28 ./Libraries/XMCLib/src/xmc4_scu.o
                0x080025c8                XMC_SCU_CLOCK_SetUsbClockDivider
 .text.XMC_SCU_CLOCK_SetEbuClockDivider
                0x080025f0       0x28 ./Libraries/XMCLib/src/xmc4_scu.o
                0x080025f0                XMC_SCU_CLOCK_SetEbuClockDivider
 .text.XMC_SCU_CLOCK_SetWdtClockDivider
                0x08002618       0x28 ./Libraries/XMCLib/src/xmc4_scu.o
                0x08002618                XMC_SCU_CLOCK_SetWdtClockDivider
 .text.XMC_SCU_CLOCK_EnableClock
                0x08002640       0x20 ./Libraries/XMCLib/src/xmc4_scu.o
                0x08002640                XMC_SCU_CLOCK_EnableClock
 .text.XMC_SCU_CLOCK_UngatePeripheralClock
                0x08002660       0x38 ./Libraries/XMCLib/src/xmc4_scu.o
                0x08002660                XMC_SCU_CLOCK_UngatePeripheralClock
 .text.XMC_SCU_CLOCK_IsPeripheralClockGated
                0x08002698       0x48 ./Libraries/XMCLib/src/xmc4_scu.o
                0x08002698                XMC_SCU_CLOCK_IsPeripheralClockGated
 .text.XMC_SCU_CLOCK_EnableUsbPll
                0x080026e0       0x20 ./Libraries/XMCLib/src/xmc4_scu.o
                0x080026e0                XMC_SCU_CLOCK_EnableUsbPll
 .text.XMC_SCU_CLOCK_StartUsbPll
                0x08002700       0xb4 ./Libraries/XMCLib/src/xmc4_scu.o
                0x08002700                XMC_SCU_CLOCK_StartUsbPll
 .text.XMC_SCU_CLOCK_SetBackupClockCalibrationMode
                0x080027b4       0x4c ./Libraries/XMCLib/src/xmc4_scu.o
                0x080027b4                XMC_SCU_CLOCK_SetBackupClockCalibrationMode
 .text.XMC_SCU_HIB_EnableHibernateDomain
                0x08002800       0x58 ./Libraries/XMCLib/src/xmc4_scu.o
                0x08002800                XMC_SCU_HIB_EnableHibernateDomain
 .text.XMC_SCU_HIB_IsHibernateDomainEnabled
                0x08002858       0x3c ./Libraries/XMCLib/src/xmc4_scu.o
                0x08002858                XMC_SCU_HIB_IsHibernateDomainEnabled
 .text.XMC_SCU_CLOCK_IsLowPowerOscillatorStable
                0x08002894       0x24 ./Libraries/XMCLib/src/xmc4_scu.o
                0x08002894                XMC_SCU_CLOCK_IsLowPowerOscillatorStable
 .text.XMC_SCU_CLOCK_EnableLowPowerOscillator
                0x080028b8       0x70 ./Libraries/XMCLib/src/xmc4_scu.o
                0x080028b8                XMC_SCU_CLOCK_EnableLowPowerOscillator
 .text.XMC_SCU_CLOCK_EnableHighPerformanceOscillator
                0x08002928       0x50 ./Libraries/XMCLib/src/xmc4_scu.o
                0x08002928                XMC_SCU_CLOCK_EnableHighPerformanceOscillator
 .text.XMC_SCU_CLOCK_IsHighPerformanceOscillatorStable
                0x08002978       0x28 ./Libraries/XMCLib/src/xmc4_scu.o
                0x08002978                XMC_SCU_CLOCK_IsHighPerformanceOscillatorStable
 .text.XMC_SCU_CLOCK_EnableSystemPll
                0x080029a0       0x20 ./Libraries/XMCLib/src/xmc4_scu.o
                0x080029a0                XMC_SCU_CLOCK_EnableSystemPll
 .text.XMC_SCU_CLOCK_DisableSystemPll
                0x080029c0       0x20 ./Libraries/XMCLib/src/xmc4_scu.o
                0x080029c0                XMC_SCU_CLOCK_DisableSystemPll
 .text.XMC_SCU_CLOCK_StartSystemPll
                0x080029e0      0x19c ./Libraries/XMCLib/src/xmc4_scu.o
                0x080029e0                XMC_SCU_CLOCK_StartSystemPll
 .text.XMC_SCU_CLOCK_StepSystemPllFrequency
                0x08002b7c       0x3c ./Libraries/XMCLib/src/xmc4_scu.o
                0x08002b7c                XMC_SCU_CLOCK_StepSystemPllFrequency
 .text.XMC_CAN_IsPanelControlReady
                0x08002bb8       0x28 ./Libraries/XMCLib/src/xmc_can.o
 .text.XMC_CAN_PanelControl
                0x08002be0       0x3c ./Libraries/XMCLib/src/xmc_can.o
 .text.XMC_CAN_NODE_EnableConfigurationChange
                0x08002c1c       0x20 ./Libraries/XMCLib/src/xmc_can.o
 .text.XMC_CAN_NODE_DisableConfigurationChange
                0x08002c3c       0x20 ./Libraries/XMCLib/src/xmc_can.o
 .text.max      0x08002c5c       0x20 ./Libraries/XMCLib/src/xmc_can.o
 .text.min      0x08002c7c       0x20 ./Libraries/XMCLib/src/xmc_can.o
 .text.XMC_CAN_NODE_NominalBitTimeConfigureEx
                0x08002c9c      0x150 ./Libraries/XMCLib/src/xmc_can.o
                0x08002c9c                XMC_CAN_NODE_NominalBitTimeConfigureEx
 .text.XMC_CAN_AllocateMOtoNodeList
                0x08002dec       0x3c ./Libraries/XMCLib/src/xmc_can.o
                0x08002dec                XMC_CAN_AllocateMOtoNodeList
 .text.XMC_CAN_Enable
                0x08002e28       0x38 ./Libraries/XMCLib/src/xmc_can.o
                0x08002e28                XMC_CAN_Enable
 .text.XMC_CAN_SetBaudrateClockSource
                0x08002e60       0x2c ./Libraries/XMCLib/src/xmc_can.o
                0x08002e60                XMC_CAN_SetBaudrateClockSource
 .text.XMC_CAN_GetBaudrateClockSource
                0x08002e8c       0x24 ./Libraries/XMCLib/src/xmc_can.o
                0x08002e8c                XMC_CAN_GetBaudrateClockSource
 .text.XMC_CAN_GetBaudrateClockFrequency
                0x08002eb0       0x38 ./Libraries/XMCLib/src/xmc_can.o
                0x08002eb0                XMC_CAN_GetBaudrateClockFrequency
 .text.XMC_CAN_InitEx
                0x08002ee8       0x80 ./Libraries/XMCLib/src/xmc_can.o
                0x08002ee8                XMC_CAN_InitEx
 .text.XMC_CAN_MO_Config
                0x08002f68      0x138 ./Libraries/XMCLib/src/xmc_can.o
                0x08002f68                XMC_CAN_MO_Config
 .text.XMC_CAN_MO_UpdateData
                0x080030a0       0x70 ./Libraries/XMCLib/src/xmc_can.o
                0x080030a0                XMC_CAN_MO_UpdateData
 .text.XMC_CAN_MO_Transmit
                0x08003110       0x5c ./Libraries/XMCLib/src/xmc_can.o
                0x08003110                XMC_CAN_MO_Transmit
 .text.XMC_CAN_MO_Receive
                0x0800316c      0x1a0 ./Libraries/XMCLib/src/xmc_can.o
                0x0800316c                XMC_CAN_MO_Receive
 .text.XMC_CAN_NODE_EnableEvent
                0x0800330c       0x38 ./Libraries/XMCLib/src/xmc_can.o
                0x0800330c                XMC_CAN_NODE_EnableEvent
 .text.XMC_CCU4_StartPrescaler
                0x08003344       0x1c ./Libraries/XMCLib/src/xmc_ccu4.o
 .text.XMC_CCU4_lDeassertReset
                0x08003360       0x60 ./Libraries/XMCLib/src/xmc_ccu4.o
 .text.XMC_CCU4_lUngateClock
                0x080033c0       0x60 ./Libraries/XMCLib/src/xmc_ccu4.o
 .text.XMC_CCU4_EnableModule
                0x08003420       0x20 ./Libraries/XMCLib/src/xmc_ccu4.o
                0x08003420                XMC_CCU4_EnableModule
 .text.XMC_CCU4_Init
                0x08003440       0x3c ./Libraries/XMCLib/src/xmc_ccu4.o
                0x08003440                XMC_CCU4_Init
 .text.XMC_CCU4_SLICE_CompareInit
                0x0800347c       0x6c ./Libraries/XMCLib/src/xmc_ccu4.o
                0x0800347c                XMC_CCU4_SLICE_CompareInit
 .text.XMC_CCU4_SLICE_SetPrescaler
                0x080034e8       0x3c ./Libraries/XMCLib/src/xmc_ccu4.o
                0x080034e8                XMC_CCU4_SLICE_SetPrescaler
 .text.XMC_CCU8_StartPrescaler
                0x08003524       0x1c ./Libraries/XMCLib/src/xmc_ccu8.o
 .text.XMC_CCU8_SLICE_StopTimer
                0x08003540       0x18 ./Libraries/XMCLib/src/xmc_ccu8.o
 .text.XMC_CCU8_lDeassertReset
                0x08003558       0x38 ./Libraries/XMCLib/src/xmc_ccu8.o
 .text.XMC_CCU8_lUngateClock
                0x08003590       0x38 ./Libraries/XMCLib/src/xmc_ccu8.o
 .text.XMC_CCU8_EnableModule
                0x080035c8       0x20 ./Libraries/XMCLib/src/xmc_ccu8.o
                0x080035c8                XMC_CCU8_EnableModule
 .text.XMC_CCU8_Init
                0x080035e8       0x3c ./Libraries/XMCLib/src/xmc_ccu8.o
                0x080035e8                XMC_CCU8_Init
 .text.XMC_CCU8_SLICE_CompareInit
                0x08003624       0x74 ./Libraries/XMCLib/src/xmc_ccu8.o
                0x08003624                XMC_CCU8_SLICE_CompareInit
 .text.XMC_CCU8_SLICE_SetTimerPeriodMatch
                0x08003698       0x1c ./Libraries/XMCLib/src/xmc_ccu8.o
                0x08003698                XMC_CCU8_SLICE_SetTimerPeriodMatch
 .text.XMC_CCU8_SLICE_SetPrescaler
                0x080036b4       0x3c ./Libraries/XMCLib/src/xmc_ccu8.o
                0x080036b4                XMC_CCU8_SLICE_SetPrescaler
 .text.XMC_CCU8_SLICE_SetTimerCompareMatch
                0x080036f0       0x30 ./Libraries/XMCLib/src/xmc_ccu8.o
                0x080036f0                XMC_CCU8_SLICE_SetTimerCompareMatch
 .text.XMC_DMA_GetEventStatus
                0x08003720       0x1c ./Libraries/XMCLib/src/xmc_dma.o
 .text.XMC_DMA_GetChannelsTransferCompleteStatus
                0x0800373c       0x1c ./Libraries/XMCLib/src/xmc_dma.o
 .text.XMC_DMA_GetChannelsBlockCompleteStatus
                0x08003758       0x1c ./Libraries/XMCLib/src/xmc_dma.o
 .text.XMC_DMA_GetChannelsSourceTransactionCompleteStatus
                0x08003774       0x1c ./Libraries/XMCLib/src/xmc_dma.o
 .text.XMC_DMA_GetChannelsDestinationTransactionCompleteStatus
                0x08003790       0x1c ./Libraries/XMCLib/src/xmc_dma.o
 .text.XMC_DMA_GetChannelsErrorStatus
                0x080037ac       0x1c ./Libraries/XMCLib/src/xmc_dma.o
 .text.XMC_DMA_Init
                0x080037c8       0x14 ./Libraries/XMCLib/src/xmc_dma.o
                0x080037c8                XMC_DMA_Init
 .text.XMC_DMA_Enable
                0x080037dc       0x44 ./Libraries/XMCLib/src/xmc_dma.o
                0x080037dc                XMC_DMA_Enable
 .text.XMC_DMA_IsEnabled
                0x08003820       0xe4 ./Libraries/XMCLib/src/xmc_dma.o
                0x08003820                XMC_DMA_IsEnabled
 .text.XMC_DMA_EnableRequestLine
                0x08003904       0x98 ./Libraries/XMCLib/src/xmc_dma.o
                0x08003904                XMC_DMA_EnableRequestLine
 .text.XMC_DMA_CH_IsEnabled
                0x0800399c       0x34 ./Libraries/XMCLib/src/xmc_dma.o
                0x0800399c                XMC_DMA_CH_IsEnabled
 .text.XMC_DMA_CH_Init
                0x080039d0      0x40c ./Libraries/XMCLib/src/xmc_dma.o
                0x080039d0                XMC_DMA_CH_Init
 .text.XMC_DMA_CH_EnableEvent
                0x08003ddc       0x50 ./Libraries/XMCLib/src/xmc_dma.o
                0x08003ddc                XMC_DMA_CH_EnableEvent
 .text.XMC_DMA_CH_ClearEventStatus
                0x08003e2c       0x4c ./Libraries/XMCLib/src/xmc_dma.o
                0x08003e2c                XMC_DMA_CH_ClearEventStatus
 .text.XMC_DMA_CH_SetEventHandler
                0x08003e78       0x44 ./Libraries/XMCLib/src/xmc_dma.o
                0x08003e78                XMC_DMA_CH_SetEventHandler
 .text.XMC_DMA_IRQHandler
                0x08003ebc      0x220 ./Libraries/XMCLib/src/xmc_dma.o
                0x08003ebc                XMC_DMA_IRQHandler
 .text.XMC_GPIO_SetMode
                0x080040dc       0x80 ./Libraries/XMCLib/src/xmc_gpio.o
                0x080040dc                XMC_GPIO_SetMode
 .text.XMC_GPIO_SetHardwareControl
                0x0800415c       0x44 ./Libraries/XMCLib/src/xmc_gpio.o
                0x0800415c                XMC_GPIO_SetHardwareControl
 .text.XMC_USIC_CH_GetTransmitBufferStatus
                0x080041a0       0x20 ./Libraries/XMCLib/src/xmc_i2c.o
 .text.XMC_I2C_CH_ClearStatusFlag
                0x080041c0       0x20 ./Libraries/XMCLib/src/xmc_i2c.o
 .text.XMC_I2C_CH_InitEx
                0x080041e0       0x60 ./Libraries/XMCLib/src/xmc_i2c.o
                0x080041e0                XMC_I2C_CH_InitEx
 .text.XMC_I2C_CH_SetSlaveAddress
                0x08004240       0x54 ./Libraries/XMCLib/src/xmc_i2c.o
                0x08004240                XMC_I2C_CH_SetSlaveAddress
 .text.XMC_I2C_CH_SetBaudrateEx
                0x08004294       0x9c ./Libraries/XMCLib/src/xmc_i2c.o
                0x08004294                XMC_I2C_CH_SetBaudrateEx
 .text.XMC_I2C_CH_MasterStart
                0x08004330       0x68 ./Libraries/XMCLib/src/xmc_i2c.o
                0x08004330                XMC_I2C_CH_MasterStart
 .text.XMC_I2C_CH_MasterRepeatedStart
                0x08004398       0x68 ./Libraries/XMCLib/src/xmc_i2c.o
                0x08004398                XMC_I2C_CH_MasterRepeatedStart
 .text.XMC_I2C_CH_MasterStop
                0x08004400       0x4c ./Libraries/XMCLib/src/xmc_i2c.o
                0x08004400                XMC_I2C_CH_MasterStop
 .text.XMC_I2C_CH_MasterTransmit
                0x0800444c       0x4c ./Libraries/XMCLib/src/xmc_i2c.o
                0x0800444c                XMC_I2C_CH_MasterTransmit
 .text.XMC_I2C_CH_MasterReceiveAck
                0x08004498       0x4c ./Libraries/XMCLib/src/xmc_i2c.o
                0x08004498                XMC_I2C_CH_MasterReceiveAck
 .text.XMC_I2C_CH_MasterReceiveNack
                0x080044e4       0x4c ./Libraries/XMCLib/src/xmc_i2c.o
                0x080044e4                XMC_I2C_CH_MasterReceiveNack
 .text.XMC_I2C_CH_GetReceivedData
                0x08004530       0x34 ./Libraries/XMCLib/src/xmc_i2c.o
                0x08004530                XMC_I2C_CH_GetReceivedData
 .text.XMC_SCU_GetMirrorStatus
                0x08004564       0x18 ./Libraries/XMCLib/src/xmc_rtc.o
 .text.XMC_RTC_Start
                0x0800457c       0x28 ./Libraries/XMCLib/src/xmc_rtc.o
                0x0800457c                XMC_RTC_Start
 .text.XMC_RTC_Stop
                0x080045a4       0x28 ./Libraries/XMCLib/src/xmc_rtc.o
                0x080045a4                XMC_RTC_Stop
 .text.XMC_RTC_SetPrescaler
                0x080045cc       0x34 ./Libraries/XMCLib/src/xmc_rtc.o
                0x080045cc                XMC_RTC_SetPrescaler
 .text.XMC_RTC_SetTime
                0x08004600       0x44 ./Libraries/XMCLib/src/xmc_rtc.o
                0x08004600                XMC_RTC_SetTime
 .text.XMC_RTC_GetTime
                0x08004644       0x28 ./Libraries/XMCLib/src/xmc_rtc.o
                0x08004644                XMC_RTC_GetTime
 .text.XMC_SPI_CH_InitEx
                0x0800466c       0x8c ./Libraries/XMCLib/src/xmc_spi.o
                0x0800466c                XMC_SPI_CH_InitEx
 .text.XMC_SPI_CH_EnableSlaveSelect
                0x080046f8       0x2c ./Libraries/XMCLib/src/xmc_spi.o
                0x080046f8                XMC_SPI_CH_EnableSlaveSelect
 .text.XMC_SPI_CH_GetReceivedData
                0x08004724       0x34 ./Libraries/XMCLib/src/xmc_spi.o
                0x08004724                XMC_SPI_CH_GetReceivedData
 .text.XMC_SPI_CH_EnableEvent
                0x08004758       0x34 ./Libraries/XMCLib/src/xmc_spi.o
                0x08004758                XMC_SPI_CH_EnableEvent
 .text.XMC_SPI_CH_DisableEvent
                0x0800478c       0x38 ./Libraries/XMCLib/src/xmc_spi.o
                0x0800478c                XMC_SPI_CH_DisableEvent
 .text.XMC_USIC_CH_GetTransmitBufferStatus
                0x080047c4       0x20 ./Libraries/XMCLib/src/xmc_uart.o
 .text.XMC_UART_CH_ClearStatusFlag
                0x080047e4       0x1c ./Libraries/XMCLib/src/xmc_uart.o
 .text.XMC_UART_CH_InitEx
                0x08004800       0xd4 ./Libraries/XMCLib/src/xmc_uart.o
                0x08004800                XMC_UART_CH_InitEx
 .text.XMC_UART_CH_Transmit
                0x080048d4       0x4c ./Libraries/XMCLib/src/xmc_uart.o
                0x080048d4                XMC_UART_CH_Transmit
 .text.XMC_UART_CH_GetReceivedData
                0x08004920       0x34 ./Libraries/XMCLib/src/xmc_uart.o
                0x08004920                XMC_UART_CH_GetReceivedData
 .text.XMC_USIC_CH_Enable
                0x08004954       0x98 ./Libraries/XMCLib/src/xmc_usic.o
                0x08004954                XMC_USIC_CH_Enable
 .text.XMC_USIC_CH_SetBaudrate
                0x080049ec       0xe4 ./Libraries/XMCLib/src/xmc_usic.o
                0x080049ec                XMC_USIC_CH_SetBaudrate
 .text.XMC_USIC_CH_SetBaudrateEx
                0x08004ad0      0x100 ./Libraries/XMCLib/src/xmc_usic.o
                0x08004ad0                XMC_USIC_CH_SetBaudrateEx
 .text.XMC_USIC_CH_TXFIFO_Configure
                0x08004bd0       0x50 ./Libraries/XMCLib/src/xmc_usic.o
                0x08004bd0                XMC_USIC_CH_TXFIFO_Configure
 .text.XMC_USIC_CH_RXFIFO_Configure
                0x08004c20       0x54 ./Libraries/XMCLib/src/xmc_usic.o
                0x08004c20                XMC_USIC_CH_RXFIFO_Configure
 .text.XMC_USIC_CH_SetInterruptNodePointer
                0x08004c74       0x38 ./Libraries/XMCLib/src/xmc_usic.o
                0x08004c74                XMC_USIC_CH_SetInterruptNodePointer
 .text.XMC_USIC_Enable
                0x08004cac       0xc0 ./Libraries/XMCLib/src/xmc_usic.o
                0x08004cac                XMC_USIC_Enable
 .text.XMC_WDT_Enable
                0x08004d6c       0x1c ./Libraries/XMCLib/src/xmc_wdt.o
                0x08004d6c                XMC_WDT_Enable
 .text.XMC_WDT_Init
                0x08004d88       0x30 ./Libraries/XMCLib/src/xmc_wdt.o
                0x08004d88                XMC_WDT_Init
 .text._sbrk    0x08004db8       0x68 ./Libraries/Newlib/syscalls.o
                0x08004db8                _sbrk
 .text._init    0x08004e20        0xc ./Libraries/Newlib/syscalls.o
                0x08004e20                _init
 .text.IOExp_Configure
                0x08004e2c       0xcc ./InputCapture/IOExp_lib.o
                0x08004e2c                IOExp_Configure
 .text.IOExp_SetPIN_UPDATE
                0x08004ef8      0x174 ./InputCapture/IOExp_lib.o
                0x08004ef8                IOExp_SetPIN_UPDATE
 .text.IOExp_SetPIN_HIGH
                0x0800506c       0x38 ./InputCapture/IOExp_lib.o
                0x0800506c                IOExp_SetPIN_HIGH
 .text.IOExp_SetPIN_LOW
                0x080050a4       0x38 ./InputCapture/IOExp_lib.o
                0x080050a4                IOExp_SetPIN_LOW
 .text.IOExp_ReadPIN_LEVEL
                0x080050dc       0xf0 ./InputCapture/IOExp_lib.o
                0x080050dc                IOExp_ReadPIN_LEVEL
 .text.XMC_GPIO_GetInput
                0x080051cc       0x28 ./InputCapture/InputCapture.o
 .text.DIGITAL_IO_GetInput
                0x080051f4       0x24 ./InputCapture/InputCapture.o
 .text.Input_Capture
                0x08005218       0xa0 ./InputCapture/InputCapture.o
                0x08005218                Input_Capture
 .text.Can_Inputs
                0x080052b8       0x30 ./InputCapture/InputCapture.o
                0x080052b8                Can_Inputs
 .text.read_temp
                0x080052e8        0xc ./InputCapture/InputCapture.o
                0x080052e8                read_temp
 .text.XMC_GPIO_GetInput
                0x080052f4       0x28 ./InputCapture/State_1_InputCapture.o
 .text.DIGITAL_IO_GetInput
                0x0800531c       0x24 ./InputCapture/State_1_InputCapture.o
 .text.state_1_InputCapture
                0x08005340       0x3c ./InputCapture/State_1_InputCapture.o
                0x08005340                state_1_InputCapture
 .text.Io_Exp_U24
                0x0800537c      0x1e8 ./InputCapture/State_1_InputCapture.o
                0x0800537c                Io_Exp_U24
 .text.Io_Exp_U25
                0x08005564       0xb0 ./InputCapture/State_1_InputCapture.o
                0x08005564                Io_Exp_U25
 .text.Io_Exp_U38
                0x08005614       0xb0 ./InputCapture/State_1_InputCapture.o
                0x08005614                Io_Exp_U38
 .text.XMC_GPIO_GetInput
                0x080056c4       0x28 ./InputCapture/State_2_InputCapture.o
 .text.DIGITAL_IO_GetInput
                0x080056ec       0x24 ./InputCapture/State_2_InputCapture.o
 .text.State_2_InputCapture
                0x08005710       0x14 ./InputCapture/State_2_InputCapture.o
                0x08005710                State_2_InputCapture
 .text.Read_State2_inputs
                0x08005724       0x8c ./InputCapture/State_2_InputCapture.o
                0x08005724                Read_State2_inputs
 .text.I2C_MASTER_IsTxBusy
                0x080057b0       0x20 ./InputCapture/temp_sensors.o
 .text.I2C_MASTER_IsRxBusy
                0x080057d0       0x20 ./InputCapture/temp_sensors.o
 .text.U18_read_temp
                0x080057f0       0x24 ./InputCapture/temp_sensors.o
                0x080057f0                U18_read_temp
 .text.U18_MotorTemp_read
                0x08005814      0x1bc ./InputCapture/temp_sensors.o
                0x08005814                U18_MotorTemp_read
 .text.U18_CabinTemp_read
                0x080059d0      0x1a0 ./InputCapture/temp_sensors.o
                0x080059d0                U18_CabinTemp_read
 .text.WATCHDOG_Init
                0x08005b70       0x44 ./Dave/Generated/WATCHDOG/watchdog.o
                0x08005b70                WATCHDOG_Init
 .text.WATCHDOG_lPrewarning_Configure
                0x08005bb4       0x24 ./Dave/Generated/WATCHDOG/watchdog.o
                0x08005bb4                WATCHDOG_lPrewarning_Configure
 .text.XMC_USIC_CH_TXFIFO_Flush
                0x08005bd8       0x1c ./Dave/Generated/UART/uart.o
 .text.XMC_USIC_CH_TXFIFO_IsFull
                0x08005bf4       0x28 ./Dave/Generated/UART/uart.o
 .text.XMC_USIC_CH_TXFIFO_IsEmpty
                0x08005c1c       0x28 ./Dave/Generated/UART/uart.o
 .text.UART_Init
                0x08005c44       0x24 ./Dave/Generated/UART/uart.o
                0x08005c44                UART_Init
 .text.UART_Transmit
                0x08005c68       0x38 ./Dave/Generated/UART/uart.o
                0x08005c68                UART_Transmit
 .text.UART_lStartTransmitPolling
                0x08005ca0       0xd4 ./Dave/Generated/UART/uart.o
 .text.XMC_USIC_CH_SetInputSource
                0x08005d74       0x3c ./Dave/Generated/UART/uart_conf.o
 .text.XMC_UART_CH_Init
                0x08005db0       0x1c ./Dave/Generated/UART/uart_conf.o
 .text.XMC_UART_CH_Start
                0x08005dcc       0x24 ./Dave/Generated/UART/uart_conf.o
 .text.UART_0_init
                0x08005df0       0x6c ./Dave/Generated/UART/uart_conf.o
                0x08005df0                UART_0_init
 .text.XMC_CCU4_EnableClock
                0x08005e5c       0x20 ./Dave/Generated/TIMER/timer.o
 .text.XMC_CCU4_SLICE_IsTimerRunning
                0x08005e7c       0x28 ./Dave/Generated/TIMER/timer.o
 .text.XMC_CCU4_SLICE_StartTimer
                0x08005ea4       0x18 ./Dave/Generated/TIMER/timer.o
 .text.XMC_CCU4_SLICE_StopTimer
                0x08005ebc       0x18 ./Dave/Generated/TIMER/timer.o
 .text.XMC_CCU4_SLICE_ClearTimer
                0x08005ed4       0x18 ./Dave/Generated/TIMER/timer.o
 .text.XMC_CCU4_SLICE_SetTimerPeriodMatch
                0x08005eec       0x1c ./Dave/Generated/TIMER/timer.o
 .text.XMC_CCU4_SLICE_SetTimerCompareMatch
                0x08005f08       0x1c ./Dave/Generated/TIMER/timer.o
 .text.XMC_CCU4_EnableShadowTransfer
                0x08005f24       0x1c ./Dave/Generated/TIMER/timer.o
 .text.XMC_CCU4_SLICE_ClearEvent
                0x08005f40       0x24 ./Dave/Generated/TIMER/timer.o
 .text.XMC_CCU4_SLICE_GetEvent
                0x08005f64       0x34 ./Dave/Generated/TIMER/timer.o
 .text.XMC_CCU8_EnableClock
                0x08005f98       0x20 ./Dave/Generated/TIMER/timer.o
 .text.XMC_CCU8_SLICE_IsTimerRunning
                0x08005fb8       0x28 ./Dave/Generated/TIMER/timer.o
 .text.XMC_CCU8_SLICE_StartTimer
                0x08005fe0       0x18 ./Dave/Generated/TIMER/timer.o
 .text.XMC_CCU8_SLICE_StopTimer
                0x08005ff8       0x18 ./Dave/Generated/TIMER/timer.o
 .text.XMC_CCU8_SLICE_ClearTimer
                0x08006010       0x18 ./Dave/Generated/TIMER/timer.o
 .text.XMC_CCU8_EnableShadowTransfer
                0x08006028       0x1c ./Dave/Generated/TIMER/timer.o
 .text.XMC_CCU8_SLICE_ClearEvent
                0x08006044       0x24 ./Dave/Generated/TIMER/timer.o
 .text.XMC_CCU8_SLICE_GetEvent
                0x08006068       0x34 ./Dave/Generated/TIMER/timer.o
 .text.TIMER_Init
                0x0800609c       0x50 ./Dave/Generated/TIMER/timer.o
                0x0800609c                TIMER_Init
 .text.TIMER_Start
                0x080060ec       0x50 ./Dave/Generated/TIMER/timer.o
                0x080060ec                TIMER_Start
 .text.TIMER_Stop
                0x0800613c       0x5c ./Dave/Generated/TIMER/timer.o
                0x0800613c                TIMER_Stop
 .text.TIMER_GetTimerStatus
                0x08006198       0x48 ./Dave/Generated/TIMER/timer.o
                0x08006198                TIMER_GetTimerStatus
 .text.TIMER_SetTimeInterval
                0x080061e0      0x1f8 ./Dave/Generated/TIMER/timer.o
                0x080061e0                TIMER_SetTimeInterval
 .text.TIMER_GetInterruptStatus
                0x080063d8       0x4c ./Dave/Generated/TIMER/timer.o
                0x080063d8                TIMER_GetInterruptStatus
 .text.TIMER_ClearEvent
                0x08006424       0x3c ./Dave/Generated/TIMER/timer.o
                0x08006424                TIMER_ClearEvent
 .text.TIMER_CCU4_lInit
                0x08006460       0x70 ./Dave/Generated/TIMER/timer.o
                0x08006460                TIMER_CCU4_lInit
 .text.TIMER_CCU4_lShadowTransfer
                0x080064d0       0x3c ./Dave/Generated/TIMER/timer.o
                0x080064d0                TIMER_CCU4_lShadowTransfer
 .text.TIMER_CCU8_lInit
                0x0800650c       0x70 ./Dave/Generated/TIMER/timer.o
                0x0800650c                TIMER_CCU8_lInit
 .text.TIMER_CCU8_lShadowTransfer
                0x0800657c       0x40 ./Dave/Generated/TIMER/timer.o
                0x0800657c                TIMER_CCU8_lShadowTransfer
 .text.__NVIC_GetPriorityGrouping
                0x080065bc       0x1c ./Dave/Generated/SYSTIMER/systimer.o
 .text.__NVIC_SetPriority
                0x080065d8       0x54 ./Dave/Generated/SYSTIMER/systimer.o
 .text.NVIC_EncodePriority
                0x0800662c       0x64 ./Dave/Generated/SYSTIMER/systimer.o
 .text.SysTick_Config
                0x08006690       0x44 ./Dave/Generated/SYSTIMER/systimer.o
 .text.SYSTIMER_lInsertTimerList
                0x080066d4      0x1c4 ./Dave/Generated/SYSTIMER/systimer.o
 .text.SYSTIMER_lRemoveTimerList
                0x08006898       0xc0 ./Dave/Generated/SYSTIMER/systimer.o
 .text.SYSTIMER_lTimerHandler
                0x08006958       0xcc ./Dave/Generated/SYSTIMER/systimer.o
 .text.SysTick_Handler
                0x08006a24       0x48 ./Dave/Generated/SYSTIMER/systimer.o
                0x08006a24                SysTick_Handler
 .text.SYSTIMER_Init
                0x08006a6c       0x74 ./Dave/Generated/SYSTIMER/systimer.o
                0x08006a6c                SYSTIMER_Init
 .text.SYSTIMER_CreateTimer
                0x08006ae0      0x13c ./Dave/Generated/SYSTIMER/systimer.o
                0x08006ae0                SYSTIMER_CreateTimer
 .text.SYSTIMER_StartTimer
                0x08006c1c       0x80 ./Dave/Generated/SYSTIMER/systimer.o
                0x08006c1c                SYSTIMER_StartTimer
 .text.XMC_SPI_CH_SetTransmitMode
                0x08006c9c       0x2c ./Dave/Generated/SPI_MASTER/spi_master.o
 .text.XMC_DMA_CH_Enable
                0x08006cc8       0x24 ./Dave/Generated/SPI_MASTER/spi_master.o
 .text.XMC_DMA_CH_SetSourceAddress
                0x08006cec       0x28 ./Dave/Generated/SPI_MASTER/spi_master.o
 .text.XMC_DMA_CH_SetDestinationAddress
                0x08006d14       0x2c ./Dave/Generated/SPI_MASTER/spi_master.o
 .text.XMC_DMA_CH_SetBlockSize
                0x08006d40       0x2c ./Dave/Generated/SPI_MASTER/spi_master.o
 .text.SPI_MASTER_Init
                0x08006d6c       0x20 ./Dave/Generated/SPI_MASTER/spi_master.o
                0x08006d6c                SPI_MASTER_Init
 .text.SPI_MASTER_Transmit
                0x08006d8c       0x34 ./Dave/Generated/SPI_MASTER/spi_master.o
                0x08006d8c                SPI_MASTER_Transmit
 .text.SPI_MASTER_Receive
                0x08006dc0       0x34 ./Dave/Generated/SPI_MASTER/spi_master.o
                0x08006dc0                SPI_MASTER_Receive
 .text.SPI_MASTER_StartTransmitDMA
                0x08006df4      0x1a8 ./Dave/Generated/SPI_MASTER/spi_master.o
                0x08006df4                SPI_MASTER_StartTransmitDMA
 .text.SPI_MASTER_StartReceiveDMA
                0x08006f9c       0xac ./Dave/Generated/SPI_MASTER/spi_master.o
                0x08006f9c                SPI_MASTER_StartReceiveDMA
 .text.SPI_MASTER_lReceiveDMA
                0x08007048       0xb4 ./Dave/Generated/SPI_MASTER/spi_master.o
 .text.SPI_MASTER_lStdRBUFFlush
                0x080070fc       0x1c ./Dave/Generated/SPI_MASTER/spi_master.o
 .text.XMC_USIC_CH_SetInputSource
                0x08007118       0x3c ./Dave/Generated/SPI_MASTER/spi_master_conf.o
 .text.XMC_USIC_CH_SetWordLength
                0x08007154       0x2c ./Dave/Generated/SPI_MASTER/spi_master_conf.o
 .text.XMC_USIC_CH_SetFrameLength
                0x08007180       0x2c ./Dave/Generated/SPI_MASTER/spi_master_conf.o
 .text.XMC_USIC_CH_GetTransmitBufferStatus
                0x080071ac       0x20 ./Dave/Generated/SPI_MASTER/spi_master_conf.o
 .text.XMC_USIC_CH_TriggerServiceRequest
                0x080071cc       0x20 ./Dave/Generated/SPI_MASTER/spi_master_conf.o
 .text.XMC_USIC_CH_ConfigureShiftClockOutput
                0x080071ec       0x2c ./Dave/Generated/SPI_MASTER/spi_master_conf.o
 .text.XMC_USIC_CH_SetMode
                0x08007218       0x28 ./Dave/Generated/SPI_MASTER/spi_master_conf.o
 .text.XMC_SPI_CH_Init
                0x08007240       0x1c ./Dave/Generated/SPI_MASTER/spi_master_conf.o
 .text.XMC_SPI_CH_Start
                0x0800725c       0x18 ./Dave/Generated/SPI_MASTER/spi_master_conf.o
 .text.XMC_SPI_CH_SetBitOrderMsbFirst
                0x08007274       0x20 ./Dave/Generated/SPI_MASTER/spi_master_conf.o
 .text.XMC_SPI_CH_SetSlaveSelectDelay
                0x08007294       0x2c ./Dave/Generated/SPI_MASTER/spi_master_conf.o
 .text.XMC_SPI_CH_DisableFEM
                0x080072c0       0x20 ./Dave/Generated/SPI_MASTER/spi_master_conf.o
 .text.XMC_SPI_CH_ConfigureShiftClockOutput
                0x080072e0       0x1c ./Dave/Generated/SPI_MASTER/spi_master_conf.o
 .text.XMC_SPI_CH_SetWordLength
                0x080072fc       0x1c ./Dave/Generated/SPI_MASTER/spi_master_conf.o
 .text.XMC_SPI_CH_SetFrameLength
                0x08007318       0x1c ./Dave/Generated/SPI_MASTER/spi_master_conf.o
 .text.XMC_SPI_CH_SetInputSource
                0x08007334       0x44 ./Dave/Generated/SPI_MASTER/spi_master_conf.o
 .text.SPI_MASTER_0_lInit
                0x08007378      0x140 ./Dave/Generated/SPI_MASTER/spi_master_conf.o
 .text.SPI_MASTER_0_DMA_tx_handler
                0x080074b8       0x38 ./Dave/Generated/SPI_MASTER/spi_master_conf.o
                0x080074b8                SPI_MASTER_0_DMA_tx_handler
 .text.SPI_MASTER_0_DMA_rx_handler
                0x080074f0       0x44 ./Dave/Generated/SPI_MASTER/spi_master_conf.o
                0x080074f0                SPI_MASTER_0_DMA_rx_handler
 .text.SDMMC_BLOCK_Init
                0x08007534       0x60 ./Dave/Generated/SDMMC_BLOCK/sdmmc_block.o
                0x08007534                SDMMC_BLOCK_Init
 .text.SDMMC_BLOCK_SPI_Init
                0x08007594       0x30 ./Dave/Generated/SDMMC_BLOCK/sdmmc_block_private_spi.o
                0x08007594                SDMMC_BLOCK_SPI_Init
 .text.RTC_Start
                0x080075c4        0xc ./Dave/Generated/RTC/rtc.o
 .text.RTC_Init
                0x080075d0       0x80 ./Dave/Generated/RTC/rtc.o
                0x080075d0                RTC_Init
 .text.RTC_lConfigureInterrupts
                0x08007650       0x78 ./Dave/Generated/RTC/rtc.o
                0x08007650                RTC_lConfigureInterrupts
 .text.RTC_lRegister_Callbacks
                0x080076c8       0x24 ./Dave/Generated/RTC/rtc.o
                0x080076c8                RTC_lRegister_Callbacks
 .text.RTC_SetTime
                0x080076ec       0xe4 ./Dave/Generated/RTC/rtc.o
                0x080076ec                RTC_SetTime
 .text.RTC_GetTime
                0x080077d0       0x50 ./Dave/Generated/RTC/rtc.o
                0x080077d0                RTC_GetTime
 .text.__NVIC_GetPriorityGrouping
                0x08007820       0x1c ./Dave/Generated/INTERRUPT/interrupt.o
 .text.__NVIC_EnableIRQ
                0x0800783c       0x38 ./Dave/Generated/INTERRUPT/interrupt.o
 .text.__NVIC_SetPriority
                0x08007874       0x54 ./Dave/Generated/INTERRUPT/interrupt.o
 .text.NVIC_EncodePriority
                0x080078c8       0x64 ./Dave/Generated/INTERRUPT/interrupt.o
 .text.INTERRUPT_Enable
                0x0800792c       0x1c ./Dave/Generated/INTERRUPT/interrupt.o
 .text.INTERRUPT_Init
                0x08007948       0x4c ./Dave/Generated/INTERRUPT/interrupt.o
                0x08007948                INTERRUPT_Init
 .text.XMC_USIC_CH_TXFIFO_IsFull
                0x08007994       0x28 ./Dave/Generated/I2C_MASTER/i2c_master.o
 .text.XMC_USIC_CH_TXFIFO_IsEmpty
                0x080079bc       0x28 ./Dave/Generated/I2C_MASTER/i2c_master.o
 .text.XMC_USIC_CH_RXFIFO_IsEmpty
                0x080079e4       0x28 ./Dave/Generated/I2C_MASTER/i2c_master.o
 .text.XMC_I2C_CH_GetStatusFlag
                0x08007a0c       0x18 ./Dave/Generated/I2C_MASTER/i2c_master.o
 .text.XMC_I2C_CH_ClearStatusFlag
                0x08007a24       0x20 ./Dave/Generated/I2C_MASTER/i2c_master.o
 .text.I2C_MASTER_IsTXFIFOFull
                0x08007a44       0x1c ./Dave/Generated/I2C_MASTER/i2c_master.o
 .text.I2C_MASTER_IsRXFIFOEmpty
                0x08007a60       0x1c ./Dave/Generated/I2C_MASTER/i2c_master.o
 .text.I2C_MASTER_GetReceivedByte
                0x08007a7c       0x1c ./Dave/Generated/I2C_MASTER/i2c_master.o
 .text.I2C_MASTER_TransmitByte
                0x08007a98       0x20 ./Dave/Generated/I2C_MASTER/i2c_master.o
 .text.I2C_MASTER_ReceiveACK
                0x08007ab8       0x18 ./Dave/Generated/I2C_MASTER/i2c_master.o
 .text.I2C_MASTER_ReceiveNACK
                0x08007ad0       0x18 ./Dave/Generated/I2C_MASTER/i2c_master.o
 .text.I2C_MASTER_SendStop
                0x08007ae8       0x24 ./Dave/Generated/I2C_MASTER/i2c_master.o
 .text.I2C_MASTER_SendStart
                0x08007b0c       0x34 ./Dave/Generated/I2C_MASTER/i2c_master.o
 .text.I2C_MASTER_SendRepeatedStart
                0x08007b40       0x34 ./Dave/Generated/I2C_MASTER/i2c_master.o
 .text.I2C_MASTER_Init
                0x08007b74       0x2c ./Dave/Generated/I2C_MASTER/i2c_master.o
                0x08007b74                I2C_MASTER_Init
 .text.I2C_MASTER_GetFlagStatus
                0x08007ba0       0x24 ./Dave/Generated/I2C_MASTER/i2c_master.o
                0x08007ba0                I2C_MASTER_GetFlagStatus
 .text.I2C_MASTER_ClearFlag
                0x08007bc4       0x1c ./Dave/Generated/I2C_MASTER/i2c_master.o
                0x08007bc4                I2C_MASTER_ClearFlag
 .text.I2C_MASTER_Transmit
                0x08007be0       0x54 ./Dave/Generated/I2C_MASTER/i2c_master.o
                0x08007be0                I2C_MASTER_Transmit
 .text.I2C_MASTER_Receive
                0x08007c34       0x58 ./Dave/Generated/I2C_MASTER/i2c_master.o
                0x08007c34                I2C_MASTER_Receive
 .text.I2C_MASTER_lSendStart_Or_RepeatedStart
                0x08007c8c       0x60 ./Dave/Generated/I2C_MASTER/i2c_master.o
 .text.I2C_MASTER_AbortTransmit
                0x08007cec       0x50 ./Dave/Generated/I2C_MASTER/i2c_master.o
                0x08007cec                I2C_MASTER_AbortTransmit
 .text.I2C_MASTER_lStartTransmitPolling
                0x08007d3c      0x194 ./Dave/Generated/I2C_MASTER/i2c_master.o
 .text.I2C_MASTER_lStartReceivePolling
                0x08007ed0      0x1c4 ./Dave/Generated/I2C_MASTER/i2c_master.o
 .text.XMC_USIC_CH_SetInputSource
                0x08008094       0x3c ./Dave/Generated/I2C_MASTER/i2c_master_conf.o
 .text.XMC_USIC_CH_SetMode
                0x080080d0       0x28 ./Dave/Generated/I2C_MASTER/i2c_master_conf.o
 .text.XMC_I2C_CH_Init
                0x080080f8       0x1c ./Dave/Generated/I2C_MASTER/i2c_master_conf.o
 .text.XMC_I2C_CH_Start
                0x08008114       0x18 ./Dave/Generated/I2C_MASTER/i2c_master_conf.o
 .text.I2C_MASTER_0_disable_io
                0x0800812c       0x20 ./Dave/Generated/I2C_MASTER/i2c_master_conf.o
 .text.I2C_MASTER_0_enable_io
                0x0800814c       0x24 ./Dave/Generated/I2C_MASTER/i2c_master_conf.o
 .text.I2C_MASTER_0_init
                0x08008170       0x68 ./Dave/Generated/I2C_MASTER/i2c_master_conf.o
                0x08008170                I2C_MASTER_0_init
 .text.I2C_MASTER_1_disable_io
                0x080081d8       0x20 ./Dave/Generated/I2C_MASTER/i2c_master_conf.o
 .text.I2C_MASTER_1_enable_io
                0x080081f8       0x24 ./Dave/Generated/I2C_MASTER/i2c_master_conf.o
 .text.I2C_MASTER_1_init
                0x0800821c       0x68 ./Dave/Generated/I2C_MASTER/i2c_master_conf.o
                0x0800821c                I2C_MASTER_1_init
 .text.__NVIC_GetPriorityGrouping
                0x08008284       0x1c ./Dave/Generated/GLOBAL_DMA/global_dma.o
 .text.__NVIC_EnableIRQ
                0x080082a0       0x38 ./Dave/Generated/GLOBAL_DMA/global_dma.o
 .text.__NVIC_SetPriority
                0x080082d8       0x54 ./Dave/Generated/GLOBAL_DMA/global_dma.o
 .text.NVIC_EncodePriority
                0x0800832c       0x64 ./Dave/Generated/GLOBAL_DMA/global_dma.o
 .text.GLOBAL_DMA_Init
                0x08008390       0x6c ./Dave/Generated/GLOBAL_DMA/global_dma.o
                0x08008390                GLOBAL_DMA_Init
 .text.GPDMA0_0_IRQHandler
                0x080083fc       0x10 ./Dave/Generated/GLOBAL_DMA/global_dma_conf.o
                0x080083fc                GPDMA0_0_IRQHandler
 .text.GPDMA1_0_IRQHandler
                0x0800840c       0x10 ./Dave/Generated/GLOBAL_DMA/global_dma_conf.o
                0x0800840c                GPDMA1_0_IRQHandler
 .text.XMC_CCU8_StartPrescaler
                0x0800841c       0x1c ./Dave/Generated/GLOBAL_CCU8/global_ccu8.o
 .text.GLOBAL_CCU8_Init
                0x08008438       0x40 ./Dave/Generated/GLOBAL_CCU8/global_ccu8.o
                0x08008438                GLOBAL_CCU8_Init
 .text.XMC_CCU4_StartPrescaler
                0x08008478       0x1c ./Dave/Generated/GLOBAL_CCU4/global_ccu4.o
 .text.GLOBAL_CCU4_Init
                0x08008494       0x40 ./Dave/Generated/GLOBAL_CCU4/global_ccu4.o
                0x08008494                GLOBAL_CCU4_Init
 .text.GLOBAL_CAN_Init
                0x080084d4       0x44 ./Dave/Generated/GLOBAL_CAN/global_can.o
                0x080084d4                GLOBAL_CAN_Init
 .text.FATFS_Init
                0x08008518       0x74 ./Dave/Generated/FATFS/fatfs.o
                0x08008518                FATFS_Init
 .text.DIGITAL_IO_Init
                0x0800858c       0x40 ./Dave/Generated/DIGITAL_IO/digital_io.o
                0x0800858c                DIGITAL_IO_Init
 .text.__NVIC_SetPriorityGrouping
                0x080085cc       0x48 ./Dave/Generated/CPU_CTRL_XMC4/cpu_ctrl_xmc4_conf.o
 .text.SystemCoreSetup
                0x08008614       0xa0 ./Dave/Generated/CPU_CTRL_XMC4/cpu_ctrl_xmc4_conf.o
                0x08008614                SystemCoreSetup
 .text.CLOCK_XMC4_Init
                0x080086b4       0x20 ./Dave/Generated/CLOCK_XMC4/clock_xmc4.o
                0x080086b4                CLOCK_XMC4_Init
 .text.OSCHP_GetFrequency
                0x080086d4       0x14 ./Dave/Generated/CLOCK_XMC4/clock_xmc4.o
                0x080086d4                OSCHP_GetFrequency
 .text.SystemCoreClockSetup
                0x080086e8       0x58 ./Dave/Generated/CLOCK_XMC4/clock_xmc4_conf.o
                0x080086e8                SystemCoreClockSetup
 .text.XMC_CAN_NODE_SetEventNodePointer
                0x08008740       0x38 ./Dave/Generated/CAN_NODE/can_node.o
 .text.XMC_CAN_NODE_SetReceiveInput
                0x08008778       0x2c ./Dave/Generated/CAN_NODE/can_node.o
 .text.XMC_CAN_NODE_EnableLoopBack
                0x080087a4       0x20 ./Dave/Generated/CAN_NODE/can_node.o
 .text.XMC_CAN_NODE_EnableConfigurationChange
                0x080087c4       0x20 ./Dave/Generated/CAN_NODE/can_node.o
 .text.XMC_CAN_NODE_DisableConfigurationChange
                0x080087e4       0x20 ./Dave/Generated/CAN_NODE/can_node.o
 .text.XMC_CAN_NODE_SetInitBit
                0x08008804       0x20 ./Dave/Generated/CAN_NODE/can_node.o
 .text.XMC_CAN_NODE_ResetInitBit
                0x08008824       0x20 ./Dave/Generated/CAN_NODE/can_node.o
 .text.XMC_CAN_NODE_ReSetAnalyzerMode
                0x08008844       0x20 ./Dave/Generated/CAN_NODE/can_node.o
 .text.XMC_CAN_MO_SetEventNodePointer
                0x08008864       0x3c ./Dave/Generated/CAN_NODE/can_node.o
 .text.XMC_CAN_MO_GetStatus
                0x080088a0       0x1c ./Dave/Generated/CAN_NODE/can_node.o
 .text.XMC_CAN_MO_EnableEvent
                0x080088bc       0x24 ./Dave/Generated/CAN_NODE/can_node.o
 .text.CAN_NODE_MO_EnableTxEvent
                0x080088e0       0x1c ./Dave/Generated/CAN_NODE/can_node.o
 .text.CAN_NODE_MO_EnableRxEvent
                0x080088fc       0x1c ./Dave/Generated/CAN_NODE/can_node.o
 .text.CAN_NODE_SetNodeEvents
                0x08008918       0x74 ./Dave/Generated/CAN_NODE/can_node.o
 .text.CAN_NODE_SetNodePointer
                0x0800898c       0x68 ./Dave/Generated/CAN_NODE/can_node.o
 .text.CAN_NODE_MO_Init
                0x080089f4       0x58 ./Dave/Generated/CAN_NODE/can_node.o
                0x080089f4                CAN_NODE_MO_Init
 .text.CAN_NODE_MO_Transmit
                0x08008a4c       0x24 ./Dave/Generated/CAN_NODE/can_node.o
                0x08008a4c                CAN_NODE_MO_Transmit
 .text.CAN_NODE_MO_Receive
                0x08008a70       0x24 ./Dave/Generated/CAN_NODE/can_node.o
                0x08008a70                CAN_NODE_MO_Receive
 .text.CAN_NODE_MO_UpdateData
                0x08008a94       0x40 ./Dave/Generated/CAN_NODE/can_node.o
                0x08008a94                CAN_NODE_MO_UpdateData
 .text.CAN_NODE_MO_GetStatus
                0x08008ad4       0x20 ./Dave/Generated/CAN_NODE/can_node.o
                0x08008ad4                CAN_NODE_MO_GetStatus
 .text.CAN_NODE_Init
                0x08008af4      0x148 ./Dave/Generated/CAN_NODE/can_node.o
                0x08008af4                CAN_NODE_Init
 .text.DAVE_Init
                0x08008c3c      0x690 ./Dave/Generated/DAVE.o
                0x08008c3c                DAVE_Init
 .text.OBDII_CAN_Tx
                0x080092cc      0x150 ./Can_Devices/OBD_II.o
                0x080092cc                OBDII_CAN_Tx
 .text.XMC_CAN_MO_ResetStatus
                0x0800941c       0x1c ./Can_Devices/can_matrix_bms_29bit.o
 .text.CAN_Rx_0x1808A7F3
                0x08009438       0x7c ./Can_Devices/can_matrix_bms_29bit.o
                0x08009438                CAN_Rx_0x1808A7F3
 .text.CAN_Rx_0x180AA7F3
                0x080094b4       0x7c ./Can_Devices/can_matrix_bms_29bit.o
                0x080094b4                CAN_Rx_0x180AA7F3
 .text.CAN_Rx_0x180BA7F3
                0x08009530       0x7c ./Can_Devices/can_matrix_bms_29bit.o
                0x08009530                CAN_Rx_0x180BA7F3
 .text.CAN_Rx_0x180EA7F3
                0x080095ac       0x7c ./Can_Devices/can_matrix_bms_29bit.o
                0x080095ac                CAN_Rx_0x180EA7F3
 .text.CAN_Rx_0x180FA7F3
                0x08009628       0x7c ./Can_Devices/can_matrix_bms_29bit.o
                0x08009628                CAN_Rx_0x180FA7F3
 .text.CAN_Rx_0x1810A7F3
                0x080096a4       0x7c ./Can_Devices/can_matrix_bms_29bit.o
                0x080096a4                CAN_Rx_0x1810A7F3
 .text.CAN_Rx_0x1814A7F3
                0x08009720       0x7c ./Can_Devices/can_matrix_bms_29bit.o
                0x08009720                CAN_Rx_0x1814A7F3
 .text.CAN_Rx_0x1815A7F3
                0x0800979c       0x7c ./Can_Devices/can_matrix_bms_29bit.o
                0x0800979c                CAN_Rx_0x1815A7F3
 .text.CAN_Rx_0x180CA7F3
                0x08009818       0x7c ./Can_Devices/can_matrix_bms_29bit.o
                0x08009818                CAN_Rx_0x180CA7F3
 .text.process_Rx_CAN_0X1810A7F3
                0x08009894       0x58 ./Can_Devices/can_matrix_bms_29bit.o
                0x08009894                process_Rx_CAN_0X1810A7F3
 .text.process_Rx_CAN_0X180EA7F3
                0x080098ec      0x208 ./Can_Devices/can_matrix_bms_29bit.o
                0x080098ec                process_Rx_CAN_0X180EA7F3
 .text.process_Rx_CAN_0X180FA7F3
                0x08009af4       0xa4 ./Can_Devices/can_matrix_bms_29bit.o
                0x08009af4                process_Rx_CAN_0X180FA7F3
 .text.process_Rx_CAN_0X1814A7F3
                0x08009b98       0x34 ./Can_Devices/can_matrix_bms_29bit.o
                0x08009b98                process_Rx_CAN_0X1814A7F3
 .text.process_Rx_CAN_0X1815A7F3
                0x08009bcc       0x34 ./Can_Devices/can_matrix_bms_29bit.o
                0x08009bcc                process_Rx_CAN_0X1815A7F3
 .text.process_Rx_CAN_0X1808A7F3
                0x08009c00       0x34 ./Can_Devices/can_matrix_bms_29bit.o
                0x08009c00                process_Rx_CAN_0X1808A7F3
 .text.process_Rx_CAN_0X180AA7F3
                0x08009c34       0xa0 ./Can_Devices/can_matrix_bms_29bit.o
                0x08009c34                process_Rx_CAN_0X180AA7F3
 .text.process_Rx_CAN_0X180BA7F3
                0x08009cd4       0xb0 ./Can_Devices/can_matrix_bms_29bit.o
                0x08009cd4                process_Rx_CAN_0X180BA7F3
 .text.process_Rx_CAN_0X180CA7F3
                0x08009d84       0xa4 ./Can_Devices/can_matrix_bms_29bit.o
                0x08009d84                process_Rx_CAN_0X180CA7F3
 .text.Read_can_bms_29bit
                0x08009e28       0x2c ./Can_Devices/can_matrix_bms_29bit.o
                0x08009e28                Read_can_bms_29bit
 .text.XMC_CAN_MO_ResetStatus
                0x08009e54       0x1c ./Can_Devices/can_matrix_cluster.o
 .text.Update_CAN_0x18FF0921
                0x08009e70       0x2c ./Can_Devices/can_matrix_cluster.o
                0x08009e70                Update_CAN_0x18FF0921
 .text.Update_CAN_0x0CF00400
                0x08009e9c       0x2c ./Can_Devices/can_matrix_cluster.o
                0x08009e9c                Update_CAN_0x0CF00400
 .text.Update_CAN_0x18FFC621
                0x08009ec8       0x2c ./Can_Devices/can_matrix_cluster.o
                0x08009ec8                Update_CAN_0x18FFC621
 .text.Update_CAN_0x18FFB632
                0x08009ef4       0x6c ./Can_Devices/can_matrix_cluster.o
                0x08009ef4                Update_CAN_0x18FFB632
 .text.Update_CAN_0x0CF10121
                0x08009f60       0x54 ./Can_Devices/can_matrix_cluster.o
                0x08009f60                Update_CAN_0x0CF10121
 .text.Update_CAN_0x18FEEE00
                0x08009fb4       0x2c ./Can_Devices/can_matrix_cluster.o
                0x08009fb4                Update_CAN_0x18FEEE00
 .text.Update_CAN_0x18FF2021
                0x08009fe0       0x2c ./Can_Devices/can_matrix_cluster.o
                0x08009fe0                Update_CAN_0x18FF2021
 .text.Update_CAN_0x18FF2121
                0x0800a00c       0x40 ./Can_Devices/can_matrix_cluster.o
                0x0800a00c                Update_CAN_0x18FF2121
 .text.Update_CAN_0x18FED911
                0x0800a04c       0x3c ./Can_Devices/can_matrix_cluster.o
                0x0800a04c                Update_CAN_0x18FED911
 .text.CAN_OUTPUT_CLUSTER
                0x0800a088       0xa0 ./Can_Devices/can_matrix_cluster.o
                0x0800a088                CAN_OUTPUT_CLUSTER
 .text.XMC_CAN_MO_ResetStatus
                0x0800a128       0x1c ./Can_Devices/can_matrix_eps.o
 .text.Read_CAN_0x1E5
                0x0800a144       0x7c ./Can_Devices/can_matrix_eps.o
                0x0800a144                Read_CAN_0x1E5
 .text.update_id0x4c5
                0x0800a1c0       0x50 ./Can_Devices/can_matrix_eps.o
                0x0800a1c0                update_id0x4c5
 .text.map      0x0800a210       0x58 ./Can_Devices/can_matrix_eps.o
                0x0800a210                map
 .text.update_id0x36a
                0x0800a268       0xb8 ./Can_Devices/can_matrix_eps.o
                0x0800a268                update_id0x36a
 .text.Process_Read_CAN_0x1E5
                0x0800a320       0x34 ./Can_Devices/can_matrix_eps.o
                0x0800a320                Process_Read_CAN_0x1E5
 .text.CAN_OUTPUT_EPS
                0x0800a354       0x10 ./Can_Devices/can_matrix_eps.o
                0x0800a354                CAN_OUTPUT_EPS
 .text.CAN_Read_EPS
                0x0800a364        0xc ./Can_Devices/can_matrix_eps.o
                0x0800a364                CAN_Read_EPS
 .text.XMC_GPIO_SetOutputHigh
                0x0800a370       0x20 ./Can_Devices/can_matrix_hvac.o
 .text.XMC_GPIO_SetOutputLow
                0x0800a390       0x24 ./Can_Devices/can_matrix_hvac.o
 .text.DIGITAL_IO_SetOutputHigh
                0x0800a3b4       0x20 ./Can_Devices/can_matrix_hvac.o
 .text.DIGITAL_IO_SetOutputLow
                0x0800a3d4       0x20 ./Can_Devices/can_matrix_hvac.o
 .text.XMC_CAN_MO_ResetStatus
                0x0800a3f4       0x1c ./Can_Devices/can_matrix_hvac.o
 .text.Process_Read_CAN_0x100
                0x0800a410       0x34 ./Can_Devices/can_matrix_hvac.o
                0x0800a410                Process_Read_CAN_0x100
 .text.Read_CAN_0x100
                0x0800a444       0x7c ./Can_Devices/can_matrix_hvac.o
                0x0800a444                Read_CAN_0x100
 .text.Read_CAN_Hifire_0x8000250
                0x0800a4c0       0x7c ./Can_Devices/can_matrix_hvac.o
                0x0800a4c0                Read_CAN_Hifire_0x8000250
 .text.Process_CAN_Hifire_0x8000250
                0x0800a53c       0x5c ./Can_Devices/can_matrix_hvac.o
                0x0800a53c                Process_CAN_Hifire_0x8000250
 .text.Process_CAN_0x100
                0x0800a598      0x190 ./Can_Devices/can_matrix_hvac.o
                0x0800a598                Process_CAN_0x100
 .text.CAN_INPUT_HVAC
                0x0800a728       0x14 ./Can_Devices/can_matrix_hvac.o
                0x0800a728                CAN_INPUT_HVAC
 .text.CAN_OUTPUT_COMPRESSOR
                0x0800a73c       0x94 ./Can_Devices/can_matrix_hvac.o
                0x0800a73c                CAN_OUTPUT_COMPRESSOR
 .text.CAN_NODE_MO_ReadData
                0x0800a7d0       0x38 ./Can_Devices/can_matrix_mc_curtis.o
                0x0800a7d0                CAN_NODE_MO_ReadData
 .text.calculate_speed
                0x0800a808       0xc8 ./Can_Devices/can_matrix_mc_curtis.o
                0x0800a808                calculate_speed
 .text.XMC_CAN_MO_ResetStatus
                0x0800a8d0       0x1c ./Can_Devices/can_matrix_mc_irp.o
 .text.CAN_Tx_id0x10
                0x0800a8ec       0x3c ./Can_Devices/can_matrix_mc_irp.o
                0x0800a8ec                CAN_Tx_id0x10
 .text.CAN_Tx_id0x20
                0x0800a928       0x3c ./Can_Devices/can_matrix_mc_irp.o
                0x0800a928                CAN_Tx_id0x20
 .text.CAN_Tx_id0x21
                0x0800a964       0x3c ./Can_Devices/can_matrix_mc_irp.o
                0x0800a964                CAN_Tx_id0x21
 .text.CAN_Rx_id0x13
                0x0800a9a0       0x7c ./Can_Devices/can_matrix_mc_irp.o
                0x0800a9a0                CAN_Rx_id0x13
 .text.CAN_Rx_id0x12
                0x0800aa1c       0x7c ./Can_Devices/can_matrix_mc_irp.o
                0x0800aa1c                CAN_Rx_id0x12
 .text.CAN_Rx_id0x30
                0x0800aa98       0x7c ./Can_Devices/can_matrix_mc_irp.o
                0x0800aa98                CAN_Rx_id0x30
 *fill*         0x0800ab14        0x4 
 .text.process_Rx_CAN_0x13
                0x0800ab18      0x2d0 ./Can_Devices/can_matrix_mc_irp.o
                0x0800ab18                process_Rx_CAN_0x13
 .text.process_Rx_CAN_0x12
                0x0800ade8       0x58 ./Can_Devices/can_matrix_mc_irp.o
                0x0800ade8                process_Rx_CAN_0x12
 .text.process_Rx_CAN_0x30
                0x0800ae40       0x34 ./Can_Devices/can_matrix_mc_irp.o
                0x0800ae40                process_Rx_CAN_0x30
 .text.Irp_Tx_29bit
                0x0800ae74       0x14 ./Can_Devices/can_matrix_mc_irp.o
                0x0800ae74                Irp_Tx_29bit
 .text.Irp_Rx_29bit
                0x0800ae88       0x14 ./Can_Devices/can_matrix_mc_irp.o
                0x0800ae88                Irp_Rx_29bit
 .text.XMC_CAN_MO_ResetStatus
                0x0800ae9c       0x1c ./Can_Devices/can_matrix_obc_madhura.o
 .text.Process_CAN_id0x18FF50E5
                0x0800aeb8       0xb4 ./Can_Devices/can_matrix_obc_madhura.o
                0x0800aeb8                Process_CAN_id0x18FF50E5
 .text.Read_CAN_id0x18FF50E5
                0x0800af6c       0xe0 ./Can_Devices/can_matrix_obc_madhura.o
                0x0800af6c                Read_CAN_id0x18FF50E5
 .text.Process_4G_Event_Data
                0x0800b04c      0x1b4 ./4g_module/4g_data_process.o
                0x0800b04c                Process_4G_Event_Data
 .text.set_RTC  0x0800b200      0x160 ./4g_module/4g_data_process.o
                0x0800b200                set_RTC
 .text.epoch_time
                0x0800b360       0x84 ./4g_module/4g_data_process.o
                0x0800b360                epoch_time
 .text.CalOdometer
                0x0800b3e4       0x8c ./4g_module/4g_data_process.o
                0x0800b3e4                CalOdometer
 .text.XMC_GPIO_SetOutputHigh
                0x0800b470       0x20 ./4g_module/GPS.o
 .text.XMC_GPIO_GetInput
                0x0800b490       0x28 ./4g_module/GPS.o
 .text.DIGITAL_IO_SetOutputHigh
                0x0800b4b8       0x20 ./4g_module/GPS.o
 .text.DIGITAL_IO_GetInput
                0x0800b4d8       0x24 ./4g_module/GPS.o
 .text.UART_GetReceivedWord
                0x0800b4fc       0x20 ./4g_module/GPS.o
 .text.clear_readbuff
                0x0800b51c       0x30 ./4g_module/GPS.o
                0x0800b51c                clear_readbuff
 .text.data_tx4g
                0x0800b54c       0x24 ./4g_module/GPS.o
                0x0800b54c                data_tx4g
 .text.Get_CurrentLocation
                0x0800b570      0x228 ./4g_module/GPS.o
                0x0800b570                Get_CurrentLocation
 .text.data_rx4gps
                0x0800b798       0x6c ./4g_module/GPS.o
                0x0800b798                data_rx4gps
 .text.XMC_USIC_CH_RXFIFO_IsEmpty
                0x0800b804       0x28 ./4g_module/at_handler.o
 .text.UART_GetReceivedWord
                0x0800b82c       0x20 ./4g_module/at_handler.o
 .text.at_initInterface
                0x0800b84c       0x34 ./4g_module/at_handler.o
                0x0800b84c                at_initInterface
 .text.at_readPort
                0x0800b880       0x14 ./4g_module/at_handler.o
                0x0800b880                at_readPort
 .text.at_isRxBuffEmpty
                0x0800b894       0x18 ./4g_module/at_handler.o
                0x0800b894                at_isRxBuffEmpty
 .text.at_writePort
                0x0800b8ac       0x48 ./4g_module/at_handler.o
                0x0800b8ac                at_writePort
 .text.XMC_GPIO_SetOutputHigh
                0x0800b8f4       0x20 ./4g_module/mdm_handler.o
 .text.XMC_GPIO_SetOutputLow
                0x0800b914       0x24 ./4g_module/mdm_handler.o
 .text.DIGITAL_IO_SetOutputHigh
                0x0800b938       0x20 ./4g_module/mdm_handler.o
 .text.DIGITAL_IO_SetOutputLow
                0x0800b958       0x20 ./4g_module/mdm_handler.o
 .text.delay    0x0800b978       0x50 ./4g_module/mdm_handler.o
 .text.mod_enable4gModule
                0x0800b9c8       0x3c ./4g_module/mdm_handler.o
                0x0800b9c8                mod_enable4gModule
 .text.mod_disable4gModule
                0x0800ba04       0x30 ./4g_module/mdm_handler.o
                0x0800ba04                mod_disable4gModule
 .text.mod_open4gModPort
                0x0800ba34       0x1c ./4g_module/mdm_handler.o
                0x0800ba34                mod_open4gModPort
 .text.mod_receiveRsp
                0x0800ba50      0x21c ./4g_module/mdm_handler.o
                0x0800ba50                mod_receiveRsp
 .text.mod_sendCmd
                0x0800bc6c       0x3c ./4g_module/mdm_handler.o
 .text.mod_sendCmdGetRsp
                0x0800bca8      0x550 ./4g_module/mdm_handler.o
 .text.mod_echoOff
                0x0800c1f8       0x64 ./4g_module/mdm_handler.o
 .text.mod_setUrcPort
                0x0800c25c       0x70 ./4g_module/mdm_handler.o
 .text.mod_setFlowCtrl
                0x0800c2cc       0x7c ./4g_module/mdm_handler.o
 .text.mod_extractModInfo
                0x0800c348       0xcc ./4g_module/mdm_handler.o
 .text.mod_enableSimDetection
                0x0800c414       0x7c ./4g_module/mdm_handler.o
 .text.mod_enableSimStatusReport
                0x0800c490       0x74 ./4g_module/mdm_handler.o
 .text.mod_checkSimStatus
                0x0800c504      0x100 ./4g_module/mdm_handler.o
 .text.mod_cpinCheck
                0x0800c604       0x8c ./4g_module/mdm_handler.o
 .text.mod_extractIMEI
                0x0800c690       0xf8 ./4g_module/mdm_handler.o
 .text.mod_extractCCID
                0x0800c788       0xcc ./4g_module/mdm_handler.o
 .text.mod_extractNUM
                0x0800c854       0x9c ./4g_module/mdm_handler.o
 .text.mod_extractOperator
                0x0800c8f0      0x118 ./4g_module/mdm_handler.o
 .text.mod_simStatus
                0x0800ca08      0x14c ./4g_module/mdm_handler.o
                0x0800ca08                mod_simStatus
 .text.mod_networkStatus
                0x0800cb54      0x140 ./4g_module/mdm_handler.o
 .text.mod_signalQuality
                0x0800cc94       0xa8 ./4g_module/mdm_handler.o
 .text.mod_extractDateTime
                0x0800cd3c      0x138 ./4g_module/mdm_handler.o
 .text.mod_mqttConnect
                0x0800ce74      0x298 ./4g_module/mdm_handler.o
 .text.mod_mqttEnableFunctionality
                0x0800d10c       0x78 ./4g_module/mdm_handler.o
 .text.mod_mqttDisableFunctionality
                0x0800d184       0x78 ./4g_module/mdm_handler.o
 .text.mod_mqttDisableEnableFunctionality
                0x0800d1fc       0x94 ./4g_module/mdm_handler.o
 .text.mod_mqttPublishData
                0x0800d290      0x420 ./4g_module/mdm_handler.o
 .text.mod_getCurrentTime
                0x0800d6b0       0x3c ./4g_module/mdm_handler.o
                0x0800d6b0                mod_getCurrentTime
 .text.mod_mqttSslMode
                0x0800d6ec       0x68 ./4g_module/mdm_handler.o
 .text.mod_mqttSslConfgi
                0x0800d754       0x68 ./4g_module/mdm_handler.o
 .text.mod_mqttSslCertUpload
                0x0800d7bc      0x288 ./4g_module/mdm_handler.o
 .text.mod_mqttSslCertDelete
                0x0800da44       0xf0 ./4g_module/mdm_handler.o
 .text.mod_mqttOpen
                0x0800db34      0x194 ./4g_module/mdm_handler.o
 .text.mod_mqttOpenConfig
                0x0800dcc8      0x3cc ./4g_module/mdm_handler.o
 .text.mod_gpsCfg
                0x0800e094       0xa4 ./4g_module/mdm_handler.o
 .text.mod_gpsEnable
                0x0800e138       0x6c ./4g_module/mdm_handler.o
 .text.mod_4gHandler
                0x0800e1a4      0x2b0 ./4g_module/mdm_handler.o
                0x0800e1a4                mod_4gHandler
 .text.mod_pub10sPackExtractGps
                0x0800e454      0x1e4 ./4g_module/mdm_handler.o
                0x0800e454                mod_pub10sPackExtractGps
 .text.load_descriptor_values
                0x0800e638      0x2d0 ./4g_module/pb_common.o
 .text.advance_iterator
                0x0800e908       0xc0 ./4g_module/pb_common.o
 .text.pb_field_iter_begin
                0x0800e9c8       0x34 ./4g_module/pb_common.o
                0x0800e9c8                pb_field_iter_begin
 .text.pb_field_iter_begin_extension
                0x0800e9fc       0x60 ./4g_module/pb_common.o
                0x0800e9fc                pb_field_iter_begin_extension
 .text.pb_field_iter_next
                0x0800ea5c       0x2c ./4g_module/pb_common.o
                0x0800ea5c                pb_field_iter_next
 .text.pb_const_cast
                0x0800ea88       0x1c ./4g_module/pb_common.o
 .text.pb_field_iter_begin_const
                0x0800eaa4       0x28 ./4g_module/pb_common.o
                0x0800eaa4                pb_field_iter_begin_const
 .text.pb_field_iter_begin_extension_const
                0x0800eacc       0x24 ./4g_module/pb_common.o
                0x0800eacc                pb_field_iter_begin_extension_const
 .text.pb_default_field_callback
                0x0800eaf0       0x6c ./4g_module/pb_common.o
                0x0800eaf0                pb_default_field_callback
 .text.buf_write
                0x0800eb5c       0x30 ./4g_module/pb_encode.o
 .text.pb_ostream_from_buffer
                0x0800eb8c       0x40 ./4g_module/pb_encode.o
                0x0800eb8c                pb_ostream_from_buffer
 .text.pb_write
                0x0800ebcc       0xa0 ./4g_module/pb_encode.o
                0x0800ebcc                pb_write
 .text.safe_read_bool
                0x0800ec6c       0x3c ./4g_module/pb_encode.o
 .text.encode_array
                0x0800eca8      0x2ac ./4g_module/pb_encode.o
 .text.pb_check_proto3_default_value
                0x0800ef54      0x240 ./4g_module/pb_encode.o
 .text.encode_basic_field
                0x0800f194       0xe8 ./4g_module/pb_encode.o
 .text.encode_callback_field
                0x0800f27c       0x54 ./4g_module/pb_encode.o
 .text.encode_field
                0x0800f2d0       0xe8 ./4g_module/pb_encode.o
 .text.default_extension_encoder
                0x0800f3b8       0x54 ./4g_module/pb_encode.o
 .text.encode_extension_field
                0x0800f40c       0x64 ./4g_module/pb_encode.o
 .text.pb_encode
                0x0800f470       0x88 ./4g_module/pb_encode.o
                0x0800f470                pb_encode
 .text.pb_encode_varint_32
                0x0800f4f8       0xdc ./4g_module/pb_encode.o
 .text.pb_encode_varint
                0x0800f5d4       0x4c ./4g_module/pb_encode.o
                0x0800f5d4                pb_encode_varint
 .text.pb_encode_svarint
                0x0800f620       0x6c ./4g_module/pb_encode.o
                0x0800f620                pb_encode_svarint
 .text.pb_encode_fixed32
                0x0800f68c       0x20 ./4g_module/pb_encode.o
                0x0800f68c                pb_encode_fixed32
 .text.pb_encode_fixed64
                0x0800f6ac       0x20 ./4g_module/pb_encode.o
                0x0800f6ac                pb_encode_fixed64
 .text.pb_encode_tag
                0x0800f6cc       0x44 ./4g_module/pb_encode.o
                0x0800f6cc                pb_encode_tag
 .text.pb_encode_tag_for_field
                0x0800f710       0x9c ./4g_module/pb_encode.o
                0x0800f710                pb_encode_tag_for_field
 .text.pb_encode_string
                0x0800f7ac       0x40 ./4g_module/pb_encode.o
                0x0800f7ac                pb_encode_string
 .text.pb_encode_submessage
                0x0800f7ec      0x11c ./4g_module/pb_encode.o
                0x0800f7ec                pb_encode_submessage
 .text.pb_enc_bool
                0x0800f908       0x30 ./4g_module/pb_encode.o
 .text.pb_enc_varint
                0x0800f938      0x168 ./4g_module/pb_encode.o
 .text.pb_enc_fixed
                0x0800faa0       0x5c ./4g_module/pb_encode.o
 .text.pb_enc_bytes
                0x0800fafc       0x7c ./4g_module/pb_encode.o
 .text.pb_enc_string
                0x0800fb78       0xbc ./4g_module/pb_encode.o
 .text.pb_enc_submessage
                0x0800fc34       0x8c ./4g_module/pb_encode.o
 .text.pb_enc_fixed_length_bytes
                0x0800fcc0       0x28 ./4g_module/pb_encode.o
 .text.uart_debugg
                0x0800fce8       0x14 ./Vcu_Init.o
                0x0800fce8                uart_debugg
 .text.Io_Exp_Init
                0x0800fcfc      0x174 ./Vcu_Init.o