Archive member included because of file (symbol)

c:/infineon/tools/dave ide/4.5.0.202105191637/eclipse/arm-gcc-49/bin/../lib/gcc/arm-none-eabi/4.9.3/../../../../arm-none-eabi/lib/armv7e-m/softfp\libm.a(lib_a-w_log.o)
                              ./InputCapture/temp_sensors.o (log)
c:/infineon/tools/dave ide/4.5.0.202105191637/eclipse/arm-gcc-49/bin/../lib/gcc/arm-none-eabi/4.9.3/../../../../arm-none-eabi/lib/armv7e-m/softfp\libm.a(lib_a-e_log.o)
                              c:/infineon/tools/dave ide/4.5.0.202105191637/eclipse/arm-gcc-49/bin/../lib/gcc/arm-none-eabi/4.9.3/../../../../arm-none-eabi/lib/armv7e-m/softfp\libm.a(lib_a-w_log.o) (__ieee754_log)
c:/infineon/tools/dave ide/4.5.0.202105191637/eclipse/arm-gcc-49/bin/../lib/gcc/arm-none-eabi/4.9.3/../../../../arm-none-eabi/lib/armv7e-m/softfp\libm.a(lib_a-s_fpclassify.o)
                              c:/infineon/tools/dave ide/4.5.0.202105191637/eclipse/arm-gcc-49/bin/../lib/gcc/arm-none-eabi/4.9.3/../../../../arm-none-eabi/lib/armv7e-m/softfp\libm.a(lib_a-w_log.o) (__fpclassifyd)
c:/infineon/tools/dave ide/4.5.0.202105191637/eclipse/arm-gcc-49/bin/../lib/gcc/arm-none-eabi/4.9.3/../../../../arm-none-eabi/lib/armv7e-m/softfp\libm.a(lib_a-s_lib_ver.o)
                              c:/infineon/tools/dave ide/4.5.0.202105191637/eclipse/arm-gcc-49/bin/../lib/gcc/arm-none-eabi/4.9.3/../../../../arm-none-eabi/lib/armv7e-m/softfp\libm.a(lib_a-w_log.o) (__fdlib_version)
c:/infineon/tools/dave ide/4.5.0.202105191637/eclipse/arm-gcc-49/bin/../lib/gcc/arm-none-eabi/4.9.3/../../../../arm-none-eabi/lib/armv7e-m/softfp\libm.a(lib_a-s_matherr.o)
                              c:/infineon/tools/dave ide/4.5.0.202105191637/eclipse/arm-gcc-49/bin/../lib/gcc/arm-none-eabi/4.9.3/../../../../arm-none-eabi/lib/armv7e-m/softfp\libm.a(lib_a-w_log.o) (matherr)
c:/infineon/tools/dave ide/4.5.0.202105191637/eclipse/arm-gcc-49/bin/../lib/gcc/arm-none-eabi/4.9.3/../../../../arm-none-eabi/lib/armv7e-m/softfp\libm.a(lib_a-s_nan.o)
                              c:/infineon/tools/dave ide/4.5.0.202105191637/eclipse/arm-gcc-49/bin/../lib/gcc/arm-none-eabi/4.9.3/../../../../arm-none-eabi/lib/armv7e-m/softfp\libm.a(lib_a-w_log.o) (nan)
c:/infineon/tools/dave ide/4.5.0.202105191637/eclipse/arm-gcc-49/bin/../lib/gcc/arm-none-eabi/4.9.3/armv7e-m/softfp\libgcc.a(_arm_addsubdf3.o)
                              ./Can_Devices/can_matrix_hvac.o (__aeabi_dsub)
c:/infineon/tools/dave ide/4.5.0.202105191637/eclipse/arm-gcc-49/bin/../lib/gcc/arm-none-eabi/4.9.3/armv7e-m/softfp\libgcc.a(_arm_muldivdf3.o)
                              ./VCU_OUT/ADS7961_LIB_2.o (__aeabi_dmul)
c:/infineon/tools/dave ide/4.5.0.202105191637/eclipse/arm-gcc-49/bin/../lib/gcc/arm-none-eabi/4.9.3/armv7e-m/softfp\libgcc.a(_arm_cmpdf2.o)
                              c:/infineon/tools/dave ide/4.5.0.202105191637/eclipse/arm-gcc-49/bin/../lib/gcc/arm-none-eabi/4.9.3/../../../../arm-none-eabi/lib/armv7e-m/softfp\libm.a(lib_a-w_log.o) (__aeabi_dcmpeq)
c:/infineon/tools/dave ide/4.5.0.202105191637/eclipse/arm-gcc-49/bin/../lib/gcc/arm-none-eabi/4.9.3/armv7e-m/softfp\libgcc.a(_arm_fixdfsi.o)
                              ./Can_Devices/can_matrix_mc_curtis.o (__aeabi_d2iz)
c:/infineon/tools/dave ide/4.5.0.202105191637/eclipse/arm-gcc-49/bin/../lib/gcc/arm-none-eabi/4.9.3/armv7e-m/softfp\libgcc.a(_arm_fixunsdfsi.o)
                              ./Can_Devices/can_matrix_mc_curtis.o (__aeabi_d2uiz)
c:/infineon/tools/dave ide/4.5.0.202105191637/eclipse/arm-gcc-49/bin/../lib/gcc/arm-none-eabi/4.9.3/armv7e-m/softfp\libgcc.a(_arm_truncdfsf2.o)
                              ./VCU_OUT/ADS7961_LIB_2.o (__aeabi_d2f)
c:/infineon/tools/dave ide/4.5.0.202105191637/eclipse/arm-gcc-49/bin/../lib/gcc/arm-none-eabi/4.9.3/armv7e-m/softfp\libgcc.a(_aeabi_uldivmod.o)
                              ./Dave/Generated/TIMER/timer.o (__aeabi_uldivmod)
c:/infineon/tools/dave ide/4.5.0.202105191637/eclipse/arm-gcc-49/bin/../lib/gcc/arm-none-eabi/4.9.3/armv7e-m/softfp\libgcc.a(bpabi.o)
                              c:/infineon/tools/dave ide/4.5.0.202105191637/eclipse/arm-gcc-49/bin/../lib/gcc/arm-none-eabi/4.9.3/armv7e-m/softfp\libgcc.a(_aeabi_uldivmod.o) (__gnu_uldivmod_helper)
c:/infineon/tools/dave ide/4.5.0.202105191637/eclipse/arm-gcc-49/bin/../lib/gcc/arm-none-eabi/4.9.3/armv7e-m/softfp\libgcc.a(_dvmd_tls.o)
                              c:/infineon/tools/dave ide/4.5.0.202105191637/eclipse/arm-gcc-49/bin/../lib/gcc/arm-none-eabi/4.9.3/armv7e-m/softfp\libgcc.a(_aeabi_uldivmod.o) (__aeabi_ldiv0)
c:/infineon/tools/dave ide/4.5.0.202105191637/eclipse/arm-gcc-49/bin/../lib/gcc/arm-none-eabi/4.9.3/armv7e-m/softfp\libgcc.a(_divdi3.o)
                              c:/infineon/tools/dave ide/4.5.0.202105191637/eclipse/arm-gcc-49/bin/../lib/gcc/arm-none-eabi/4.9.3/armv7e-m/softfp\libgcc.a(bpabi.o) (__divdi3)
c:/infineon/tools/dave ide/4.5.0.202105191637/eclipse/arm-gcc-49/bin/../lib/gcc/arm-none-eabi/4.9.3/armv7e-m/softfp\libgcc.a(_udivdi3.o)
[...]
Memory Configuration

Name             Origin             Length             Attributes
FLASH_1_cached   0x08000000         0x00200000         xr
FLASH_1_uncached 0x0c000000         0x00200000         xr
PSRAM_1          0x1ffe8000         0x00018000         !xr
DSRAM_1_system   0x20000000         0x00020000         !xr
DSRAM_2_comm     0x20020000         0x00020000         !xr
SRAM_combined    0x1ffe8000         0x00058000         !xr
*default*        0x00000000         0xffffffff

Linker script and memory map

LOAD ./timer_manager/timer_manager.o
LOAD ./state_detect_action/state_IG1.o
LOAD ./VCU_PROCESS/Faults_Process.o
LOAD ./VCU_PROCESS/RTC.o
LOAD ./VCU_PROCESS/State1_Process.o
LOAD ./VCU_PROCESS/State2_Process.o
LOAD ./VCU_PROCESS/Vcu_Process.o
LOAD ./VCU_PROCESS/init_hw.o
LOAD ./VCU_OUT/ADS7961_LIB_2.o
LOAD ./VCU_OUT/State_1.o
LOAD ./VCU_OUT/State_2.o
LOAD ./VCU_OUT/Vcu_Out.o
LOAD ./Startup/startup_XMC4700.o
LOAD ./Startup/system_XMC4700.o
LOAD ./Libraries/XMCLib/src/xmc4_eru.o
LOAD ./Libraries/XMCLib/src/xmc4_flash.o
LOAD ./Libraries/XMCLib/src/xmc4_gpio.o
LOAD ./Libraries/XMCLib/src/xmc4_rtc.o
LOAD ./Libraries/XMCLib/src/xmc4_scu.o
LOAD ./Libraries/XMCLib/src/xmc_can.o
LOAD ./Libraries/XMCLib/src/xmc_ccu4.o
LOAD ./Libraries/XMCLib/src/xmc_ccu8.o
LOAD ./Libraries/XMCLib/src/xmc_common.o
LOAD ./Libraries/XMCLib/src/xmc_dac.o
LOAD ./Libraries/XMCLib/src/xmc_dma.o
LOAD ./Libraries/XMCLib/src/xmc_dsd.o
LOAD ./Libraries/XMCLib/src/xmc_ebu.o
LOAD ./Libraries/XMCLib/src/xmc_ecat.o
LOAD ./Libraries/XMCLib/src/xmc_eru.o
LOAD ./Libraries/XMCLib/src/xmc_eth_mac.o
LOAD ./Libraries/XMCLib/src/xmc_eth_phy_dp83848.o
LOAD ./Libraries/XMCLib/src/xmc_eth_phy_ksz8031rnl.o
LOAD ./Libraries/XMCLib/src/xmc_eth_phy_ksz8081rnb.o
LOAD ./Libraries/XMCLib/src/xmc_fce.o
LOAD ./Libraries/XMCLib/src/xmc_gpio.o
LOAD ./Libraries/XMCLib/src/xmc_hrpwm.o
LOAD ./Libraries/XMCLib/src/xmc_i2c.o
LOAD ./Libraries/XMCLib/src/xmc_i2s.o
LOAD ./Libraries/XMCLib/src/xmc_ledts.o
LOAD ./Libraries/XMCLib/src/xmc_posif.o
LOAD ./Libraries/XMCLib/src/xmc_rtc.o
LOAD ./Libraries/XMCLib/src/xmc_sdmmc.o
LOAD ./Libraries/XMCLib/src/xmc_spi.o
LOAD ./Libraries/XMCLib/src/xmc_uart.o
LOAD ./Libraries/XMCLib/src/xmc_usbd.o
LOAD ./Libraries/XMCLib/src/xmc_usbh.o
LOAD ./Libraries/XMCLib/src/xmc_usic.o
LOAD ./Libraries/XMCLib/src/xmc_vadc.o
LOAD ./Libraries/XMCLib/src/xmc_wdt.o
LOAD ./Libraries/Newlib/syscalls.o
LOAD ./InputCapture/IOExp_lib.o
LOAD ./InputCapture/InputCapture.o
LOAD ./InputCapture/State_1_InputCapture.o
LOAD ./InputCapture/State_2_InputCapture.o
LOAD ./InputCapture/temp_sensors.o
LOAD ./Dave/Generated/WATCHDOG/watchdog.o
LOAD ./Dave/Generated/WATCHDOG/watchdog_conf.o
LOAD ./Dave/Generated/UART/uart.o
LOAD ./Dave/Generated/UART/uart_conf.o
LOAD ./Dave/Generated/TIMER/timer.o
LOAD ./Dave/Generated/TIMER/timer_conf.o
LOAD ./Dave/Generated/SYSTIMER/systimer.o
LOAD ./Dave/Generated/SYSTIMER/systimer_conf.o
LOAD ./Dave/Generated/SPI_MASTER/spi_master.o
LOAD ./Dave/Generated/SPI_MASTER/spi_master_conf.o
LOAD ./Dave/Generated/SDMMC_BLOCK/sdmmc_block.o
LOAD ./Dave/Generated/SDMMC_BLOCK/sdmmc_block_conf.o
LOAD ./Dave/Generated/SDMMC_BLOCK/sdmmc_block_private_spi.o
LOAD ./Dave/Generated/RTC/rtc.o
LOAD ./Dave/Generated/RTC/rtc_conf.o
LOAD ./Dave/Generated/INTERRUPT/interrupt.o
LOAD ./Dave/Generated/INTERRUPT/interrupt_conf.o
LOAD ./Dave/Generated/I2C_MASTER/i2c_master.o
LOAD ./Dave/Generated/I2C_MASTER/i2c_master_conf.o
LOAD ./Dave/Generated/GLOBAL_DMA/global_dma.o
LOAD ./Dave/Generated/GLOBAL_DMA/global_dma_conf.o
LOAD ./Dave/Generated/GLOBAL_CCU8/global_ccu8.o
LOAD ./Dave/Generated/GLOBAL_CCU8/global_ccu8_conf.o
LOAD ./Dave/Generated/GLOBAL_CCU4/global_ccu4.o
LOAD ./Dave/Generated/GLOBAL_CCU4/global_ccu4_conf.o
LOAD ./Dave/Generated/GLOBAL_CAN/global_can.o
LOAD ./Dave/Generated/GLOBAL_CAN/global_can_conf.o
LOAD ./Dave/Generated/FATFS/ff_Src/ff.o
LOAD ./Dave/Generated/FATFS/ff_Src/ffsystem.o
LOAD ./Dave/Generated/FATFS/ff_Src/ffunicode.o
LOAD ./Dave/Generated/FATFS/fatfs.o
LOAD ./Dave/Generated/FATFS/fatfs_conf.o
LOAD ./Dave/Generated/FATFS/sltha.o
LOAD ./Dave/Generated/DIGITAL_IO/digital_io.o
LOAD ./Dave/Generated/DIGITAL_IO/digital_io_conf.o
LOAD ./Dave/Generated/CPU_CTRL_XMC4/cpu_ctrl_xmc4.o
LOAD ./Dave/Generated/CPU_CTRL_XMC4/cpu_ctrl_xmc4_conf.o
LOAD ./Dave/Generated/CLOCK_XMC4/clock_xmc4.o
LOAD ./Dave/Generated/CLOCK_XMC4/clock_xmc4_conf.o
LOAD ./Dave/Generated/CAN_NODE/can_node.o
LOAD ./Dave/Generated/CAN_NODE/can_node_conf.o
LOAD ./Dave/Generated/DAVE.o
LOAD ./Can_Devices/OBD_II.o
LOAD ./Can_Devices/can_matrix_bms.o
LOAD ./Can_Devices/can_matrix_bms_29bit.o
LOAD ./Can_Devices/can_matrix_cluster.o
LOAD ./Can_Devices/can_matrix_eps.o
LOAD ./Can_Devices/can_matrix_hvac.o
LOAD ./Can_Devices/can_matrix_mc_curtis.o
LOAD ./Can_Devices/can_matrix_mc_gtake.o
LOAD ./Can_Devices/can_matrix_mc_gtake_29bit.o
LOAD ./Can_Devices/can_matrix_mc_irp.o
LOAD ./Can_Devices/can_matrix_obc_madhura.o
LOAD ./Can_Devices/can_matrix_obc_triphase.o
LOAD ./4g_module/4g_data_process.o
LOAD ./4g_module/GPS.o
LOAD ./4g_module/V26_10sec_fleet.pb.o
LOAD ./4g_module/at_handler.o
LOAD ./4g_module/comman.o
LOAD ./4g_module/mdm_handler.o
LOAD ./4g_module/pb_common.o
LOAD ./4g_module/pb_encode.o
LOAD ./4g_module/sd_card.o
LOAD ./Vcu_Init.o
LOAD ./main.o
LOAD c:/infineon/tools/dave ide/4.5.0.202105191637/eclipse/arm-gcc-49/bin/../lib/gcc/arm-none-eabi/4.9.3/../../../../arm-none-eabi/lib/armv7e-m/softfp\libm.a
START GROUP
LOAD c:/infineon/tools/dave ide/4.5.0.202105191637/eclipse/arm-gcc-49/bin/../lib/gcc/arm-none-eabi/4.9.3/armv7e-m/softfp\libgcc.a
LOAD c:/infineon/tools/dave ide/4.5.0.202105191637/eclipse/arm-gcc-49/bin/../lib/gcc/arm-none-eabi/4.9.3/../../../../arm-none-eabi/lib/armv7e-m/softfp\libg_nano.a
LOAD c:/infineon/tools/dave ide/4.5.0.202105191637/eclipse/arm-gcc-49/bin/../lib/gcc/arm-none-eabi/4.9.3/../../../../arm-none-eabi/lib/armv7e-m/softfp\libc_nano.a
END GROUP
START GROUP
LOAD c:/infineon/tools/dave ide/4.5.0.202105191637/eclipse/arm-gcc-49/bin/../lib/gcc/arm-none-eabi/4.9.3/armv7e-m/softfp\libgcc.a
LOAD c:/infineon/tools/dave ide/4.5.0.202105191637/eclipse/arm-gcc-49/bin/../lib/gcc/arm-none-eabi/4.9.3/../../../../arm-none-eabi/lib/armv7e-m/softfp\libc_nano.a
LOAD c:/infineon/tools/dave ide/4.5.0.202105191637/eclipse/arm-gcc-49/bin/../lib/gcc/arm-none-eabi/4.9.3/../../../../arm-none-eabi/lib/armv7e-m/softfp\libnosys.a
END GROUP
START GROUP
LOAD c:/infineon/tools/dave ide/4.5.0.202105191637/eclipse/arm-gcc-49/bin/../lib/gcc/arm-none-eabi/4.9.3/armv7e-m/softfp\libgcc.a
LOAD c:/infineon/tools/dave ide/4.5.0.202105191637/eclipse/arm-gcc-49/bin/../lib/gcc/arm-none-eabi/4.9.3/../../../../arm-none-eabi/lib/armv7e-m/softfp\libc_nano.a
LOAD c:/infineon/tools/dave ide/4.5.0.202105191637/eclipse/arm-gcc-49/bin/../lib/gcc/arm-none-eabi/4.9.3/../../../../arm-none-eabi/lib/armv7e-m/softfp\libnosys.a
END GROUP
                0x00000800                stack_size = DEFINED (stack_size)?stack_size:0x800
                0x00000040                no_init_size = 0x40

.text           0x08000000    0x14504 load address 0x0c000000
                0x08000000                sText = .
 *(.reset)
 .reset         0x08000000      0x29c ./Startup/startup_XMC4700.o
                0x08000000                __Vectors
                0x08000200                Reset_Handler
                0x08000298                DSD0_7_IRQHandler
                0x08000298                DebugMon_Handler
                0x08000298                VADC0_C0_0_IRQHandler
                0x08000298                CAN0_4_IRQHandler
                0x08000298                VADC0_G2_0_IRQHandler
                0x08000298                USIC0_5_IRQHandler
                0x08000298                POSIF0_0_IRQHandler
                0x08000298                POSIF1_0_IRQHandler
                0x08000298                HardFault_Handler
                0x08000298                VADC0_G1_1_IRQHandler
                0x08000298                PendSV_Handler
                0x08000298                USIC1_3_IRQHandler
                0x08000298                CCU40_2_IRQHandler
                0x08000298                SCU_0_IRQHandler
                0x08000298                ERU0_0_IRQHandler
                0x08000298                CCU41_0_IRQHandler
                0x08000298                USIC1_5_IRQHandler
                0x08000298                DSD0_4_IRQHandler
                0x08000298                CCU80_1_IRQHandler
                0x08000298                UsageFault_Handler
                0x08000298                USIC0_0_IRQHandler
                0x08000298                POSIF1_1_IRQHandler
                0x08000298                ERU0_2_IRQHandler
                0x08000298                CCU81_1_IRQHandler
                0x08000298                ERU1_1_IRQHandler
                0x08000298                VADC0_G2_3_IRQHandler
                0x08000298                VADC0_G2_2_IRQHandler
                0x08000298                CCU42_3_IRQHandler
                0x08000298                ERU0_3_IRQHandler
                0x08000298                DSD0_5_IRQHandler
                0x08000298                VADC0_C0_3_IRQHandler
                0x08000298                CAN0_6_IRQHandler
                0x08000298                CCU43_0_IRQHandler
                0x08000298                VADC0_G0_1_IRQHandler
                0x08000298                CCU81_2_IRQHandler
                0x08000298                USIC2_4_IRQHandler
                0x08000298                CCU81_3_IRQHandler
                0x08000298                CCU42_1_IRQHandler
                0x08000298                USIC1_1_IRQHandler
                0x08000298                USIC2_5_IRQHandler
                0x08000298                CCU40_0_IRQHandler
                0x08000298                CAN0_0_IRQHandler
                0x08000298                ERU1_0_IRQHandler
                0x08000298                CCU42_2_IRQHandler
                0x08000298                Default_Handler
                0x08000298                USIC1_4_IRQHandler
                0x08000298                ERU1_3_IRQHandler
                0x08000298                USIC1_0_IRQHandler
                0x08000298                POSIF0_1_IRQHandler
                0x08000298                VADC0_G0_0_IRQHandler
                0x08000298                DSD0_2_IRQHandler
                0x08000298                CCU80_3_IRQHandler
                0x08000298                CCU41_3_IRQHandler
                0x08000298                CCU80_2_IRQHandler
                0x08000298                VADC0_G1_3_IRQHandler
                0x08000298                VADC0_G0_3_IRQHandler
                0x08000298                PMU0_0_IRQHandler
                0x08000298                CAN0_7_IRQHandler
                0x08000298                DSD0_1_IRQHandler
                0x08000298                CCU41_2_IRQHandler
                0x08000298                VADC0_C0_1_IRQHandler
                0x08000298                CCU43_2_IRQHandler
                0x08000298                USIC2_2_IRQHandler
                0x08000298                MemManage_Handler
                0x08000298                VADC0_G3_1_IRQHandler
                0x08000298                DAC0_0_IRQHandler
                0x08000298                SVC_Handler
                0x08000298                VADC0_G3_3_IRQHandler
                0x08000298                ERU1_2_IRQHandler
                0x08000298                CCU41_1_IRQHandler
                0x08000298                DSD0_6_IRQHandler
                0x08000298                CCU43_1_IRQHandler
                0x08000298                VADC0_G1_2_IRQHandler
                0x08000298                USIC2_3_IRQHandler
                0x08000298                CAN0_2_IRQHandler
                0x08000298                USIC2_0_IRQHandler
                0x08000298                VADC0_G0_2_IRQHandler
                0x08000298                VADC0_G2_1_IRQHandler
                0x08000298                CAN0_3_IRQHandler
                0x08000298                ETH0_0_IRQHandler
                0x08000298                USIC0_3_IRQHandler
                0x08000298                DSD0_0_IRQHandler
                0x08000298                VADC0_C0_2_IRQHandler
                0x08000298                CCU42_0_IRQHandler
                0x08000298                FCE0_0_IRQHandler
                0x08000298                VADC0_G1_0_IRQHandler
                0x08000298                USB0_0_IRQHandler
                0x08000298                CAN0_5_IRQHandler
                0x08000298                CCU80_0_IRQHandler
                0x08000298                CCU40_1_IRQHandler
                0x08000298                USIC2_1_IRQHandler
                0x08000298                USIC0_1_IRQHandler
                0x08000298                VADC0_G3_2_IRQHandler
                0x08000298                CCU40_3_IRQHandler
                0x08000298                BusFault_Handler
                0x08000298                LEDTS0_0_IRQHandler
                0x08000298                USIC0_4_IRQHandler
                0x08000298                CCU43_3_IRQHandler
                0x08000298                ERU0_1_IRQHandler
                0x08000298                VADC0_G3_0_IRQHandler
                0x08000298                USIC1_2_IRQHandler
                0x08000298                DSD0_3_IRQHandler
                0x08000298                SDMMC0_0_IRQHandler
                0x08000298                CAN0_1_IRQHandler
                0x08000298                USIC0_2_IRQHandler
                0x08000298                DAC0_1_IRQHandler
 *(.text .text.* .gnu.linkonce.t.*)
 .text.tm_sysTickCallback
                0x0800029c       0x88 ./timer_manager/timer_manager.o
                0x0800029c                tm_sysTickCallback
 .text.tm_setTimerCount
                0x08000324       0x40 ./timer_manager/timer_manager.o
                0x08000324                tm_setTimerCount
 .text.tm_startTimer
                0x08000364       0x40 ./timer_manager/timer_manager.o
                0x08000364                tm_startTimer
 .text.tm_setResetTimer
                0x080003a4       0x1c ./timer_manager/timer_manager.o
                0x080003a4                tm_setResetTimer
 .text.tm_getResetTimerValue
                0x080003c0       0x18 ./timer_manager/timer_manager.o
                0x080003c0                tm_getResetTimerValue
 .text.tm_set4gRunTimer
                0x080003d8       0x1c ./timer_manager/timer_manager.o
                0x080003d8                tm_set4gRunTimer
 .text.tm_get4gRunTimerValue
                0x080003f4       0x18 ./timer_manager/timer_manager.o
                0x080003f4                tm_get4gRunTimerValue
 .text.tm_setResponseTime
                0x0800040c       0x1c ./timer_manager/timer_manager.o
                0x0800040c                tm_setResponseTime
 .text.tm_getResponseTimeValue
                0x08000428       0x18 ./timer_manager/timer_manager.o
                0x08000428                tm_getResponseTimeValue
 .text.tm_clearResponseTime
                0x08000440       0x18 ./timer_manager/timer_manager.o
                0x08000440                tm_clearResponseTime
 .text.allFaults_Process
                0x08000458        0xc ./VCU_PROCESS/Faults_Process.o
                0x08000458                allFaults_Process
 .text.RTC_Start
                0x08000464        0xc ./VCU_PROCESS/RTC.o
 .text.RTC_Stop
                0x08000470        0xc ./VCU_PROCESS/RTC.o
 .text.RTC_init
                0x0800047c       0x2c ./VCU_PROCESS/RTC.o
                0x0800047c                RTC_init
 .text.Process_State1_Inputs
                0x080004a8       0x58 ./VCU_PROCESS/State1_Process.o
                0x080004a8                Process_State1_Inputs
 .text.hazzard  0x08000500       0x88 ./VCU_PROCESS/State1_Process.o
                0x08000500                hazzard
 .text.Process_Io_exp_U24
                0x08000588       0x2c ./VCU_PROCESS/State1_Process.o
                0x08000588                Process_Io_exp_U24
 .text.Process_cluster_indicators
                0x080005b4      0x118 ./VCU_PROCESS/State1_Process.o
                0x080005b4                Process_cluster_indicators
 .text.cluster_indicators_off
                0x080006cc       0x58 ./VCU_PROCESS/State1_Process.o
                0x080006cc                cluster_indicators_off
 .text.all_Ig1_Inputs_off
                0x08000724        0xc ./VCU_PROCESS/State1_Process.o
                0x08000724                all_Ig1_Inputs_off
 .text.Process_drive_mode
                0x08000730       0xb8 ./VCU_PROCESS/State1_Process.o
                0x08000730                Process_drive_mode
 .text.Process_cluster_drivemode
                0x080007e8       0x34 ./VCU_PROCESS/State1_Process.o
                0x080007e8                Process_cluster_drivemode
 .text.Process_motordrive_mode
                0x0800081c       0x18 ./VCU_PROCESS/State1_Process.o
                0x0800081c                Process_motordrive_mode
 .text.motordrive_mode_irp
                0x08000834       0x40 ./VCU_PROCESS/State1_Process.o
                0x08000834                motordrive_mode_irp
 .text.Process_Regen_Control
                0x08000874       0x8c ./VCU_PROCESS/State1_Process.o
                0x08000874                Process_Regen_Control
 .text.Process_faciaaswitches
                0x08000900        0xc ./VCU_PROCESS/State1_Process.o
                0x08000900                Process_faciaaswitches
 .text.CCU81_0_IRQHandler
                0x0800090c        0xc ./VCU_PROCESS/State1_Process.o
                0x0800090c                CCU81_0_IRQHandler
 .text.Process_State2_Inputs
                0x08000918       0x34 ./VCU_PROCESS/State2_Process.o
                0x08000918                Process_State2_Inputs
 .text.Process_vehicleDrive_Inputs
                0x0800094c       0x34 ./VCU_PROCESS/State2_Process.o
                0x0800094c                Process_vehicleDrive_Inputs
 .text.Process_vehicleDrive_Inputs_off
                0x08000980       0x30 ./VCU_PROCESS/State2_Process.o
                0x08000980                Process_vehicleDrive_Inputs_off
 .text.Process_ig2_lights
                0x080009b0       0x1c ./VCU_PROCESS/State2_Process.o
                0x080009b0                Process_ig2_lights
 .text.Process_ig2_lights_off
                0x080009cc       0x18 ./VCU_PROCESS/State2_Process.o
                0x080009cc                Process_ig2_lights_off
 .text.Process_VcuOutputs_Update
                0x080009e4       0xd8 ./VCU_PROCESS/Vcu_Process.o
                0x080009e4                Process_VcuOutputs_Update
 .text.all_doors
                0x08000abc       0xec ./VCU_PROCESS/Vcu_Process.o
                0x08000abc                all_doors
 .text.charger_on
                0x08000ba8       0x18 ./VCU_PROCESS/Vcu_Process.o
                0x08000ba8                charger_on
 .text.init_hw  0x08000bc0       0x38 ./VCU_PROCESS/init_hw.o
                0x08000bc0                init_hw
 .text.XMC_GPIO_SetOutputHigh
                0x08000bf8       0x20 ./VCU_OUT/ADS7961_LIB_2.o
 .text.XMC_GPIO_SetOutputLow
                0x08000c18       0x24 ./VCU_OUT/ADS7961_LIB_2.o
 *fill*         0x08000c3c        0x4 
 .text.DROPPED_IN_12_volt
                0x08000c40       0x88 ./VCU_OUT/ADS7961_LIB_2.o
                0x08000c40                DROPPED_IN_12_volt
 .text.convert_raw_data_into_current
                0x08000cc8       0xb8 ./VCU_OUT/ADS7961_LIB_2.o
                0x08000cc8                convert_raw_data_into_current
 .text.SPI_ADC_ProcessModeChange
                0x08000d80       0x3c ./VCU_OUT/ADS7961_LIB_2.o
                0x08000d80                SPI_ADC_ProcessModeChange
 .text.SPI_ADC_MANUAL_MODE
                0x08000dbc       0x10 ./VCU_OUT/ADS7961_LIB_2.o
                0x08000dbc                SPI_ADC_MANUAL_MODE
 .text.ADS7861_MANUAL_MODE_PKT
                0x08000dcc       0x5c ./VCU_OUT/ADS7961_LIB_2.o
                0x08000dcc                ADS7861_MANUAL_MODE_PKT
 .text.SPI_ADS7961_AUTO2_Init
                0x08000e28      0x170 ./VCU_OUT/ADS7961_LIB_2.o
                0x08000e28                SPI_ADS7961_AUTO2_Init
 .text.SPI_ADS7961_AUTO_MODE2
                0x08000f98      0x1ac ./VCU_OUT/ADS7961_LIB_2.o
                0x08000f98                SPI_ADS7961_AUTO_MODE2
 .text.ADC_Read_by_Channel
                0x08001144      0x20c ./VCU_OUT/ADS7961_LIB_2.o
                0x08001144                ADC_Read_by_Channel
 .text.XMC_GPIO_SetOutputHigh
                0x08001350       0x20 ./VCU_OUT/State_1.o
 .text.XMC_GPIO_SetOutputLow
                0x08001370       0x24 ./VCU_OUT/State_1.o
 .text.DIGITAL_IO_SetOutputHigh
                0x08001394       0x20 ./VCU_OUT/State_1.o
 .text.DIGITAL_IO_SetOutputLow
                0x080013b4       0x20 ./VCU_OUT/State_1.o
 .text.State_1  0x080013d4       0x44 ./VCU_OUT/State_1.o
                0x080013d4                State_1
 .text.ignition1_d_on
                0x08001418       0x6c ./VCU_OUT/State_1.o
                0x08001418                ignition1_d_on
 .text.ignition1_d_off
                0x08001484       0x70 ./VCU_OUT/State_1.o
                0x08001484                ignition1_d_off
 .text.all_direct_controlled_relay_off
                0x080014f4       0x10 ./VCU_OUT/State_1.o
                0x080014f4                all_direct_controlled_relay_off
 .text.Can_Outputs_State1
                0x08001504       0x10 ./VCU_OUT/State_1.o
                0x08001504                Can_Outputs_State1
 .text.cluster_indicators_Out
                0x08001514       0xe8 ./VCU_OUT/State_1.o
                0x08001514                cluster_indicators_Out
 .text.VcuOut_IoExp_U24
                0x080015fc       0xa0 ./VCU_OUT/State_1.o
                0x080015fc                VcuOut_IoExp_U24
 .text.VcuOut_IoExp_U25
                0x0800169c        0xc ./VCU_OUT/State_1.o
                0x0800169c                VcuOut_IoExp_U25
 .text.faciaaswitches
                0x080016a8       0x24 ./VCU_OUT/State_1.o
                0x080016a8                faciaaswitches
 .text.XMC_GPIO_SetOutputHigh
                0x080016cc       0x20 ./VCU_OUT/State_2.o
 .text.XMC_GPIO_SetOutputLow
                0x080016ec       0x24 ./VCU_OUT/State_2.o
 .text.DIGITAL_IO_SetOutputHigh
                0x08001710       0x20 ./VCU_OUT/State_2.o
 .text.DIGITAL_IO_SetOutputLow
                0x08001730       0x20 ./VCU_OUT/State_2.o
 .text.State_2  0x08001750       0x3c ./VCU_OUT/State_2.o
                0x08001750                State_2
 .text.ignition2_d_on
                0x0800178c       0x70 ./VCU_OUT/State_2.o
                0x0800178c                ignition2_d_on
 .text.ignition2_d_off
                0x080017fc       0x7c ./VCU_OUT/State_2.o
                0x080017fc                ignition2_d_off
 .text.Can_Outputs_State2
                0x08001878       0x10 ./VCU_OUT/State_2.o
                0x08001878                Can_Outputs_State2
 .text.VcuOut_MotorController
                0x08001888        0xc ./VCU_OUT/State_2.o
                0x08001888                VcuOut_MotorController
 .text.VcuOut_MotorController_IRP
                0x08001894       0xdc ./VCU_OUT/State_2.o
                0x08001894                VcuOut_MotorController_IRP
 .text.VcuOut_MotorController_off
                0x08001970        0xc ./VCU_OUT/State_2.o
                0x08001970                VcuOut_MotorController_off
 .text.VcuOut_MotorController_off_IRP
                0x0800197c       0x60 ./VCU_OUT/State_2.o
                0x0800197c                VcuOut_MotorController_off_IRP
 .text.VcuOut_MotorController_IRP_BMS_Status
                0x080019dc      0x13c ./VCU_OUT/State_2.o
                0x080019dc                VcuOut_MotorController_IRP_BMS_Status
 .text.State2_Lights
                0x08001b18       0x2c ./VCU_OUT/State_2.o
                0x08001b18                State2_Lights
 .text.XMC_GPIO_SetOutputHigh
                0x08001b44       0x20 ./VCU_OUT/Vcu_Out.o
 .text.XMC_GPIO_SetOutputLow
                0x08001b64       0x24 ./VCU_OUT/Vcu_Out.o
 .text.DIGITAL_IO_SetOutputHigh
                0x08001b88       0x20 ./VCU_OUT/Vcu_Out.o
 .text.DIGITAL_IO_SetOutputLow
                0x08001ba8       0x20 ./VCU_OUT/Vcu_Out.o
 .text.OutPutAction_Update
                0x08001bc8       0x28 ./VCU_OUT/Vcu_Out.o
                0x08001bc8                OutPutAction_Update
 .text.Lights_on_off
                0x08001bf0       0x40 ./VCU_OUT/Vcu_Out.o
                0x08001bf0                Lights_on_off
 .text.VcuOut_MotorController_IRPbrakes
                0x08001c30       0x48 ./VCU_OUT/Vcu_Out.o
                0x08001c30                VcuOut_MotorController_IRPbrakes
 .text.door_en_cabin_light
                0x08001c78       0x48 ./VCU_OUT/Vcu_Out.o
                0x08001c78                door_en_cabin_light
 .text.ALL_CONDITION_ON
                0x08001cc0       0x44 ./VCU_OUT/Vcu_Out.o
                0x08001cc0                ALL_CONDITION_ON
 .text.charger_connected_inVoff
                0x08001d04       0x14 ./VCU_OUT/Vcu_Out.o
                0x08001d04                charger_connected_inVoff
 .text.can_outputs_allState
                0x08001d18       0x10 ./VCU_OUT/Vcu_Out.o
                0x08001d18                can_outputs_allState
 .text.limphome_Mode_IRP
                0x08001d28       0x34 ./VCU_OUT/Vcu_Out.o
                0x08001d28                limphome_Mode_IRP
 .text.SystemInit
                0x08001d5c       0x20 ./Startup/system_XMC4700.o
                0x08001d5c                SystemInit
 .text.SystemCoreClockUpdate
                0x08001d7c       0xd4 ./Startup/system_XMC4700.o
                0x08001d7c                SystemCoreClockUpdate
 .text.XMC_GPIO_Init
                0x08001e50      0x14c ./Libraries/XMCLib/src/xmc4_gpio.o
                0x08001e50                XMC_GPIO_Init
 .text.XMC_RTC_IsRunning
                0x08001f9c       0x24 ./Libraries/XMCLib/src/xmc4_rtc.o
 .text.XMC_SCU_GetMirrorStatus
                0x08001fc0       0x18 ./Libraries/XMCLib/src/xmc4_rtc.o
 .text.XMC_RTC_Init
                0x08001fd8       0xa4 ./Libraries/XMCLib/src/xmc4_rtc.o
                0x08001fd8                XMC_RTC_Init
 .text.XMC_RTC_EnableEvent
                0x0800207c       0x30 ./Libraries/XMCLib/src/xmc4_rtc.o
                0x0800207c                XMC_RTC_EnableEvent
 .text.XMC_SCU_CLOCK_GetCpuClockFrequency
                0x080020ac       0x18 ./Libraries/XMCLib/src/xmc4_scu.o
 .text.XMC_SCU_GetMirrorStatus
                0x080020c4       0x18 ./Libraries/XMCLib/src/xmc4_scu.o
 .text.XMC_SCU_lDelay
                0x080020dc       0x44 ./Libraries/XMCLib/src/xmc4_scu.o
 .text.XMC_SCU_INTERRUPT_EnableEvent
                0x08002120       0x24 ./Libraries/XMCLib/src/xmc4_scu.o
                0x08002120                XMC_SCU_INTERRUPT_EnableEvent
 .text.XMC_SCU_INTERUPT_GetEventStatus
                0x08002144       0x18 ./Libraries/XMCLib/src/xmc4_scu.o
                0x08002144                XMC_SCU_INTERUPT_GetEventStatus
 .text.XMC_SCU_INTERRUPT_ClearEventStatus
                0x0800215c       0x1c ./Libraries/XMCLib/src/xmc4_scu.o
                0x0800215c                XMC_SCU_INTERRUPT_ClearEventStatus
 .text.XMC_SCU_CLOCK_Init
                0x08002178       0xf8 ./Libraries/XMCLib/src/xmc4_scu.o
                0x08002178                XMC_SCU_CLOCK_Init
 .text.XMC_SCU_INTERRUPT_EnableNmiRequest
                0x08002270       0x24 ./Libraries/XMCLib/src/xmc4_scu.o
                0x08002270                XMC_SCU_INTERRUPT_EnableNmiRequest
 .text.XMC_SCU_RESET_DeassertPeripheralReset
                0x08002294       0x38 ./Libraries/XMCLib/src/xmc4_scu.o
                0x08002294                XMC_SCU_RESET_DeassertPeripheralReset
 .text.XMC_SCU_RESET_IsPeripheralResetAsserted
                0x080022cc       0x48 ./Libraries/XMCLib/src/xmc4_scu.o
                0x080022cc                XMC_SCU_RESET_IsPeripheralResetAsserted
 .text.XMC_SCU_CLOCK_GetPeripheralClockFrequency
                0x08002314       0x20 ./Libraries/XMCLib/src/xmc4_scu.o
                0x08002314                XMC_SCU_CLOCK_GetPeripheralClockFrequency
 .text.XMC_SCU_CLOCK_SetSystemClockSource
                0x08002334       0x28 ./Libraries/XMCLib/src/xmc4_scu.o
                0x08002334                XMC_SCU_CLOCK_SetSystemClockSource
 .text.XMC_SCU_CLOCK_SetUsbClockSource
                0x0800235c       0x28 ./Libraries/XMCLib/src/xmc4_scu.o
                0x0800235c                XMC_SCU_CLOCK_SetUsbClockSource
 .text.XMC_SCU_CLOCK_SetWdtClockSource
                0x08002384       0x28 ./Libraries/XMCLib/src/xmc4_scu.o
                0x08002384                XMC_SCU_CLOCK_SetWdtClockSource
 .text.XMC_SCU_CLOCK_SetSystemPllClockSource
                0x080023ac       0x40 ./Libraries/XMCLib/src/xmc4_scu.o
                0x080023ac                XMC_SCU_CLOCK_SetSystemPllClockSource
 .text.XMC_SCU_HIB_SetRtcClockSource
                0x080023ec       0x3c ./Libraries/XMCLib/src/xmc4_scu.o
                0x080023ec                XMC_SCU_HIB_SetRtcClockSource
 .text.XMC_SCU_HIB_SetStandbyClockSource
                0x08002428       0x3c ./Libraries/XMCLib/src/xmc4_scu.o
                0x08002428                XMC_SCU_HIB_SetStandbyClockSource
 .text.XMC_SCU_CLOCK_SetSystemClockDivider
                0x08002464       0x28 ./Libraries/XMCLib/src/xmc4_scu.o
                0x08002464                XMC_SCU_CLOCK_SetSystemClockDivider
 .text.XMC_SCU_CLOCK_SetCcuClockDivider
                0x0800248c       0x28 ./Libraries/XMCLib/src/xmc4_scu.o
                0x0800248c                XMC_SCU_CLOCK_SetCcuClockDivider
 .text.XMC_SCU_CLOCK_SetCpuClockDivider
                0x080024b4       0x28 ./Libraries/XMCLib/src/xmc4_scu.o
                0x080024b4                XMC_SCU_CLOCK_SetCpuClockDivider
 .text.XMC_SCU_CLOCK_SetPeripheralClockDivider
                0x080024dc       0x28 ./Libraries/XMCLib/src/xmc4_scu.o
                0x080024dc                XMC_SCU_CLOCK_SetPeripheralClockDivider
 .text.XMC_SCU_CLOCK_SetUsbClockDivider
                0x08002504       0x28 ./Libraries/XMCLib/src/xmc4_scu.o
                0x08002504                XMC_SCU_CLOCK_SetUsbClockDivider
 .text.XMC_SCU_CLOCK_SetEbuClockDivider
                0x0800252c       0x28 ./Libraries/XMCLib/src/xmc4_scu.o
                0x0800252c                XMC_SCU_CLOCK_SetEbuClockDivider
 .text.XMC_SCU_CLOCK_SetWdtClockDivider
                0x08002554       0x28 ./Libraries/XMCLib/src/xmc4_scu.o
                0x08002554                XMC_SCU_CLOCK_SetWdtClockDivider
 .text.XMC_SCU_CLOCK_EnableClock
                0x0800257c       0x20 ./Libraries/XMCLib/src/xmc4_scu.o
                0x0800257c                XMC_SCU_CLOCK_EnableClock
 .text.XMC_SCU_CLOCK_UngatePeripheralClock
                0x0800259c       0x38 ./Libraries/XMCLib/src/xmc4_scu.o
                0x0800259c                XMC_SCU_CLOCK_UngatePeripheralClock
 .text.XMC_SCU_CLOCK_IsPeripheralClockGated
                0x080025d4       0x48 ./Libraries/XMCLib/src/xmc4_scu.o
                0x080025d4                XMC_SCU_CLOCK_IsPeripheralClockGated
 .text.XMC_SCU_CLOCK_EnableUsbPll
                0x0800261c       0x20 ./Libraries/XMCLib/src/xmc4_scu.o
                0x0800261c                XMC_SCU_CLOCK_EnableUsbPll
 .text.XMC_SCU_CLOCK_StartUsbPll
                0x0800263c       0xb4 ./Libraries/XMCLib/src/xmc4_scu.o
                0x0800263c                XMC_SCU_CLOCK_StartUsbPll
 .text.XMC_SCU_CLOCK_SetBackupClockCalibrationMode
                0x080026f0       0x4c ./Libraries/XMCLib/src/xmc4_scu.o
                0x080026f0                XMC_SCU_CLOCK_SetBackupClockCalibrationMode
 .text.XMC_SCU_HIB_EnableHibernateDomain
                0x0800273c       0x58 ./Libraries/XMCLib/src/xmc4_scu.o
                0x0800273c                XMC_SCU_HIB_EnableHibernateDomain
 .text.XMC_SCU_HIB_IsHibernateDomainEnabled
                0x08002794       0x3c ./Libraries/XMCLib/src/xmc4_scu.o
                0x08002794                XMC_SCU_HIB_IsHibernateDomainEnabled
 .text.XMC_SCU_CLOCK_IsLowPowerOscillatorStable
                0x080027d0       0x24 ./Libraries/XMCLib/src/xmc4_scu.o
                0x080027d0                XMC_SCU_CLOCK_IsLowPowerOscillatorStable
 .text.XMC_SCU_CLOCK_EnableLowPowerOscillator
                0x080027f4       0x70 ./Libraries/XMCLib/src/xmc4_scu.o
                0x080027f4                XMC_SCU_CLOCK_EnableLowPowerOscillator
 .text.XMC_SCU_CLOCK_EnableHighPerformanceOscillator
                0x08002864       0x50 ./Libraries/XMCLib/src/xmc4_scu.o
                0x08002864                XMC_SCU_CLOCK_EnableHighPerformanceOscillator
 .text.XMC_SCU_CLOCK_IsHighPerformanceOscillatorStable
                0x080028b4       0x28 ./Libraries/XMCLib/src/xmc4_scu.o
                0x080028b4                XMC_SCU_CLOCK_IsHighPerformanceOscillatorStable
 .text.XMC_SCU_CLOCK_EnableSystemPll
                0x080028dc       0x20 ./Libraries/XMCLib/src/xmc4_scu.o
                0x080028dc                XMC_SCU_CLOCK_EnableSystemPll
 .text.XMC_SCU_CLOCK_DisableSystemPll
                0x080028fc       0x20 ./Libraries/XMCLib/src/xmc4_scu.o
                0x080028fc                XMC_SCU_CLOCK_DisableSystemPll
 .text.XMC_SCU_CLOCK_StartSystemPll
                0x0800291c      0x19c ./Libraries/XMCLib/src/xmc4_scu.o
                0x0800291c                XMC_SCU_CLOCK_StartSystemPll
 .text.XMC_SCU_CLOCK_StepSystemPllFrequency
                0x08002ab8       0x3c ./Libraries/XMCLib/src/xmc4_scu.o
                0x08002ab8                XMC_SCU_CLOCK_StepSystemPllFrequency
 .text.XMC_CAN_IsPanelControlReady
                0x08002af4       0x28 ./Libraries/XMCLib/src/xmc_can.o
 .text.XMC_CAN_PanelControl
                0x08002b1c       0x3c ./Libraries/XMCLib/src/xmc_can.o
 .text.XMC_CAN_NODE_EnableConfigurationChange
                0x08002b58       0x20 ./Libraries/XMCLib/src/xmc_can.o
 .text.XMC_CAN_NODE_DisableConfigurationChange
                0x08002b78       0x20 ./Libraries/XMCLib/src/xmc_can.o
 .text.max      0x08002b98       0x20 ./Libraries/XMCLib/src/xmc_can.o
 .text.min      0x08002bb8       0x20 ./Libraries/XMCLib/src/xmc_can.o
 .text.XMC_CAN_NODE_NominalBitTimeConfigureEx
                0x08002bd8      0x150 ./Libraries/XMCLib/src/xmc_can.o
                0x08002bd8                XMC_CAN_NODE_NominalBitTimeConfigureEx
 .text.XMC_CAN_AllocateMOtoNodeList
                0x08002d28       0x3c ./Libraries/XMCLib/src/xmc_can.o
                0x08002d28                XMC_CAN_AllocateMOtoNodeList
 .text.XMC_CAN_Enable
                0x08002d64       0x38 ./Libraries/XMCLib/src/xmc_can.o
                0x08002d64                XMC_CAN_Enable
 .text.XMC_CAN_SetBaudrateClockSource
                0x08002d9c       0x2c ./Libraries/XMCLib/src/xmc_can.o
                0x08002d9c                XMC_CAN_SetBaudrateClockSource
 .text.XMC_CAN_GetBaudrateClockSource
                0x08002dc8       0x24 ./Libraries/XMCLib/src/xmc_can.o
                0x08002dc8                XMC_CAN_GetBaudrateClockSource
 .text.XMC_CAN_GetBaudrateClockFrequency
                0x08002dec       0x38 ./Libraries/XMCLib/src/xmc_can.o
                0x08002dec                XMC_CAN_GetBaudrateClockFrequency
 .text.XMC_CAN_InitEx
                0x08002e24       0x80 ./Libraries/XMCLib/src/xmc_can.o
                0x08002e24                XMC_CAN_InitEx
 .text.XMC_CAN_MO_Config
                0x08002ea4      0x138 ./Libraries/XMCLib/src/xmc_can.o
                0x08002ea4                XMC_CAN_MO_Config
 .text.XMC_CAN_MO_UpdateData
                0x08002fdc       0x70 ./Libraries/XMCLib/src/xmc_can.o
                0x08002fdc                XMC_CAN_MO_UpdateData
 .text.XMC_CAN_MO_Transmit
                0x0800304c       0x5c ./Libraries/XMCLib/src/xmc_can.o
                0x0800304c                XMC_CAN_MO_Transmit
 .text.XMC_CAN_MO_Receive
                0x080030a8      0x1a0 ./Libraries/XMCLib/src/xmc_can.o
                0x080030a8                XMC_CAN_MO_Receive
 .text.XMC_CAN_NODE_EnableEvent
                0x08003248       0x38 ./Libraries/XMCLib/src/xmc_can.o
                0x08003248                XMC_CAN_NODE_EnableEvent
 .text.XMC_CCU4_StartPrescaler
                0x08003280       0x1c ./Libraries/XMCLib/src/xmc_ccu4.o
 .text.XMC_CCU4_lDeassertReset
                0x0800329c       0x60 ./Libraries/XMCLib/src/xmc_ccu4.o
 .text.XMC_CCU4_lUngateClock
                0x080032fc       0x60 ./Libraries/XMCLib/src/xmc_ccu4.o
 .text.XMC_CCU4_EnableModule
                0x0800335c       0x20 ./Libraries/XMCLib/src/xmc_ccu4.o
                0x0800335c                XMC_CCU4_EnableModule
 .text.XMC_CCU4_Init
                0x0800337c       0x3c ./Libraries/XMCLib/src/xmc_ccu4.o
                0x0800337c                XMC_CCU4_Init
 .text.XMC_CCU4_SLICE_CompareInit
                0x080033b8       0x6c ./Libraries/XMCLib/src/xmc_ccu4.o
                0x080033b8                XMC_CCU4_SLICE_CompareInit
 .text.XMC_CCU4_SLICE_SetPrescaler
                0x08003424       0x3c ./Libraries/XMCLib/src/xmc_ccu4.o
                0x08003424                XMC_CCU4_SLICE_SetPrescaler
 .text.XMC_CCU8_StartPrescaler
                0x08003460       0x1c ./Libraries/XMCLib/src/xmc_ccu8.o
 .text.XMC_CCU8_SLICE_StopTimer
                0x0800347c       0x18 ./Libraries/XMCLib/src/xmc_ccu8.o
 .text.XMC_CCU8_lDeassertReset
                0x08003494       0x38 ./Libraries/XMCLib/src/xmc_ccu8.o
 .text.XMC_CCU8_lUngateClock
                0x080034cc       0x38 ./Libraries/XMCLib/src/xmc_ccu8.o
 .text.XMC_CCU8_EnableModule
                0x08003504       0x20 ./Libraries/XMCLib/src/xmc_ccu8.o
                0x08003504                XMC_CCU8_EnableModule
 .text.XMC_CCU8_Init
                0x08003524       0x3c ./Libraries/XMCLib/src/xmc_ccu8.o
                0x08003524                XMC_CCU8_Init
 .text.XMC_CCU8_SLICE_CompareInit
                0x08003560       0x74 ./Libraries/XMCLib/src/xmc_ccu8.o
                0x08003560                XMC_CCU8_SLICE_CompareInit
 .text.XMC_CCU8_SLICE_SetTimerPeriodMatch
                0x080035d4       0x1c ./Libraries/XMCLib/src/xmc_ccu8.o
                0x080035d4                XMC_CCU8_SLICE_SetTimerPeriodMatch
 .text.XMC_CCU8_SLICE_SetPrescaler
                0x080035f0       0x3c ./Libraries/XMCLib/src/xmc_ccu8.o
                0x080035f0                XMC_CCU8_SLICE_SetPrescaler
 .text.XMC_CCU8_SLICE_SetTimerCompareMatch
                0x0800362c       0x30 ./Libraries/XMCLib/src/xmc_ccu8.o
                0x0800362c                XMC_CCU8_SLICE_SetTimerCompareMatch
 .text.XMC_DMA_GetEventStatus
                0x0800365c       0x1c ./Libraries/XMCLib/src/xmc_dma.o
 .text.XMC_DMA_GetChannelsTransferCompleteStatus
                0x08003678       0x1c ./Libraries/XMCLib/src/xmc_dma.o
 .text.XMC_DMA_GetChannelsBlockCompleteStatus
                0x08003694       0x1c ./Libraries/XMCLib/src/xmc_dma.o
 .text.XMC_DMA_GetChannelsSourceTransactionCompleteStatus
                0x080036b0       0x1c ./Libraries/XMCLib/src/xmc_dma.o
 .text.XMC_DMA_GetChannelsDestinationTransactionCompleteStatus
                0x080036cc       0x1c ./Libraries/XMCLib/src/xmc_dma.o
 .text.XMC_DMA_GetChannelsErrorStatus
                0x080036e8       0x1c ./Libraries/XMCLib/src/xmc_dma.o
 .text.XMC_DMA_Init
                0x08003704       0x14 ./Libraries/XMCLib/src/xmc_dma.o
                0x08003704                XMC_DMA_Init
 .text.XMC_DMA_Enable
                0x08003718       0x44 ./Libraries/XMCLib/src/xmc_dma.o
                0x08003718                XMC_DMA_Enable
 .text.XMC_DMA_IsEnabled
                0x0800375c       0xe4 ./Libraries/XMCLib/src/xmc_dma.o
                0x0800375c                XMC_DMA_IsEnabled
 .text.XMC_DMA_EnableRequestLine
                0x08003840       0x98 ./Libraries/XMCLib/src/xmc_dma.o
                0x08003840                XMC_DMA_EnableRequestLine
 .text.XMC_DMA_CH_IsEnabled
                0x080038d8       0x34 ./Libraries/XMCLib/src/xmc_dma.o
                0x080038d8                XMC_DMA_CH_IsEnabled
 .text.XMC_DMA_CH_Init
                0x0800390c      0x40c ./Libraries/XMCLib/src/xmc_dma.o
                0x0800390c                XMC_DMA_CH_Init
 .text.XMC_DMA_CH_EnableEvent
                0x08003d18       0x50 ./Libraries/XMCLib/src/xmc_dma.o
                0x08003d18                XMC_DMA_CH_EnableEvent
 .text.XMC_DMA_CH_ClearEventStatus
                0x08003d68       0x4c ./Libraries/XMCLib/src/xmc_dma.o
                0x08003d68                XMC_DMA_CH_ClearEventStatus
 .text.XMC_DMA_CH_SetEventHandler
                0x08003db4       0x44 ./Libraries/XMCLib/src/xmc_dma.o
                0x08003db4                XMC_DMA_CH_SetEventHandler
 .text.XMC_DMA_IRQHandler
                0x08003df8      0x220 ./Libraries/XMCLib/src/xmc_dma.o
                0x08003df8                XMC_DMA_IRQHandler
 .text.XMC_GPIO_SetMode
                0x08004018       0x80 ./Libraries/XMCLib/src/xmc_gpio.o
                0x08004018                XMC_GPIO_SetMode
 .text.XMC_GPIO_SetHardwareControl
                0x08004098       0x44 ./Libraries/XMCLib/src/xmc_gpio.o
                0x08004098                XMC_GPIO_SetHardwareControl
 .text.XMC_USIC_CH_GetTransmitBufferStatus
                0x080040dc       0x20 ./Libraries/XMCLib/src/xmc_i2c.o
 .text.XMC_I2C_CH_ClearStatusFlag
                0x080040fc       0x20 ./Libraries/XMCLib/src/xmc_i2c.o
 .text.XMC_I2C_CH_InitEx
                0x0800411c       0x60 ./Libraries/XMCLib/src/xmc_i2c.o
                0x0800411c                XMC_I2C_CH_InitEx
 .text.XMC_I2C_CH_SetSlaveAddress
                0x0800417c       0x54 ./Libraries/XMCLib/src/xmc_i2c.o
                0x0800417c                XMC_I2C_CH_SetSlaveAddress
 .text.XMC_I2C_CH_SetBaudrateEx
                0x080041d0       0x9c ./Libraries/XMCLib/src/xmc_i2c.o
                0x080041d0                XMC_I2C_CH_SetBaudrateEx
 .text.XMC_I2C_CH_MasterStart
                0x0800426c       0x68 ./Libraries/XMCLib/src/xmc_i2c.o
                0x0800426c                XMC_I2C_CH_MasterStart
 .text.XMC_I2C_CH_MasterRepeatedStart
                0x080042d4       0x68 ./Libraries/XMCLib/src/xmc_i2c.o
                0x080042d4                XMC_I2C_CH_MasterRepeatedStart
 .text.XMC_I2C_CH_MasterStop
                0x0800433c       0x4c ./Libraries/XMCLib/src/xmc_i2c.o
                0x0800433c                XMC_I2C_CH_MasterStop
 .text.XMC_I2C_CH_MasterTransmit
                0x08004388       0x4c ./Libraries/XMCLib/src/xmc_i2c.o
                0x08004388                XMC_I2C_CH_MasterTransmit
 .text.XMC_I2C_CH_MasterReceiveAck
                0x080043d4       0x4c ./Libraries/XMCLib/src/xmc_i2c.o
                0x080043d4                XMC_I2C_CH_MasterReceiveAck
 .text.XMC_I2C_CH_MasterReceiveNack
                0x08004420       0x4c ./Libraries/XMCLib/src/xmc_i2c.o
                0x08004420                XMC_I2C_CH_MasterReceiveNack
 .text.XMC_I2C_CH_GetReceivedData
                0x0800446c       0x34 ./Libraries/XMCLib/src/xmc_i2c.o
                0x0800446c                XMC_I2C_CH_GetReceivedData
 .text.XMC_SCU_GetMirrorStatus
                0x080044a0       0x18 ./Libraries/XMCLib/src/xmc_rtc.o
 .text.XMC_RTC_Start
                0x080044b8       0x28 ./Libraries/XMCLib/src/xmc_rtc.o
                0x080044b8                XMC_RTC_Start
 .text.XMC_RTC_Stop
                0x080044e0       0x28 ./Libraries/XMCLib/src/xmc_rtc.o
                0x080044e0                XMC_RTC_Stop
 .text.XMC_RTC_SetPrescaler
                0x08004508       0x34 ./Libraries/XMCLib/src/xmc_rtc.o
                0x08004508                XMC_RTC_SetPrescaler
 .text.XMC_RTC_SetTime
                0x0800453c       0x44 ./Libraries/XMCLib/src/xmc_rtc.o
                0x0800453c                XMC_RTC_SetTime
 .text.XMC_RTC_GetTime
                0x08004580       0x28 ./Libraries/XMCLib/src/xmc_rtc.o
                0x08004580                XMC_RTC_GetTime
 .text.XMC_SPI_CH_InitEx
                0x080045a8       0x8c ./Libraries/XMCLib/src/xmc_spi.o
                0x080045a8                XMC_SPI_CH_InitEx
 .text.XMC_SPI_CH_EnableSlaveSelect
                0x08004634       0x2c ./Libraries/XMCLib/src/xmc_spi.o
                0x08004634                XMC_SPI_CH_EnableSlaveSelect
 .text.XMC_SPI_CH_GetReceivedData
                0x08004660       0x34 ./Libraries/XMCLib/src/xmc_spi.o
                0x08004660                XMC_SPI_CH_GetReceivedData
 .text.XMC_SPI_CH_EnableEvent
                0x08004694       0x34 ./Libraries/XMCLib/src/xmc_spi.o
                0x08004694                XMC_SPI_CH_EnableEvent
 .text.XMC_SPI_CH_DisableEvent
                0x080046c8       0x38 ./Libraries/XMCLib/src/xmc_spi.o
                0x080046c8                XMC_SPI_CH_DisableEvent
 .text.XMC_USIC_CH_GetTransmitBufferStatus
                0x08004700       0x20 ./Libraries/XMCLib/src/xmc_uart.o
 .text.XMC_UART_CH_ClearStatusFlag
                0x08004720       0x1c ./Libraries/XMCLib/src/xmc_uart.o
 .text.XMC_UART_CH_InitEx
                0x0800473c       0xd4 ./Libraries/XMCLib/src/xmc_uart.o
                0x0800473c                XMC_UART_CH_InitEx
 .text.XMC_UART_CH_Transmit
                0x08004810       0x4c ./Libraries/XMCLib/src/xmc_uart.o
                0x08004810                XMC_UART_CH_Transmit
 .text.XMC_UART_CH_GetReceivedData
                0x0800485c       0x34 ./Libraries/XMCLib/src/xmc_uart.o
                0x0800485c                XMC_UART_CH_GetReceivedData
 .text.XMC_USIC_CH_Enable
                0x08004890       0x98 ./Libraries/XMCLib/src/xmc_usic.o
                0x08004890                XMC_USIC_CH_Enable
 .text.XMC_USIC_CH_SetBaudrate
                0x08004928       0xe4 ./Libraries/XMCLib/src/xmc_usic.o
                0x08004928                XMC_USIC_CH_SetBaudrate
 .text.XMC_USIC_CH_SetBaudrateEx
                0x08004a0c      0x100 ./Libraries/XMCLib/src/xmc_usic.o
                0x08004a0c                XMC_USIC_CH_SetBaudrateEx
 .text.XMC_USIC_CH_TXFIFO_Configure
                0x08004b0c       0x50 ./Libraries/XMCLib/src/xmc_usic.o
                0x08004b0c                XMC_USIC_CH_TXFIFO_Configure
 .text.XMC_USIC_CH_RXFIFO_Configure
                0x08004b5c       0x54 ./Libraries/XMCLib/src/xmc_usic.o
                0x08004b5c                XMC_USIC_CH_RXFIFO_Configure
 .text.XMC_USIC_CH_SetInterruptNodePointer
                0x08004bb0       0x38 ./Libraries/XMCLib/src/xmc_usic.o
                0x08004bb0                XMC_USIC_CH_SetInterruptNodePointer
 .text.XMC_USIC_Enable
                0x08004be8       0xc0 ./Libraries/XMCLib/src/xmc_usic.o
                0x08004be8                XMC_USIC_Enable
 .text.XMC_WDT_Enable
                0x08004ca8       0x1c ./Libraries/XMCLib/src/xmc_wdt.o
                0x08004ca8                XMC_WDT_Enable
 .text.XMC_WDT_Init
                0x08004cc4       0x30 ./Libraries/XMCLib/src/xmc_wdt.o
                0x08004cc4                XMC_WDT_Init
 .text._sbrk    0x08004cf4       0x68 ./Libraries/Newlib/syscalls.o
                0x08004cf4                _sbrk
 .text._init    0x08004d5c        0xc ./Libraries/Newlib/syscalls.o
                0x08004d5c                _init
 .text.IOExp_Configure
                0x08004d68       0xcc ./InputCapture/IOExp_lib.o
                0x08004d68                IOExp_Configure
 .text.IOExp_SetPIN_UPDATE
                0x08004e34      0x174 ./InputCapture/IOExp_lib.o
                0x08004e34                IOExp_SetPIN_UPDATE
 .text.IOExp_SetPIN_HIGH
                0x08004fa8       0x38 ./InputCapture/IOExp_lib.o
                0x08004fa8                IOExp_SetPIN_HIGH
 .text.IOExp_SetPIN_LOW
                0x08004fe0       0x38 ./InputCapture/IOExp_lib.o
                0x08004fe0                IOExp_SetPIN_LOW
 .text.IOExp_ReadPIN_LEVEL
                0x08005018       0xf0 ./InputCapture/IOExp_lib.o
                0x08005018                IOExp_ReadPIN_LEVEL
 .text.XMC_GPIO_GetInput
                0x08005108       0x28 ./InputCapture/InputCapture.o
 .text.DIGITAL_IO_GetInput
                0x08005130       0x24 ./InputCapture/InputCapture.o
 .text.Input_Capture
                0x08005154       0xa0 ./InputCapture/InputCapture.o
                0x08005154                Input_Capture
 .text.Can_Inputs
                0x080051f4       0x30 ./InputCapture/InputCapture.o
                0x080051f4                Can_Inputs
 .text.read_temp
                0x08005224        0xc ./InputCapture/InputCapture.o
                0x08005224                read_temp
 .text.XMC_GPIO_GetInput
                0x08005230       0x28 ./InputCapture/State_1_InputCapture.o
 .text.DIGITAL_IO_GetInput
                0x08005258       0x24 ./InputCapture/State_1_InputCapture.o
 .text.state_1_InputCapture
                0x0800527c       0x3c ./InputCapture/State_1_InputCapture.o
                0x0800527c                state_1_InputCapture
 .text.Io_Exp_U24
                0x080052b8      0x1e8 ./InputCapture/State_1_InputCapture.o
                0x080052b8                Io_Exp_U24
 .text.Io_Exp_U25
                0x080054a0       0xb0 ./InputCapture/State_1_InputCapture.o
                0x080054a0                Io_Exp_U25
 .text.Io_Exp_U38
                0x08005550       0xb0 ./InputCapture/State_1_InputCapture.o
                0x08005550                Io_Exp_U38
 .text.XMC_GPIO_GetInput
                0x08005600       0x28 ./InputCapture/State_2_InputCapture.o
 .text.DIGITAL_IO_GetInput
                0x08005628       0x24 ./InputCapture/State_2_InputCapture.o
 .text.State_2_InputCapture
                0x0800564c       0x14 ./InputCapture/State_2_InputCapture.o
                0x0800564c                State_2_InputCapture
 .text.Read_State2_inputs
                0x08005660       0x8c ./InputCapture/State_2_InputCapture.o
                0x08005660                Read_State2_inputs
 .text.I2C_MASTER_IsTxBusy
                0x080056ec       0x20 ./InputCapture/temp_sensors.o
 .text.I2C_MASTER_IsRxBusy
                0x0800570c       0x20 ./InputCapture/temp_sensors.o
 .text.U18_read_temp
                0x0800572c       0x24 ./InputCapture/temp_sensors.o
                0x0800572c                U18_read_temp
 .text.U18_MotorTemp_read
                0x08005750      0x1bc ./InputCapture/temp_sensors.o
                0x08005750                U18_MotorTemp_read
 .text.U18_CabinTemp_read
                0x0800590c      0x1a0 ./InputCapture/temp_sensors.o
                0x0800590c                U18_CabinTemp_read
 .text.WATCHDOG_Init
                0x08005aac       0x44 ./Dave/Generated/WATCHDOG/watchdog.o
                0x08005aac                WATCHDOG_Init
 .text.WATCHDOG_lPrewarning_Configure
                0x08005af0       0x24 ./Dave/Generated/WATCHDOG/watchdog.o
                0x08005af0                WATCHDOG_lPrewarning_Configure
 .text.XMC_USIC_CH_TXFIFO_Flush
                0x08005b14       0x1c ./Dave/Generated/UART/uart.o
 .text.XMC_USIC_CH_TXFIFO_IsFull
                0x08005b30       0x28 ./Dave/Generated/UART/uart.o
 .text.XMC_USIC_CH_TXFIFO_IsEmpty
                0x08005b58       0x28 ./Dave/Generated/UART/uart.o
 .text.UART_Init
                0x08005b80       0x24 ./Dave/Generated/UART/uart.o
                0x08005b80                UART_Init
 .text.UART_Transmit
                0x08005ba4       0x38 ./Dave/Generated/UART/uart.o
                0x08005ba4                UART_Transmit
 .text.UART_lStartTransmitPolling
                0x08005bdc       0xd4 ./Dave/Generated/UART/uart.o
 .text.XMC_USIC_CH_SetInputSource
                0x08005cb0       0x3c ./Dave/Generated/UART/uart_conf.o
 .text.XMC_UART_CH_Init
                0x08005cec       0x1c ./Dave/Generated/UART/uart_conf.o
 .text.XMC_UART_CH_Start
                0x08005d08       0x24 ./Dave/Generated/UART/uart_conf.o
 .text.UART_0_init
                0x08005d2c       0x6c ./Dave/Generated/UART/uart_conf.o
                0x08005d2c                UART_0_init
 .text.XMC_CCU4_EnableClock
                0x08005d98       0x20 ./Dave/Generated/TIMER/timer.o
 .text.XMC_CCU4_SLICE_IsTimerRunning
                0x08005db8       0x28 ./Dave/Generated/TIMER/timer.o
 .text.XMC_CCU4_SLICE_StartTimer
                0x08005de0       0x18 ./Dave/Generated/TIMER/timer.o
 .text.XMC_CCU4_SLICE_StopTimer
                0x08005df8       0x18 ./Dave/Generated/TIMER/timer.o
 .text.XMC_CCU4_SLICE_ClearTimer
                0x08005e10       0x18 ./Dave/Generated/TIMER/timer.o
 .text.XMC_CCU4_SLICE_SetTimerPeriodMatch
                0x08005e28       0x1c ./Dave/Generated/TIMER/timer.o
 .text.XMC_CCU4_SLICE_SetTimerCompareMatch
                0x08005e44       0x1c ./Dave/Generated/TIMER/timer.o
 .text.XMC_CCU4_EnableShadowTransfer
                0x08005e60       0x1c ./Dave/Generated/TIMER/timer.o
 .text.XMC_CCU4_SLICE_ClearEvent
                0x08005e7c       0x24 ./Dave/Generated/TIMER/timer.o
 .text.XMC_CCU4_SLICE_GetEvent
                0x08005ea0       0x34 ./Dave/Generated/TIMER/timer.o
 .text.XMC_CCU8_EnableClock
                0x08005ed4       0x20 ./Dave/Generated/TIMER/timer.o
 .text.XMC_CCU8_SLICE_IsTimerRunning
                0x08005ef4       0x28 ./Dave/Generated/TIMER/timer.o
 .text.XMC_CCU8_SLICE_StartTimer
                0x08005f1c       0x18 ./Dave/Generated/TIMER/timer.o
 .text.XMC_CCU8_SLICE_StopTimer
                0x08005f34       0x18 ./Dave/Generated/TIMER/timer.o
 .text.XMC_CCU8_SLICE_ClearTimer
                0x08005f4c       0x18 ./Dave/Generated/TIMER/timer.o
 .text.XMC_CCU8_EnableShadowTransfer
                0x08005f64       0x1c ./Dave/Generated/TIMER/timer.o
 .text.XMC_CCU8_SLICE_ClearEvent
                0x08005f80       0x24 ./Dave/Generated/TIMER/timer.o
 .text.XMC_CCU8_SLICE_GetEvent
                0x08005fa4       0x34 ./Dave/Generated/TIMER/timer.o
 .text.TIMER_Init
                0x08005fd8       0x50 ./Dave/Generated/TIMER/timer.o
                0x08005fd8                TIMER_Init
 .text.TIMER_Start
                0x08006028       0x50 ./Dave/Generated/TIMER/timer.o
                0x08006028                TIMER_Start
 .text.TIMER_Stop
                0x08006078       0x5c ./Dave/Generated/TIMER/timer.o
                0x08006078                TIMER_Stop
 .text.TIMER_GetTimerStatus
                0x080060d4       0x48 ./Dave/Generated/TIMER/timer.o
                0x080060d4                TIMER_GetTimerStatus
 *fill*         0x0800611c        0x4 
 .text.TIMER_SetTimeInterval
                0x08006120      0x1f8 ./Dave/Generated/TIMER/timer.o
                0x08006120                TIMER_SetTimeInterval
 .text.TIMER_GetInterruptStatus
                0x08006318       0x4c ./Dave/Generated/TIMER/timer.o
                0x08006318                TIMER_GetInterruptStatus
 .text.TIMER_ClearEvent
                0x08006364       0x3c ./Dave/Generated/TIMER/timer.o
                0x08006364                TIMER_ClearEvent
 .text.TIMER_CCU4_lInit
                0x080063a0       0x70 ./Dave/Generated/TIMER/timer.o
                0x080063a0                TIMER_CCU4_lInit
 .text.TIMER_CCU4_lShadowTransfer
                0x08006410       0x3c ./Dave/Generated/TIMER/timer.o
                0x08006410                TIMER_CCU4_lShadowTransfer
 .text.TIMER_CCU8_lInit
                0x0800644c       0x70 ./Dave/Generated/TIMER/timer.o
                0x0800644c                TIMER_CCU8_lInit
 .text.TIMER_CCU8_lShadowTransfer
                0x080064bc       0x40 ./Dave/Generated/TIMER/timer.o
                0x080064bc                TIMER_CCU8_lShadowTransfer
 .text.__NVIC_GetPriorityGrouping
                0x080064fc       0x1c ./Dave/Generated/SYSTIMER/systimer.o
 .text.__NVIC_SetPriority
                0x08006518       0x54 ./Dave/Generated/SYSTIMER/systimer.o
 .text.NVIC_EncodePriority
                0x0800656c       0x64 ./Dave/Generated/SYSTIMER/systimer.o
 .text.SysTick_Config
                0x080065d0       0x44 ./Dave/Generated/SYSTIMER/systimer.o
 .text.SYSTIMER_lInsertTimerList
                0x08006614      0x1c4 ./Dave/Generated/SYSTIMER/systimer.o
 .text.SYSTIMER_lRemoveTimerList
                0x080067d8       0xc0 ./Dave/Generated/SYSTIMER/systimer.o
 .text.SYSTIMER_lTimerHandler
                0x08006898       0xcc ./Dave/Generated/SYSTIMER/systimer.o
 .text.SysTick_Handler
                0x08006964       0x48 ./Dave/Generated/SYSTIMER/systimer.o
                0x08006964                SysTick_Handler
 .text.SYSTIMER_Init
                0x080069ac       0x74 ./Dave/Generated/SYSTIMER/systimer.o
                0x080069ac                SYSTIMER_Init
 .text.SYSTIMER_CreateTimer
                0x08006a20      0x13c ./Dave/Generated/SYSTIMER/systimer.o
                0x08006a20                SYSTIMER_CreateTimer
 .text.SYSTIMER_StartTimer
                0x08006b5c       0x80 ./Dave/Generated/SYSTIMER/systimer.o
                0x08006b5c                SYSTIMER_StartTimer
 .text.XMC_SPI_CH_SetTransmitMode
                0x08006bdc       0x2c ./Dave/Generated/SPI_MASTER/spi_master.o
 .text.XMC_DMA_CH_Enable
                0x08006c08       0x24 ./Dave/Generated/SPI_MASTER/spi_master.o
 .text.XMC_DMA_CH_SetSourceAddress
                0x08006c2c       0x28 ./Dave/Generated/SPI_MASTER/spi_master.o
 .text.XMC_DMA_CH_SetDestinationAddress
                0x08006c54       0x2c ./Dave/Generated/SPI_MASTER/spi_master.o
 .text.XMC_DMA_CH_SetBlockSize
                0x08006c80       0x2c ./Dave/Generated/SPI_MASTER/spi_master.o
 .text.SPI_MASTER_Init
                0x08006cac       0x20 ./Dave/Generated/SPI_MASTER/spi_master.o
                0x08006cac                SPI_MASTER_Init
 .text.SPI_MASTER_Transmit
                0x08006ccc       0x34 ./Dave/Generated/SPI_MASTER/spi_master.o
                0x08006ccc                SPI_MASTER_Transmit
 .text.SPI_MASTER_Receive
                0x08006d00       0x34 ./Dave/Generated/SPI_MASTER/spi_master.o
                0x08006d00                SPI_MASTER_Receive
 .text.SPI_MASTER_StartTransmitDMA
                0x08006d34      0x1a8 ./Dave/Generated/SPI_MASTER/spi_master.o
                0x08006d34                SPI_MASTER_StartTransmitDMA
 .text.SPI_MASTER_StartReceiveDMA
                0x08006edc       0xac ./Dave/Generated/SPI_MASTER/spi_master.o
                0x08006edc                SPI_MASTER_StartReceiveDMA
 .text.SPI_MASTER_lReceiveDMA
                0x08006f88       0xb4 ./Dave/Generated/SPI_MASTER/spi_master.o
 .text.SPI_MASTER_lStdRBUFFlush
                0x0800703c       0x1c ./Dave/Generated/SPI_MASTER/spi_master.o
 .text.XMC_USIC_CH_SetInputSource
                0x08007058       0x3c ./Dave/Generated/SPI_MASTER/spi_master_conf.o
 .text.XMC_USIC_CH_SetWordLength
                0x08007094       0x2c ./Dave/Generated/SPI_MASTER/spi_master_conf.o
 .text.XMC_USIC_CH_SetFrameLength
                0x080070c0       0x2c ./Dave/Generated/SPI_MASTER/spi_master_conf.o
 .text.XMC_USIC_CH_GetTransmitBufferStatus
                0x080070ec       0x20 ./Dave/Generated/SPI_MASTER/spi_master_conf.o
 .text.XMC_USIC_CH_TriggerServiceRequest
                0x0800710c       0x20 ./Dave/Generated/SPI_MASTER/spi_master_conf.o
 .text.XMC_USIC_CH_ConfigureShiftClockOutput
                0x0800712c       0x2c ./Dave/Generated/SPI_MASTER/spi_master_conf.o
 .text.XMC_USIC_CH_SetMode
                0x08007158       0x28 ./Dave/Generated/SPI_MASTER/spi_master_conf.o
 .text.XMC_SPI_CH_Init
                0x08007180       0x1c ./Dave/Generated/SPI_MASTER/spi_master_conf.o
 .text.XMC_SPI_CH_Start
                0x0800719c       0x18 ./Dave/Generated/SPI_MASTER/spi_master_conf.o
 .text.XMC_SPI_CH_SetBitOrderMsbFirst
                0x080071b4       0x20 ./Dave/Generated/SPI_MASTER/spi_master_conf.o
 .text.XMC_SPI_CH_SetSlaveSelectDelay
                0x080071d4       0x2c ./Dave/Generated/SPI_MASTER/spi_master_conf.o
 .text.XMC_SPI_CH_DisableFEM
                0x08007200       0x20 ./Dave/Generated/SPI_MASTER/spi_master_conf.o
 .text.XMC_SPI_CH_ConfigureShiftClockOutput
                0x08007220       0x1c ./Dave/Generated/SPI_MASTER/spi_master_conf.o
 .text.XMC_SPI_CH_SetWordLength
                0x0800723c       0x1c ./Dave/Generated/SPI_MASTER/spi_master_conf.o
 .text.XMC_SPI_CH_SetFrameLength
                0x08007258       0x1c ./Dave/Generated/SPI_MASTER/spi_master_conf.o
 .text.XMC_SPI_CH_SetInputSource
                0x08007274       0x44 ./Dave/Generated/SPI_MASTER/spi_master_conf.o
 .text.SPI_MASTER_0_lInit
                0x080072b8      0x140 ./Dave/Generated/SPI_MASTER/spi_master_conf.o
 .text.SPI_MASTER_0_DMA_tx_handler
                0x080073f8       0x38 ./Dave/Generated/SPI_MASTER/spi_master_conf.o
                0x080073f8                SPI_MASTER_0_DMA_tx_handler
 .text.SPI_MASTER_0_DMA_rx_handler
                0x08007430       0x44 ./Dave/Generated/SPI_MASTER/spi_master_conf.o
                0x08007430                SPI_MASTER_0_DMA_rx_handler
 .text.SDMMC_BLOCK_Init
                0x08007474       0x60 ./Dave/Generated/SDMMC_BLOCK/sdmmc_block.o
                0x08007474                SDMMC_BLOCK_Init
 .text.SDMMC_BLOCK_SPI_Init
                0x080074d4       0x30 ./Dave/Generated/SDMMC_BLOCK/sdmmc_block_private_spi.o
                0x080074d4                SDMMC_BLOCK_SPI_Init
 .text.RTC_Start
                0x08007504        0xc ./Dave/Generated/RTC/rtc.o
 .text.RTC_Init
                0x08007510       0x80 ./Dave/Generated/RTC/rtc.o
                0x08007510                RTC_Init
 .text.RTC_lConfigureInterrupts
                0x08007590       0x78 ./Dave/Generated/RTC/rtc.o
                0x08007590                RTC_lConfigureInterrupts
 .text.RTC_lRegister_Callbacks
                0x08007608       0x24 ./Dave/Generated/RTC/rtc.o
                0x08007608                RTC_lRegister_Callbacks
 .text.RTC_SetTime
                0x0800762c       0xe4 ./Dave/Generated/RTC/rtc.o
                0x0800762c                RTC_SetTime
 .text.RTC_GetTime
                0x08007710       0x50 ./Dave/Generated/RTC/rtc.o
                0x08007710                RTC_GetTime
 .text.__NVIC_GetPriorityGrouping
                0x08007760       0x1c ./Dave/Generated/INTERRUPT/interrupt.o
 .text.__NVIC_EnableIRQ
                0x0800777c       0x38 ./Dave/Generated/INTERRUPT/interrupt.o
 .text.__NVIC_SetPriority
                0x080077b4       0x54 ./Dave/Generated/INTERRUPT/interrupt.o
 .text.NVIC_EncodePriority
                0x08007808       0x64 ./Dave/Generated/INTERRUPT/interrupt.o
 .text.INTERRUPT_Enable
                0x0800786c       0x1c ./Dave/Generated/INTERRUPT/interrupt.o
 .text.INTERRUPT_Init
                0x08007888       0x4c ./Dave/Generated/INTERRUPT/interrupt.o
                0x08007888                INTERRUPT_Init
 .text.XMC_USIC_CH_TXFIFO_IsFull
                0x080078d4       0x28 ./Dave/Generated/I2C_MASTER/i2c_master.o
 .text.XMC_USIC_CH_TXFIFO_IsEmpty
                0x080078fc       0x28 ./Dave/Generated/I2C_MASTER/i2c_master.o
 .text.XMC_USIC_CH_RXFIFO_IsEmpty
                0x08007924       0x28 ./Dave/Generated/I2C_MASTER/i2c_master.o
 .text.XMC_I2C_CH_GetStatusFlag
                0x0800794c       0x18 ./Dave/Generated/I2C_MASTER/i2c_master.o
 .text.XMC_I2C_CH_ClearStatusFlag
                0x08007964       0x20 ./Dave/Generated/I2C_MASTER/i2c_master.o
 .text.I2C_MASTER_IsTXFIFOFull
                0x08007984       0x1c ./Dave/Generated/I2C_MASTER/i2c_master.o
 .text.I2C_MASTER_IsRXFIFOEmpty
                0x080079a0       0x1c ./Dave/Generated/I2C_MASTER/i2c_master.o
 .text.I2C_MASTER_GetReceivedByte
                0x080079bc       0x1c ./Dave/Generated/I2C_MASTER/i2c_master.o
 .text.I2C_MASTER_TransmitByte
                0x080079d8       0x20 ./Dave/Generated/I2C_MASTER/i2c_master.o
 .text.I2C_MASTER_ReceiveACK
                0x080079f8       0x18 ./Dave/Generated/I2C_MASTER/i2c_master.o
 .text.I2C_MASTER_ReceiveNACK
                0x08007a10       0x18 ./Dave/Generated/I2C_MASTER/i2c_master.o
 .text.I2C_MASTER_SendStop
                0x08007a28       0x24 ./Dave/Generated/I2C_MASTER/i2c_master.o
 .text.I2C_MASTER_SendStart
                0x08007a4c       0x34 ./Dave/Generated/I2C_MASTER/i2c_master.o
 .text.I2C_MASTER_SendRepeatedStart
                0x08007a80       0x34 ./Dave/Generated/I2C_MASTER/i2c_master.o
 .text.I2C_MASTER_Init
                0x08007ab4       0x2c ./Dave/Generated/I2C_MASTER/i2c_master.o
                0x08007ab4                I2C_MASTER_Init
 .text.I2C_MASTER_GetFlagStatus
                0x08007ae0       0x24 ./Dave/Generated/I2C_MASTER/i2c_master.o
                0x08007ae0                I2C_MASTER_GetFlagStatus
 .text.I2C_MASTER_ClearFlag
                0x08007b04       0x1c ./Dave/Generated/I2C_MASTER/i2c_master.o
                0x08007b04                I2C_MASTER_ClearFlag
 .text.I2C_MASTER_Transmit
                0x08007b20       0x54 ./Dave/Generated/I2C_MASTER/i2c_master.o
                0x08007b20                I2C_MASTER_Transmit
 .text.I2C_MASTER_Receive
                0x08007b74       0x58 ./Dave/Generated/I2C_MASTER/i2c_master.o
                0x08007b74                I2C_MASTER_Receive
 .text.I2C_MASTER_lSendStart_Or_RepeatedStart
                0x08007bcc       0x60 ./Dave/Generated/I2C_MASTER/i2c_master.o
 .text.I2C_MASTER_AbortTransmit
                0x08007c2c       0x50 ./Dave/Generated/I2C_MASTER/i2c_master.o
                0x08007c2c                I2C_MASTER_AbortTransmit
 .text.I2C_MASTER_lStartTransmitPolling
                0x08007c7c      0x194 ./Dave/Generated/I2C_MASTER/i2c_master.o
 .text.I2C_MASTER_lStartReceivePolling
                0x08007e10      0x1c4 ./Dave/Generated/I2C_MASTER/i2c_master.o
 .text.XMC_USIC_CH_SetInputSource
                0x08007fd4       0x3c ./Dave/Generated/I2C_MASTER/i2c_master_conf.o
 .text.XMC_USIC_CH_SetMode
                0x08008010       0x28 ./Dave/Generated/I2C_MASTER/i2c_master_conf.o
 .text.XMC_I2C_CH_Init
                0x08008038       0x1c ./Dave/Generated/I2C_MASTER/i2c_master_conf.o
 .text.XMC_I2C_CH_Start
                0x08008054       0x18 ./Dave/Generated/I2C_MASTER/i2c_master_conf.o
 .text.I2C_MASTER_0_disable_io
                0x0800806c       0x20 ./Dave/Generated/I2C_MASTER/i2c_master_conf.o
 .text.I2C_MASTER_0_enable_io
                0x0800808c       0x24 ./Dave/Generated/I2C_MASTER/i2c_master_conf.o
 .text.I2C_MASTER_0_init
                0x080080b0       0x68 ./Dave/Generated/I2C_MASTER/i2c_master_conf.o
                0x080080b0                I2C_MASTER_0_init
 .text.I2C_MASTER_1_disable_io
                0x08008118       0x20 ./Dave/Generated/I2C_MASTER/i2c_master_conf.o
 .text.I2C_MASTER_1_enable_io
                0x08008138       0x24 ./Dave/Generated/I2C_MASTER/i2c_master_conf.o
 .text.I2C_MASTER_1_init
                0x0800815c       0x68 ./Dave/Generated/I2C_MASTER/i2c_master_conf.o
                0x0800815c                I2C_MASTER_1_init
 .text.__NVIC_GetPriorityGrouping
                0x080081c4       0x1c ./Dave/Generated/GLOBAL_DMA/global_dma.o
 .text.__NVIC_EnableIRQ
                0x080081e0       0x38 ./Dave/Generated/GLOBAL_DMA/global_dma.o
 .text.__NVIC_SetPriority
                0x08008218       0x54 ./Dave/Generated/GLOBAL_DMA/global_dma.o
 .text.NVIC_EncodePriority
                0x0800826c       0x64 ./Dave/Generated/GLOBAL_DMA/global_dma.o
 .text.GLOBAL_DMA_Init
                0x080082d0       0x6c ./Dave/Generated/GLOBAL_DMA/global_dma.o
                0x080082d0                GLOBAL_DMA_Init
 .text.GPDMA0_0_IRQHandler
                0x0800833c       0x10 ./Dave/Generated/GLOBAL_DMA/global_dma_conf.o
                0x0800833c                GPDMA0_0_IRQHandler
 .text.GPDMA1_0_IRQHandler
                0x0800834c       0x10 ./Dave/Generated/GLOBAL_DMA/global_dma_conf.o
                0x0800834c                GPDMA1_0_IRQHandler
 .text.XMC_CCU8_StartPrescaler
                0x0800835c       0x1c ./Dave/Generated/GLOBAL_CCU8/global_ccu8.o
 .text.GLOBAL_CCU8_Init
                0x08008378       0x40 ./Dave/Generated/GLOBAL_CCU8/global_ccu8.o
                0x08008378                GLOBAL_CCU8_Init
 .text.XMC_CCU4_StartPrescaler
                0x080083b8       0x1c ./Dave/Generated/GLOBAL_CCU4/global_ccu4.o
 .text.GLOBAL_CCU4_Init
                0x080083d4       0x40 ./Dave/Generated/GLOBAL_CCU4/global_ccu4.o
                0x080083d4                GLOBAL_CCU4_Init
 .text.GLOBAL_CAN_Init
                0x08008414       0x44 ./Dave/Generated/GLOBAL_CAN/global_can.o
                0x08008414                GLOBAL_CAN_Init
 .text.FATFS_Init
                0x08008458       0x74 ./Dave/Generated/FATFS/fatfs.o
                0x08008458                FATFS_Init
 .text.DIGITAL_IO_Init
                0x080084cc       0x40 ./Dave/Generated/DIGITAL_IO/digital_io.o
                0x080084cc                DIGITAL_IO_Init
 .text.__NVIC_SetPriorityGrouping
                0x0800850c       0x48 ./Dave/Generated/CPU_CTRL_XMC4/cpu_ctrl_xmc4_conf.o
 .text.SystemCoreSetup
                0x08008554       0xa0 ./Dave/Generated/CPU_CTRL_XMC4/cpu_ctrl_xmc4_conf.o
                0x08008554                SystemCoreSetup
 .text.CLOCK_XMC4_Init
                0x080085f4       0x20 ./Dave/Generated/CLOCK_XMC4/clock_xmc4.o
                0x080085f4                CLOCK_XMC4_Init
 .text.OSCHP_GetFrequency
                0x08008614       0x14 ./Dave/Generated/CLOCK_XMC4/clock_xmc4.o
                0x08008614                OSCHP_GetFrequency
 .text.SystemCoreClockSetup
                0x08008628       0x58 ./Dave/Generated/CLOCK_XMC4/clock_xmc4_conf.o
                0x08008628                SystemCoreClockSetup
 .text.XMC_CAN_NODE_SetEventNodePointer
                0x08008680       0x38 ./Dave/Generated/CAN_NODE/can_node.o
 .text.XMC_CAN_NODE_SetReceiveInput
                0x080086b8       0x2c ./Dave/Generated/CAN_NODE/can_node.o
 .text.XMC_CAN_NODE_EnableLoopBack
                0x080086e4       0x20 ./Dave/Generated/CAN_NODE/can_node.o
 .text.XMC_CAN_NODE_EnableConfigurationChange
                0x08008704       0x20 ./Dave/Generated/CAN_NODE/can_node.o
 .text.XMC_CAN_NODE_DisableConfigurationChange
                0x08008724       0x20 ./Dave/Generated/CAN_NODE/can_node.o
 .text.XMC_CAN_NODE_SetInitBit
                0x08008744       0x20 ./Dave/Generated/CAN_NODE/can_node.o
 .text.XMC_CAN_NODE_ResetInitBit
                0x08008764       0x20 ./Dave/Generated/CAN_NODE/can_node.o
 .text.XMC_CAN_NODE_ReSetAnalyzerMode
                0x08008784       0x20 ./Dave/Generated/CAN_NODE/can_node.o
 .text.XMC_CAN_MO_SetEventNodePointer
                0x080087a4       0x3c ./Dave/Generated/CAN_NODE/can_node.o
 .text.XMC_CAN_MO_GetStatus
                0x080087e0       0x1c ./Dave/Generated/CAN_NODE/can_node.o
 .text.XMC_CAN_MO_EnableEvent
                0x080087fc       0x24 ./Dave/Generated/CAN_NODE/can_node.o
 .text.CAN_NODE_MO_EnableTxEvent
                0x08008820       0x1c ./Dave/Generated/CAN_NODE/can_node.o
 .text.CAN_NODE_MO_EnableRxEvent
                0x0800883c       0x1c ./Dave/Generated/CAN_NODE/can_node.o
 .text.CAN_NODE_SetNodeEvents
                0x08008858       0x74 ./Dave/Generated/CAN_NODE/can_node.o
 .text.CAN_NODE_SetNodePointer
                0x080088cc       0x68 ./Dave/Generated/CAN_NODE/can_node.o
 .text.CAN_NODE_MO_Init
                0x08008934       0x58 ./Dave/Generated/CAN_NODE/can_node.o
                0x08008934                CAN_NODE_MO_Init
 .text.CAN_NODE_MO_Transmit
                0x0800898c       0x24 ./Dave/Generated/CAN_NODE/can_node.o
                0x0800898c                CAN_NODE_MO_Transmit
 .text.CAN_NODE_MO_Receive
                0x080089b0       0x24 ./Dave/Generated/CAN_NODE/can_node.o
                0x080089b0                CAN_NODE_MO_Receive
 .text.CAN_NODE_MO_UpdateData
                0x080089d4       0x40 ./Dave/Generated/CAN_NODE/can_node.o
                0x080089d4                CAN_NODE_MO_UpdateData
 .text.CAN_NODE_MO_GetStatus
                0x08008a14       0x20 ./Dave/Generated/CAN_NODE/can_node.o
                0x08008a14                CAN_NODE_MO_GetStatus
 .text.CAN_NODE_Init
                0x08008a34      0x148 ./Dave/Generated/CAN_NODE/can_node.o
                0x08008a34                CAN_NODE_Init
 .text.DAVE_Init
                0x08008b7c      0x690 ./Dave/Generated/DAVE.o
                0x08008b7c                DAVE_Init
 .text.OBDII_CAN_Tx
                0x0800920c      0x150 ./Can_Devices/OBD_II.o
                0x0800920c                OBDII_CAN_Tx
 .text.XMC_CAN_MO_ResetStatus
                0x0800935c       0x1c ./Can_Devices/can_matrix_bms_29bit.o
 .text.CAN_Rx_0x1808A7F3
                0x08009378       0x7c ./Can_Devices/can_matrix_bms_29bit.o
                0x08009378                CAN_Rx_0x1808A7F3
 .text.CAN_Rx_0x180AA7F3
                0x080093f4       0x7c ./Can_Devices/can_matrix_bms_29bit.o
                0x080093f4                CAN_Rx_0x180AA7F3
 .text.CAN_Rx_0x180BA7F3
                0x08009470       0x7c ./Can_Devices/can_matrix_bms_29bit.o
                0x08009470                CAN_Rx_0x180BA7F3
 .text.CAN_Rx_0x180EA7F3
                0x080094ec       0x7c ./Can_Devices/can_matrix_bms_29bit.o
                0x080094ec                CAN_Rx_0x180EA7F3
 .text.CAN_Rx_0x180FA7F3
                0x08009568       0x7c ./Can_Devices/can_matrix_bms_29bit.o
                0x08009568                CAN_Rx_0x180FA7F3
 .text.CAN_Rx_0x1810A7F3
                0x080095e4       0x7c ./Can_Devices/can_matrix_bms_29bit.o
                0x080095e4                CAN_Rx_0x1810A7F3
 .text.CAN_Rx_0x1814A7F3
                0x08009660       0x7c ./Can_Devices/can_matrix_bms_29bit.o
                0x08009660                CAN_Rx_0x1814A7F3
 .text.CAN_Rx_0x1815A7F3
                0x080096dc       0x7c ./Can_Devices/can_matrix_bms_29bit.o
                0x080096dc                CAN_Rx_0x1815A7F3
 .text.CAN_Rx_0x180CA7F3
                0x08009758       0x7c ./Can_Devices/can_matrix_bms_29bit.o
                0x08009758                CAN_Rx_0x180CA7F3
 .text.process_Rx_CAN_0X1810A7F3
                0x080097d4       0x58 ./Can_Devices/can_matrix_bms_29bit.o
                0x080097d4                process_Rx_CAN_0X1810A7F3
 .text.process_Rx_CAN_0X180EA7F3
                0x0800982c      0x208 ./Can_Devices/can_matrix_bms_29bit.o
                0x0800982c                process_Rx_CAN_0X180EA7F3
 .text.process_Rx_CAN_0X180FA7F3
                0x08009a34       0xa4 ./Can_Devices/can_matrix_bms_29bit.o
                0x08009a34                process_Rx_CAN_0X180FA7F3
 .text.process_Rx_CAN_0X1814A7F3
                0x08009ad8       0x34 ./Can_Devices/can_matrix_bms_29bit.o
                0x08009ad8                process_Rx_CAN_0X1814A7F3
 .text.process_Rx_CAN_0X1815A7F3
                0x08009b0c       0x34 ./Can_Devices/can_matrix_bms_29bit.o
                0x08009b0c                process_Rx_CAN_0X1815A7F3
 .text.process_Rx_CAN_0X1808A7F3
                0x08009b40       0x34 ./Can_Devices/can_matrix_bms_29bit.o
                0x08009b40                process_Rx_CAN_0X1808A7F3
 .text.process_Rx_CAN_0X180AA7F3
                0x08009b74       0xa0 ./Can_Devices/can_matrix_bms_29bit.o
                0x08009b74                process_Rx_CAN_0X180AA7F3
 .text.process_Rx_CAN_0X180BA7F3
                0x08009c14       0xb0 ./Can_Devices/can_matrix_bms_29bit.o
                0x08009c14                process_Rx_CAN_0X180BA7F3
 .text.process_Rx_CAN_0X180CA7F3
                0x08009cc4       0xa4 ./Can_Devices/can_matrix_bms_29bit.o
                0x08009cc4                process_Rx_CAN_0X180CA7F3
 .text.Read_can_bms_29bit
                0x08009d68       0x2c ./Can_Devices/can_matrix_bms_29bit.o
                0x08009d68                Read_can_bms_29bit
 .text.XMC_CAN_MO_ResetStatus
                0x08009d94       0x1c ./Can_Devices/can_matrix_cluster.o
 .text.Update_CAN_0x18FF0921
                0x08009db0       0x2c ./Can_Devices/can_matrix_cluster.o
                0x08009db0                Update_CAN_0x18FF0921
 .text.Update_CAN_0x0CF00400
                0x08009ddc       0x2c ./Can_Devices/can_matrix_cluster.o
                0x08009ddc                Update_CAN_0x0CF00400
 .text.Update_CAN_0x18FFC621
                0x08009e08       0x2c ./Can_Devices/can_matrix_cluster.o
                0x08009e08                Update_CAN_0x18FFC621
 .text.Update_CAN_0x18FFB632
                0x08009e34       0x6c ./Can_Devices/can_matrix_cluster.o
                0x08009e34                Update_CAN_0x18FFB632
 .text.Update_CAN_0x0CF10121
                0x08009ea0       0x54 ./Can_Devices/can_matrix_cluster.o
                0x08009ea0                Update_CAN_0x0CF10121
 .text.Update_CAN_0x18FEEE00
                0x08009ef4       0x2c ./Can_Devices/can_matrix_cluster.o
                0x08009ef4                Update_CAN_0x18FEEE00
 .text.Update_CAN_0x18FF2021
                0x08009f20       0x2c ./Can_Devices/can_matrix_cluster.o
                0x08009f20                Update_CAN_0x18FF2021
 .text.Update_CAN_0x18FF2121
                0x08009f4c       0x40 ./Can_Devices/can_matrix_cluster.o
                0x08009f4c                Update_CAN_0x18FF2121
 .text.Update_CAN_0x18FED911
                0x08009f8c       0x3c ./Can_Devices/can_matrix_cluster.o
                0x08009f8c                Update_CAN_0x18FED911
 .text.CAN_OUTPUT_CLUSTER
                0x08009fc8       0xa0 ./Can_Devices/can_matrix_cluster.o
                0x08009fc8                CAN_OUTPUT_CLUSTER
 .text.XMC_CAN_MO_ResetStatus
                0x0800a068       0x1c ./Can_Devices/can_matrix_eps.o
 .text.Read_CAN_0x1E5
                0x0800a084       0x7c ./Can_Devices/can_matrix_eps.o
                0x0800a084                Read_CAN_0x1E5
 .text.update_id0x4c5
                0x0800a100       0x50 ./Can_Devices/can_matrix_eps.o
                0x0800a100                update_id0x4c5
 .text.map      0x0800a150       0x58 ./Can_Devices/can_matrix_eps.o
                0x0800a150                map
 .text.update_id0x36a
                0x0800a1a8       0xb8 ./Can_Devices/can_matrix_eps.o
                0x0800a1a8                update_id0x36a
 .text.Process_Read_CAN_0x1E5
                0x0800a260       0x34 ./Can_Devices/can_matrix_eps.o
                0x0800a260                Process_Read_CAN_0x1E5
 .text.CAN_OUTPUT_EPS
                0x0800a294       0x10 ./Can_Devices/can_matrix_eps.o
                0x0800a294                CAN_OUTPUT_EPS
 .text.CAN_Read_EPS
                0x0800a2a4        0xc ./Can_Devices/can_matrix_eps.o
                0x0800a2a4                CAN_Read_EPS
 .text.XMC_GPIO_SetOutputHigh
                0x0800a2b0       0x20 ./Can_Devices/can_matrix_hvac.o
 .text.XMC_GPIO_SetOutputLow
                0x0800a2d0       0x24 ./Can_Devices/can_matrix_hvac.o
 .text.DIGITAL_IO_SetOutputHigh
                0x0800a2f4       0x20 ./Can_Devices/can_matrix_hvac.o
 .text.DIGITAL_IO_SetOutputLow
                0x0800a314       0x20 ./Can_Devices/can_matrix_hvac.o
 .text.XMC_CAN_MO_ResetStatus
                0x0800a334       0x1c ./Can_Devices/can_matrix_hvac.o
 .text.Process_Read_CAN_0x100
                0x0800a350       0x34 ./Can_Devices/can_matrix_hvac.o
                0x0800a350                Process_Read_CAN_0x100
 .text.Read_CAN_0x100
                0x0800a384       0x7c ./Can_Devices/can_matrix_hvac.o
                0x0800a384                Read_CAN_0x100
 .text.Read_CAN_Hifire_0x8000250
                0x0800a400       0x7c ./Can_Devices/can_matrix_hvac.o
                0x0800a400                Read_CAN_Hifire_0x8000250
 .text.Process_CAN_Hifire_0x8000250
                0x0800a47c       0x5c ./Can_Devices/can_matrix_hvac.o
                0x0800a47c                Process_CAN_Hifire_0x8000250
 .text.Process_CAN_0x100
                0x0800a4d8      0x190 ./Can_Devices/can_matrix_hvac.o
                0x0800a4d8                Process_CAN_0x100
 .text.CAN_INPUT_HVAC
                0x0800a668       0x14 ./Can_Devices/can_matrix_hvac.o
                0x0800a668                CAN_INPUT_HVAC
 .text.CAN_OUTPUT_COMPRESSOR
                0x0800a67c       0x94 ./Can_Devices/can_matrix_hvac.o
                0x0800a67c                CAN_OUTPUT_COMPRESSOR
 .text.CAN_NODE_MO_ReadData
                0x0800a710       0x38 ./Can_Devices/can_matrix_mc_curtis.o
                0x0800a710                CAN_NODE_MO_ReadData
 .text.calculate_speed
                0x0800a748       0xc8 ./Can_Devices/can_matrix_mc_curtis.o
                0x0800a748                calculate_speed
 .text.XMC_CAN_MO_ResetStatus
                0x0800a810       0x1c ./Can_Devices/can_matrix_mc_irp.o
 .text.CAN_Tx_id0x10
                0x0800a82c       0x3c ./Can_Devices/can_matrix_mc_irp.o
                0x0800a82c                CAN_Tx_id0x10
 .text.CAN_Tx_id0x20
                0x0800a868       0x3c ./Can_Devices/can_matrix_mc_irp.o
                0x0800a868                CAN_Tx_id0x20
 .text.CAN_Tx_id0x21
                0x0800a8a4       0x3c ./Can_Devices/can_matrix_mc_irp.o
                0x0800a8a4                CAN_Tx_id0x21
 .text.CAN_Rx_id0x13
                0x0800a8e0       0x7c ./Can_Devices/can_matrix_mc_irp.o
                0x0800a8e0                CAN_Rx_id0x13
 .text.CAN_Rx_id0x12
                0x0800a95c       0x7c ./Can_Devices/can_matrix_mc_irp.o
                0x0800a95c                CAN_Rx_id0x12
 .text.CAN_Rx_id0x30
                0x0800a9d8       0x7c ./Can_Devices/can_matrix_mc_irp.o
                0x0800a9d8                CAN_Rx_id0x30
 *fill*         0x0800aa54        0x4 
 .text.process_Rx_CAN_0x13
                0x0800aa58      0x2d0 ./Can_Devices/can_matrix_mc_irp.o
                0x0800aa58                process_Rx_CAN_0x13
 .text.process_Rx_CAN_0x12
                0x0800ad28       0x58 ./Can_Devices/can_matrix_mc_irp.o
                0x0800ad28                process_Rx_CAN_0x12
 .text.process_Rx_CAN_0x30
                0x0800ad80       0x34 ./Can_Devices/can_matrix_mc_irp.o
                0x0800ad80                process_Rx_CAN_0x30
 .text.Irp_Tx_29bit
                0x0800adb4       0x14 ./Can_Devices/can_matrix_mc_irp.o
                0x0800adb4                Irp_Tx_29bit
 .text.Irp_Rx_29bit
                0x0800adc8       0x14 ./Can_Devices/can_matrix_mc_irp.o
                0x0800adc8                Irp_Rx_29bit
 .text.XMC_CAN_MO_ResetStatus
                0x0800addc       0x1c ./Can_Devices/can_matrix_obc_madhura.o
 .text.Process_CAN_id0x18FF50E5
                0x0800adf8       0xb4 ./Can_Devices/can_matrix_obc_madhura.o
                0x0800adf8                Process_CAN_id0x18FF50E5
 .text.Read_CAN_id0x18FF50E5
                0x0800aeac       0xe0 ./Can_Devices/can_matrix_obc_madhura.o
                0x0800aeac                Read_CAN_id0x18FF50E5
 .text.Process_4G_Event_Data
                0x0800af8c      0x1b4 ./4g_module/4g_data_process.o
                0x0800af8c                Process_4G_Event_Data
 .text.set_RTC  0x0800b140      0x160 ./4g_module/4g_data_process.o
                0x0800b140                set_RTC
 .text.epoch_time
                0x0800b2a0       0x84 ./4g_module/4g_data_process.o
                0x0800b2a0                epoch_time
 .text.CalOdometer
                0x0800b324       0x8c ./4g_module/4g_data_process.o
                0x0800b324                CalOdometer
 .text.XMC_GPIO_SetOutputHigh
                0x0800b3b0       0x20 ./4g_module/GPS.o
 .text.XMC_GPIO_GetInput
                0x0800b3d0       0x28 ./4g_module/GPS.o
 .text.DIGITAL_IO_SetOutputHigh
                0x0800b3f8       0x20 ./4g_module/GPS.o
 .text.DIGITAL_IO_GetInput
                0x0800b418       0x24 ./4g_module/GPS.o
 .text.UART_GetReceivedWord
                0x0800b43c       0x20 ./4g_module/GPS.o
 .text.clear_readbuff
                0x0800b45c       0x30 ./4g_module/GPS.o
                0x0800b45c                clear_readbuff
 .text.data_tx4g
                0x0800b48c       0x24 ./4g_module/GPS.o
                0x0800b48c                data_tx4g
 .text.Get_CurrentLocation
                0x0800b4b0      0x228 ./4g_module/GPS.o
                0x0800b4b0                Get_CurrentLocation
 .text.data_rx4gps
                0x0800b6d8       0x6c ./4g_module/GPS.o
                0x0800b6d8                data_rx4gps
 .text.XMC_USIC_CH_RXFIFO_IsEmpty
                0x0800b744       0x28 ./4g_module/at_handler.o
 .text.UART_GetReceivedWord
                0x0800b76c       0x20 ./4g_module/at_handler.o
 .text.at_initInterface
                0x0800b78c       0x34 ./4g_module/at_handler.o
                0x0800b78c                at_initInterface
 .text.at_readPort
                0x0800b7c0       0x14 ./4g_module/at_handler.o
                0x0800b7c0                at_readPort
 .text.at_isRxBuffEmpty
                0x0800b7d4       0x18 ./4g_module/at_handler.o
                0x0800b7d4                at_isRxBuffEmpty
 .text.at_writePort
                0x0800b7ec       0x48 ./4g_module/at_handler.o
                0x0800b7ec                at_writePort
 .text.XMC_GPIO_SetOutputHigh
                0x0800b834       0x20 ./4g_module/mdm_handler.o
 .text.XMC_GPIO_SetOutputLow
                0x0800b854       0x24 ./4g_module/mdm_handler.o
 .text.DIGITAL_IO_SetOutputHigh
                0x0800b878       0x20 ./4g_module/mdm_handler.o
 .text.DIGITAL_IO_SetOutputLow
                0x0800b898       0x20 ./4g_module/mdm_handler.o
 .text.delay    0x0800b8b8       0x50 ./4g_module/mdm_handler.o
 .text.mod_enable4gModule
                0x0800b908       0x3c ./4g_module/mdm_handler.o
                0x0800b908                mod_enable4gModule
 .text.mod_disable4gModule
                0x0800b944       0x30 ./4g_module/mdm_handler.o
                0x0800b944                mod_disable4gModule
 .text.mod_open4gModPort
                0x0800b974       0x1c ./4g_module/mdm_handler.o
                0x0800b974                mod_open4gModPort
 .text.mod_receiveRsp
                0x0800b990      0x21c ./4g_module/mdm_handler.o
                0x0800b990                mod_receiveRsp
 .text.mod_sendCmd
                0x0800bbac       0x3c ./4g_module/mdm_handler.o
 .text.mod_sendCmdGetRsp
                0x0800bbe8      0x550 ./4g_module/mdm_handler.o
 .text.mod_echoOff
                0x0800c138       0x64 ./4g_module/mdm_handler.o
 .text.mod_setUrcPort
                0x0800c19c       0x70 ./4g_module/mdm_handler.o
 .text.mod_setFlowCtrl
                0x0800c20c       0x7c ./4g_module/mdm_handler.o
 .text.mod_extractModInfo
                0x0800c288       0xcc ./4g_module/mdm_handler.o
 .text.mod_enableSimDetection
                0x0800c354       0x7c ./4g_module/mdm_handler.o
 .text.mod_enableSimStatusReport
                0x0800c3d0       0x74 ./4g_module/mdm_handler.o
 .text.mod_checkSimStatus
                0x0800c444      0x100 ./4g_module/mdm_handler.o
 .text.mod_cpinCheck
                0x0800c544       0x8c ./4g_module/mdm_handler.o
 .text.mod_extractIMEI
                0x0800c5d0       0xf8 ./4g_module/mdm_handler.o
 .text.mod_extractCCID
                0x0800c6c8       0xcc ./4g_module/mdm_handler.o
 .text.mod_extractNUM
                0x0800c794       0x9c ./4g_module/mdm_handler.o
 .text.mod_extractOperator
                0x0800c830      0x118 ./4g_module/mdm_handler.o
 .text.mod_simStatus
                0x0800c948      0x14c ./4g_module/mdm_handler.o
                0x0800c948                mod_simStatus
 .text.mod_networkStatus
                0x0800ca94      0x140 ./4g_module/mdm_handler.o
 .text.mod_signalQuality
                0x0800cbd4       0xa8 ./4g_module/mdm_handler.o
 .text.mod_extractDateTime
                0x0800cc7c      0x138 ./4g_module/mdm_handler.o
 .text.mod_mqttConnect
                0x0800cdb4      0x298 ./4g_module/mdm_handler.o
 .text.mod_mqttEnableFunctionality
                0x0800d04c       0x78 ./4g_module/mdm_handler.o
 .text.mod_mqttDisableFunctionality
                0x0800d0c4       0x78 ./4g_module/mdm_handler.o
 .text.mod_mqttDisableEnableFunctionality
                0x0800d13c       0x94 ./4g_module/mdm_handler.o
 .text.mod_mqttPublishData
                0x0800d1d0      0x420 ./4g_module/mdm_handler.o
 .text.mod_getCurrentTime
                0x0800d5f0       0x3c ./4g_module/mdm_handler.o
                0x0800d5f0                mod_getCurrentTime
 .text.mod_mqttSslMode
                0x0800d62c       0x68 ./4g_module/mdm_handler.o
 .text.mod_mqttSslConfgi
                0x0800d694       0x68 ./4g_module/mdm_handler.o
 .text.mod_mqttSslCertUpload
                0x0800d6fc      0x288 ./4g_module/mdm_handler.o
 .text.mod_mqttSslCertDelete
                0x0800d984       0xf0 ./4g_module/mdm_handler.o
 .text.mod_mqttOpen
                0x0800da74      0x194 ./4g_module/mdm_handler.o
 .text.mod_mqttOpenConfig
                0x0800dc08      0x3cc ./4g_module/mdm_handler.o
 .text.mod_gpsCfg
                0x0800dfd4       0xa4 ./4g_module/mdm_handler.o
 .text.mod_gpsEnable
                0x0800e078       0x6c ./4g_module/mdm_handler.o
 .text.mod_4gHandler
                0x0800e0e4      0x2b0 ./4g_module/mdm_handler.o
                0x0800e0e4                mod_4gHandler
 .text.mod_pub10sPackExtractGps
                0x0800e394      0x1e4 ./4g_module/mdm_handler.o
                0x0800e394                mod_pub10sPackExtractGps
 .text.load_descriptor_values
                0x0800e578      0x2d0 ./4g_module/pb_common.o
 .text.advance_iterator
                0x0800e848       0xc0 ./4g_module/pb_common.o
 .text.pb_field_iter_begin
                0x0800e908       0x34 ./4g_module/pb_common.o
                0x0800e908                pb_field_iter_begin
 .text.pb_field_iter_begin_extension
                0x0800e93c       0x60 ./4g_module/pb_common.o
                0x0800e93c                pb_field_iter_begin_extension
 .text.pb_field_iter_next
                0x0800e99c       0x2c ./4g_module/pb_common.o
                0x0800e99c                pb_field_iter_next
 .text.pb_const_cast
                0x0800e9c8       0x1c ./4g_module/pb_common.o
 .text.pb_field_iter_begin_const
                0x0800e9e4       0x28 ./4g_module/pb_common.o
                0x0800e9e4                pb_field_iter_begin_const
 .text.pb_field_iter_begin_extension_const
                0x0800ea0c       0x24 ./4g_module/pb_common.o
                0x0800ea0c                pb_field_iter_begin_extension_const
 .text.pb_default_field_callback
                0x0800ea30       0x6c ./4g_module/pb_common.o
                0x0800ea30                pb_default_field_callback
 .text.buf_write
                0x0800ea9c       0x30 ./4g_module/pb_encode.o
 .text.pb_ostream_from_buffer
                0x0800eacc       0x40 ./4g_module/pb_encode.o
                0x0800eacc                pb_ostream_from_buffer
 .text.pb_write
                0x0800eb0c       0xa0 ./4g_module/pb_encode.o
                0x0800eb0c                pb_write
 .text.safe_read_bool
                0x0800ebac       0x3c ./4g_module/pb_encode.o
 .text.encode_array
                0x0800ebe8      0x2ac ./4g_module/pb_encode.o
 .text.pb_check_proto3_default_value
                0x0800ee94      0x240 ./4g_module/pb_encode.o
 .text.encode_basic_field
                0x0800f0d4       0xe8 ./4g_module/pb_encode.o
 .text.encode_callback_field
                0x0800f1bc       0x54 ./4g_module/pb_encode.o
 .text.encode_field
                0x0800f210       0xe8 ./4g_module/pb_encode.o
 .text.default_extension_encoder
                0x0800f2f8       0x54 ./4g_module/pb_encode.o
 .text.encode_extension_field
                0x0800f34c       0x64 ./4g_module/pb_encode.o
 .text.pb_encode
                0x0800f3b0       0x88 ./4g_module/pb_encode.o
                0x0800f3b0                pb_encode
 .text.pb_encode_varint_32
                0x0800f438       0xdc ./4g_module/pb_encode.o
 .text.pb_encode_varint
                0x0800f514       0x4c ./4g_module/pb_encode.o
                0x0800f514                pb_encode_varint
 .text.pb_encode_svarint
                0x0800f560       0x6c ./4g_module/pb_encode.o
                0x0800f560                pb_encode_svarint
 .text.pb_encode_fixed32
                0x0800f5cc       0x20 ./4g_module/pb_encode.o
                0x0800f5cc                pb_encode_fixed32
 .text.pb_encode_fixed64
                0x0800f5ec       0x20 ./4g_module/pb_encode.o
                0x0800f5ec                pb_encode_fixed64
 .text.pb_encode_tag
                0x0800f60c       0x44 ./4g_module/pb_encode.o
                0x0800f60c                pb_encode_tag
 .text.pb_encode_tag_for_field
                0x0800f650       0x9c ./4g_module/pb_encode.o
                0x0800f650                pb_encode_tag_for_field
 .text.pb_encode_string
                0x0800f6ec       0x40 ./4g_module/pb_encode.o
                0x0800f6ec                pb_encode_string
 .text.pb_encode_submessage
                0x0800f72c      0x11c ./4g_module/pb_encode.o
                0x0800f72c                pb_encode_submessage
 .text.pb_enc_bool
                0x0800f848       0x30 ./4g_module/pb_encode.o
 .text.pb_enc_varint
                0x0800f878      0x168 ./4g_module/pb_encode.o
 .text.pb_enc_fixed
                0x0800f9e0       0x5c ./4g_module/pb_encode.o
 .text.pb_enc_bytes
                0x0800fa3c       0x7c ./4g_module/pb_encode.o
 .text.pb_enc_string
                0x0800fab8       0xbc ./4g_module/pb_encode.o
 .text.pb_enc_submessage
                0x0800fb74       0x8c ./4g_module/pb_encode.o
 .text.pb_enc_fixed_length_bytes
                0x0800fc00       0x28 ./4g_module/pb_encode.o
 .text.uart_debugg
                0x0800fc28       0x14 ./Vcu_Init.o
                0x0800fc28                uart_debugg
 .text.Io_Exp_Init
                0x0800fc3c      0x174 ./Vcu_Init.o
                0x0800fc3c                Io_Exp_Init
 .text.digital_io_setoutputlow
                0x0800fdb0       0x78 ./Vcu_Init.o